10-22 04:00:00.260   692  1674 W AppOpService: Ignored setUidMode call for runtime permission app op: uid = 1001, code = SEND_SMS, mode = allow, callingUid = 1000, oldMode = allow
10-22 04:00:00.260   692  1674 W AppOpService: Ignored setUidMode call for runtime permission app op: uid = 1001, code = READ_CELL_BROADCASTS, mode = allow, callingUid = 1000, oldMode = allow
10-22 04:00:20.060   692   814 D ActivityManager: freezing 1196 com.android.settings
10-22 04:00:20.061   692   814 D ActivityManager: freezing 4393 com.android.keychain
10-22 04:03:43.793   692  1227 W AppOps  : Noting op not finished: uid 10147 pkg com.google.android.gms code 113 startTime of in progress event=1761097596435
10-22 04:03:43.798   692  2028 W AppOps  : Noting op not finished: uid 10147 pkg com.google.android.gms code 79 startTime of in progress event=1761097597272
10-22 04:03:44.795   692  2028 W AppOps  : Noting op not finished: uid 10147 pkg com.google.android.gms code 113 startTime of in progress event=1761097596435
10-22 04:05:31.075   692   932 E ClipboardService: Denying clipboard access to com.android.chrome, application is not in focus nor is it a system service for user 0
10-22 04:05:31.077   692   931 E ClipboardService: Denying clipboard access to com.android.chrome, application is not in focus nor is it a system service for user 0
10-22 04:05:37.680   692   802 I UsageStatsService: User[0] Flushing usage stats to disk
10-22 04:05:37.710   692   920 D BackgroundInstallControlService: Package event received: 0
10-22 04:06:25.529   692   920 D BackgroundInstallControlService: Package event received: 0
10-22 04:06:25.545   692   794 D ActivityManager: sync unfroze 3091 com.google.android.permissioncontroller for 6
10-22 04:07:05.574   692   814 D ActivityManager: freezing 3091 com.google.android.permissioncontroller
10-22 04:07:25.559   692   756 E BluetoothPowerStatsCollector: Cannot acquire BluetoothActivityEnergyInfo
10-22 04:07:25.559   692   756 E BluetoothPowerStatsCollector: java.util.concurrent.ExecutionException: java.lang.RuntimeException: error: 11
10-22 04:07:25.559   692   756 E BluetoothPowerStatsCollector: 	at java.util.concurrent.CompletableFuture.reportGet(CompletableFuture.java:372)
10-22 04:07:25.559   692   756 E BluetoothPowerStatsCollector: 	at java.util.concurrent.CompletableFuture.get(CompletableFuture.java:2072)
10-22 04:07:25.559   692   756 E BluetoothPowerStatsCollector: 	at com.android.server.power.stats.BluetoothPowerStatsCollector.collectBluetoothActivityInfo(BluetoothPowerStatsCollector.java:192)
10-22 04:07:25.559   692   756 E BluetoothPowerStatsCollector: 	at com.android.server.power.stats.BluetoothPowerStatsCollector.collectStats(BluetoothPowerStatsCollector.java:155)
10-22 04:07:25.559   692   756 E BluetoothPowerStatsCollector: 	at com.android.server.power.stats.PowerStatsCollector.collectAndDeliverStats(PowerStatsCollector.java:176)
10-22 04:07:25.559   692   756 E BluetoothPowerStatsCollector: 	at com.android.server.power.stats.PowerStatsCollector$$ExternalSyntheticLambda0.run(R8$$SyntheticClass:0)
10-22 04:07:25.559   692   756 E BluetoothPowerStatsCollector: 	at android.os.Handler.handleCallback(Handler.java:995)
10-22 04:07:25.559   692   756 E BluetoothPowerStatsCollector: 	at android.os.Handler.dispatchMessage(Handler.java:103)
10-22 04:07:25.559   692   756 E BluetoothPowerStatsCollector: 	at android.os.Looper.loopOnce(Looper.java:248)
10-22 04:07:25.559   692   756 E BluetoothPowerStatsCollector: 	at android.os.Looper.loop(Looper.java:338)
10-22 04:07:25.559   692   756 E BluetoothPowerStatsCollector: 	at android.os.HandlerThread.run(HandlerThread.java:85)
10-22 04:07:25.559   692   756 E BluetoothPowerStatsCollector: Caused by: java.lang.RuntimeException: error: 11
10-22 04:07:25.559   692   756 E BluetoothPowerStatsCollector: 	at com.android.server.power.stats.BluetoothPowerStatsCollector$1.onBluetoothActivityEnergyInfoError(BluetoothPowerStatsCollector.java:181)
10-22 04:07:25.559   692   756 E BluetoothPowerStatsCollector: 	at android.bluetooth.BluetoothAdapter$OnBluetoothActivityEnergyInfoProxy.lambda$onBluetoothActivityEnergyInfoAvailable$0(BluetoothAdapter.java:1037)
10-22 04:07:25.559   692   756 E BluetoothPowerStatsCollector: 	at android.bluetooth.BluetoothAdapter$OnBluetoothActivityEnergyInfoProxy$$ExternalSyntheticLambda1.run(D8$$SyntheticClass:0)
10-22 04:07:25.559   692   756 E BluetoothPowerStatsCollector: 	at android.bluetooth.BluetoothUtils.lambda$executeFromBinder$0(BluetoothUtils.java:343)
10-22 04:07:25.559   692   756 E BluetoothPowerStatsCollector: 	at android.bluetooth.BluetoothUtils$$ExternalSyntheticLambda1.run(D8$$SyntheticClass:0)
10-22 04:07:25.559   692   756 E BluetoothPowerStatsCollector: 	at com.android.server.SystemServerInitThreadPool$$ExternalSyntheticLambda0.execute(R8$$SyntheticClass:0)
10-22 04:07:25.559   692   756 E BluetoothPowerStatsCollector: 	at android.bluetooth.BluetoothUtils.executeFromBinder(BluetoothUtils.java:343)
10-22 04:07:25.559   692   756 E BluetoothPowerStatsCollector: 	at android.bluetooth.BluetoothAdapter$OnBluetoothActivityEnergyInfoProxy.onBluetoothActivityEnergyInfoAvailable(BluetoothAdapter.java:1035)
10-22 04:07:25.559   692   756 E BluetoothPowerStatsCollector: 	at android.bluetooth.IBluetoothActivityEnergyInfoListener$Stub.onTransact(IBluetoothActivityEnergyInfoListener.java:98)
10-22 04:07:25.559   692   756 E BluetoothPowerStatsCollector: 	at android.os.Binder.execTransactInternal(Binder.java:1426)
10-22 04:07:25.559   692   756 E BluetoothPowerStatsCollector: 	at android.os.Binder.execTransact(Binder.java:1365)
10-22 04:08:44.997   692   746 D ActivityManager: sync unfroze 8058 com.google.android.googlequicksearchbox:search for 3
10-22 04:08:44.999   692   920 D BackgroundInstallControlService: Package event received: 0
10-22 04:08:45.000   692   920 D BackgroundInstallControlService: Package event received: 0
10-22 04:08:45.001   692   746 D ActivityManager: sync unfroze 7432 com.google.android.googlequicksearchbox:googleapp for 10
10-22 04:08:45.023   692   745 I ProcessStatsService: Pruning old procstats: /data/system/procstats/state-v2-2025-09-28-20-54-43.bin
10-22 04:09:01.920   692   920 D BackgroundInstallControlService: Package event received: 0
10-22 04:09:01.920   692   920 D BackgroundInstallControlService: Package event received: 0
10-22 04:09:01.921   692   920 D BackgroundInstallControlService: Package event received: 0
10-22 04:09:01.921   692   920 D BackgroundInstallControlService: Package event received: 0
10-22 04:09:01.921   692   920 D BackgroundInstallControlService: Package event received: 0
10-22 04:09:01.921   692   920 D BackgroundInstallControlService: Package event received: 0
10-22 04:09:01.921   692   920 D BackgroundInstallControlService: Package event received: 0
10-22 04:09:02.448   692   794 W AppOps  : Noting op not finished: uid 10147 pkg com.google.android.gms code 113 startTime of in progress event=1761097596435
10-22 04:09:02.452   692   794 W AppOps  : Noting op not finished: uid 10147 pkg com.google.android.gms code 79 startTime of in progress event=1761097597272
10-22 04:09:03.450   692  1227 W AppOps  : Noting op not finished: uid 10147 pkg com.google.android.gms code 113 startTime of in progress event=1761097596435
10-22 04:09:05.077   692   814 D ActivityManager: freezing 7432 com.google.android.googlequicksearchbox:googleapp
10-22 04:09:05.077   692   814 D ActivityManager: freezing 8058 com.google.android.googlequicksearchbox:search
10-22 04:09:09.952   692  1181 D ActivityManager: sync unfroze 1602 com.google.android.gms for 6
10-22 04:09:09.977   692  1181 D ActivityManager: sync unfroze 3356 com.google.android.adservices.api for 6
10-22 04:09:09.984   692  1181 D ActivityManager: sync unfroze 2224 com.google.android.gms.unstable for 6
10-22 04:09:09.997   692  1181 W ProcessStats: Tracking association SourceState{fa74e8a com.google.android.gms/10147 ImpBg #10034} whose proc state 6 is better than process ProcessState{d9cbd57 com.google.android.adservices.api/10199 pkg=com.google.android.adservices.api} proc state 14 (3 skipped)
10-22 04:09:10.065   692   920 D BackgroundInstallControlService: Package event received: 0
10-22 04:09:20.720   692   814 D ActivityManager: freezing 1602 com.google.android.gms
10-22 04:09:20.721   692   814 D ActivityManager: freezing 3356 com.google.android.adservices.api
10-22 04:09:25.163   692   814 D ActivityManager: freezing 2224 com.google.android.gms.unstable
10-22 04:10:51.985   692   803 D ActivityManager: sync unfroze 1671 com.google.android.settings.intelligence for 6
10-22 04:10:51.991   692   794 W ProcessStats: Tracking association SourceState{d7dc151 system/1000 ImpBg #10057} whose proc state 6 is better than process ProcessState{10db80e com.google.android.settings.intelligence/10144 pkg=com.google.android.settings.intelligence} proc state 14 (25 skipped)
10-22 04:11:02.053   692   814 D ActivityManager: freezing 1671 com.google.android.settings.intelligence
10-22 04:14:21.146   692   794 W AppOps  : Noting op not finished: uid 10147 pkg com.google.android.gms code 113 startTime of in progress event=1761097596435
10-22 04:14:21.154   692  1181 W AppOps  : Noting op not finished: uid 10147 pkg com.google.android.gms code 79 startTime of in progress event=1761097597272
10-22 04:14:22.148   692  1184 W AppOps  : Noting op not finished: uid 10147 pkg com.google.android.gms code 113 startTime of in progress event=1761097596435
10-22 04:15:17.628   692   756 E BluetoothPowerStatsCollector: Cannot acquire BluetoothActivityEnergyInfo
10-22 04:15:17.628   692   756 E BluetoothPowerStatsCollector: java.util.concurrent.ExecutionException: java.lang.RuntimeException: error: 11
10-22 04:15:17.628   692   756 E BluetoothPowerStatsCollector: 	at java.util.concurrent.CompletableFuture.reportGet(CompletableFuture.java:372)
10-22 04:15:17.628   692   756 E BluetoothPowerStatsCollector: 	at java.util.concurrent.CompletableFuture.get(CompletableFuture.java:2072)
10-22 04:15:17.628   692   756 E BluetoothPowerStatsCollector: 	at com.android.server.power.stats.BluetoothPowerStatsCollector.collectBluetoothActivityInfo(BluetoothPowerStatsCollector.java:192)
10-22 04:15:17.628   692   756 E BluetoothPowerStatsCollector: 	at com.android.server.power.stats.BluetoothPowerStatsCollector.collectStats(BluetoothPowerStatsCollector.java:155)
10-22 04:15:17.628   692   756 E BluetoothPowerStatsCollector: 	at com.android.server.power.stats.PowerStatsCollector.collectAndDeliverStats(PowerStatsCollector.java:176)
10-22 04:15:17.628   692   756 E BluetoothPowerStatsCollector: 	at com.android.server.power.stats.PowerStatsCollector$$ExternalSyntheticLambda0.run(R8$$SyntheticClass:0)
10-22 04:15:17.628   692   756 E BluetoothPowerStatsCollector: 	at android.os.Handler.handleCallback(Handler.java:995)
10-22 04:15:17.628   692   756 E BluetoothPowerStatsCollector: 	at android.os.Handler.dispatchMessage(Handler.java:103)
10-22 04:15:17.628   692   756 E BluetoothPowerStatsCollector: 	at android.os.Looper.loopOnce(Looper.java:248)
10-22 04:15:17.628   692   756 E BluetoothPowerStatsCollector: 	at android.os.Looper.loop(Looper.java:338)
10-22 04:15:17.628   692   756 E BluetoothPowerStatsCollector: 	at android.os.HandlerThread.run(HandlerThread.java:85)
10-22 04:15:17.628   692   756 E BluetoothPowerStatsCollector: Caused by: java.lang.RuntimeException: error: 11
10-22 04:15:17.628   692   756 E BluetoothPowerStatsCollector: 	at com.android.server.power.stats.BluetoothPowerStatsCollector$1.onBluetoothActivityEnergyInfoError(BluetoothPowerStatsCollector.java:181)
10-22 04:15:17.628   692   756 E BluetoothPowerStatsCollector: 	at android.bluetooth.BluetoothAdapter$OnBluetoothActivityEnergyInfoProxy.lambda$onBluetoothActivityEnergyInfoAvailable$0(BluetoothAdapter.java:1037)
10-22 04:15:17.628   692   756 E BluetoothPowerStatsCollector: 	at android.bluetooth.BluetoothAdapter$OnBluetoothActivityEnergyInfoProxy$$ExternalSyntheticLambda1.run(D8$$SyntheticClass:0)
10-22 04:15:17.628   692   756 E BluetoothPowerStatsCollector: 	at android.bluetooth.BluetoothUtils.lambda$executeFromBinder$0(BluetoothUtils.java:343)
10-22 04:15:17.628   692   756 E BluetoothPowerStatsCollector: 	at android.bluetooth.BluetoothUtils$$ExternalSyntheticLambda1.run(D8$$SyntheticClass:0)
10-22 04:15:17.628   692   756 E BluetoothPowerStatsCollector: 	at com.android.server.SystemServerInitThreadPool$$ExternalSyntheticLambda0.execute(R8$$SyntheticClass:0)
10-22 04:15:17.628   692   756 E BluetoothPowerStatsCollector: 	at android.bluetooth.BluetoothUtils.executeFromBinder(BluetoothUtils.java:343)
10-22 04:15:17.628   692   756 E BluetoothPowerStatsCollector: 	at android.bluetooth.BluetoothAdapter$OnBluetoothActivityEnergyInfoProxy.onBluetoothActivityEnergyInfoAvailable(BluetoothAdapter.java:1035)
10-22 04:15:17.628   692   756 E BluetoothPowerStatsCollector: 	at android.bluetooth.IBluetoothActivityEnergyInfoListener$Stub.onTransact(IBluetoothActivityEnergyInfoListener.java:98)
10-22 04:15:17.628   692   756 E BluetoothPowerStatsCollector: 	at android.os.Binder.execTransactInternal(Binder.java:1426)
10-22 04:15:17.628   692   756 E BluetoothPowerStatsCollector: 	at android.os.Binder.execTransact(Binder.java:1365)
10-22 04:19:39.279   692   920 D BackgroundInstallControlService: Package event received: 0
10-22 04:19:39.797   692  1227 W AppOps  : Noting op not finished: uid 10147 pkg com.google.android.gms code 113 startTime of in progress event=1761097596435
10-22 04:19:39.801   692  2003 W AppOps  : Noting op not finished: uid 10147 pkg com.google.android.gms code 79 startTime of in progress event=1761097597272
10-22 04:19:40.800   692   794 W AppOps  : Noting op not finished: uid 10147 pkg com.google.android.gms code 113 startTime of in progress event=1761097596435
10-22 04:24:57.967   692   803 D ActivityManager: sync unfroze 6825 com.google.android.apps.messaging for 6
10-22 04:24:57.978   692  1996 W ProcessStats: Tracking association SourceState{d3de6f3 system/1000 ImpBg #10091} whose proc state 6 is better than process ProcessState{e1e6b11 com.google.android.apps.messaging/10146 pkg=com.google.android.apps.messaging} proc state 14 (4 skipped)
10-22 04:24:58.453   692  2003 W AppOps  : Noting op not finished: uid 10147 pkg com.google.android.gms code 113 startTime of in progress event=1761097596435
10-22 04:24:58.457   692  1996 W AppOps  : Noting op not finished: uid 10147 pkg com.google.android.gms code 79 startTime of in progress event=1761097597272
10-22 04:24:59.456   692  2028 W AppOps  : Noting op not finished: uid 10147 pkg com.google.android.gms code 113 startTime of in progress event=1761097596435
10-22 04:25:08.102   692   814 D ActivityManager: freezing 6825 com.google.android.apps.messaging
10-22 04:25:37.734   692   802 I UsageStatsService: User[0] Flushing usage stats to disk
10-22 04:25:37.762   692   920 D BackgroundInstallControlService: Package event received: 0
10-22 04:26:12.704   692   920 D BackgroundInstallControlService: Package event received: 0
10-22 04:26:12.704   692   920 D BackgroundInstallControlService: Package event received: 0
10-22 04:26:12.704   692   920 D BackgroundInstallControlService: Package event received: 0
10-22 04:26:12.704   692   920 D BackgroundInstallControlService: Package event received: 0
10-22 04:26:12.704   692   920 D BackgroundInstallControlService: Package event received: 0
10-22 04:26:12.704   692   920 D BackgroundInstallControlService: Package event received: 0
10-22 04:26:12.704   692   920 D BackgroundInstallControlService: Package event received: 0
10-22 04:26:12.704   692   920 D BackgroundInstallControlService: Package event received: 0
10-22 04:30:16.571   692   920 D BackgroundInstallControlService: Package event received: 0
10-22 04:30:17.127   692  1996 W AppOps  : Noting op not finished: uid 10147 pkg com.google.android.gms code 113 startTime of in progress event=1761097596435
10-22 04:30:17.132   692  2003 W AppOps  : Noting op not finished: uid 10147 pkg com.google.android.gms code 79 startTime of in progress event=1761097597272
10-22 04:30:18.129   692  1996 W AppOps  : Noting op not finished: uid 10147 pkg com.google.android.gms code 113 startTime of in progress event=1761097596435
10-22 04:35:35.783   692  1996 W AppOps  : Noting op not finished: uid 10147 pkg com.google.android.gms code 113 startTime of in progress event=1761097596435
10-22 04:35:35.787   692  2028 W AppOps  : Noting op not finished: uid 10147 pkg com.google.android.gms code 79 startTime of in progress event=1761097597272
10-22 04:35:36.785   692  2028 W AppOps  : Noting op not finished: uid 10147 pkg com.google.android.gms code 113 startTime of in progress event=1761097596435
10-22 04:40:52.009   692   920 D BackgroundInstallControlService: Package event received: 0
10-22 04:40:54.437   692  1181 W AppOps  : Noting op not finished: uid 10147 pkg com.google.android.gms code 113 startTime of in progress event=1761097596435
10-22 04:40:54.445   692  2003 W AppOps  : Noting op not finished: uid 10147 pkg com.google.android.gms code 79 startTime of in progress event=1761097597272
10-22 04:40:55.441   692  2003 W AppOps  : Noting op not finished: uid 10147 pkg com.google.android.gms code 113 startTime of in progress event=1761097596435
10-22 04:45:17.644   692   756 E BluetoothPowerStatsCollector: Cannot acquire BluetoothActivityEnergyInfo
10-22 04:45:17.644   692   756 E BluetoothPowerStatsCollector: java.util.concurrent.ExecutionException: java.lang.RuntimeException: error: 11
10-22 04:45:17.644   692   756 E BluetoothPowerStatsCollector: 	at java.util.concurrent.CompletableFuture.reportGet(CompletableFuture.java:372)
10-22 04:45:17.644   692   756 E BluetoothPowerStatsCollector: 	at java.util.concurrent.CompletableFuture.get(CompletableFuture.java:2072)
10-22 04:45:17.644   692   756 E BluetoothPowerStatsCollector: 	at com.android.server.power.stats.BluetoothPowerStatsCollector.collectBluetoothActivityInfo(BluetoothPowerStatsCollector.java:192)
10-22 04:45:17.644   692   756 E BluetoothPowerStatsCollector: 	at com.android.server.power.stats.BluetoothPowerStatsCollector.collectStats(BluetoothPowerStatsCollector.java:155)
10-22 04:45:17.644   692   756 E BluetoothPowerStatsCollector: 	at com.android.server.power.stats.PowerStatsCollector.collectAndDeliverStats(PowerStatsCollector.java:176)
10-22 04:45:17.644   692   756 E BluetoothPowerStatsCollector: 	at com.android.server.power.stats.PowerStatsCollector$$ExternalSyntheticLambda0.run(R8$$SyntheticClass:0)
10-22 04:45:17.644   692   756 E BluetoothPowerStatsCollector: 	at android.os.Handler.handleCallback(Handler.java:995)
10-22 04:45:17.644   692   756 E BluetoothPowerStatsCollector: 	at android.os.Handler.dispatchMessage(Handler.java:103)
10-22 04:45:17.644   692   756 E BluetoothPowerStatsCollector: 	at android.os.Looper.loopOnce(Looper.java:248)
10-22 04:45:17.644   692   756 E BluetoothPowerStatsCollector: 	at android.os.Looper.loop(Looper.java:338)
10-22 04:45:17.644   692   756 E BluetoothPowerStatsCollector: 	at android.os.HandlerThread.run(HandlerThread.java:85)
10-22 04:45:17.644   692   756 E BluetoothPowerStatsCollector: Caused by: java.lang.RuntimeException: error: 11
10-22 04:45:17.644   692   756 E BluetoothPowerStatsCollector: 	at com.android.server.power.stats.BluetoothPowerStatsCollector$1.onBluetoothActivityEnergyInfoError(BluetoothPowerStatsCollector.java:181)
10-22 04:45:17.644   692   756 E BluetoothPowerStatsCollector: 	at android.bluetooth.BluetoothAdapter$OnBluetoothActivityEnergyInfoProxy.lambda$onBluetoothActivityEnergyInfoAvailable$0(BluetoothAdapter.java:1037)
10-22 04:45:17.644   692   756 E BluetoothPowerStatsCollector: 	at android.bluetooth.BluetoothAdapter$OnBluetoothActivityEnergyInfoProxy$$ExternalSyntheticLambda1.run(D8$$SyntheticClass:0)
10-22 04:45:17.644   692   756 E BluetoothPowerStatsCollector: 	at android.bluetooth.BluetoothUtils.lambda$executeFromBinder$0(BluetoothUtils.java:343)
10-22 04:45:17.644   692   756 E BluetoothPowerStatsCollector: 	at android.bluetooth.BluetoothUtils$$ExternalSyntheticLambda1.run(D8$$SyntheticClass:0)
10-22 04:45:17.644   692   756 E BluetoothPowerStatsCollector: 	at com.android.server.SystemServerInitThreadPool$$ExternalSyntheticLambda0.execute(R8$$SyntheticClass:0)
10-22 04:45:17.644   692   756 E BluetoothPowerStatsCollector: 	at android.bluetooth.BluetoothUtils.executeFromBinder(BluetoothUtils.java:343)
10-22 04:45:17.644   692   756 E BluetoothPowerStatsCollector: 	at android.bluetooth.BluetoothAdapter$OnBluetoothActivityEnergyInfoProxy.onBluetoothActivityEnergyInfoAvailable(BluetoothAdapter.java:1035)
10-22 04:45:17.644   692   756 E BluetoothPowerStatsCollector: 	at android.bluetooth.IBluetoothActivityEnergyInfoListener$Stub.onTransact(IBluetoothActivityEnergyInfoListener.java:98)
10-22 04:45:17.644   692   756 E BluetoothPowerStatsCollector: 	at android.os.Binder.execTransactInternal(Binder.java:1426)
10-22 04:45:17.644   692   756 E BluetoothPowerStatsCollector: 	at android.os.Binder.execTransact(Binder.java:1365)
10-22 04:45:37.853   692   802 I UsageStatsService: User[0] Flushing usage stats to disk
10-22 04:45:37.884   692   920 D BackgroundInstallControlService: Package event received: 0
10-22 04:46:12.597   692   803 D ActivityManager: sync unfroze 4417 com.android.vending:background for 6
10-22 04:46:12.609   692   803 D ActivityManager: sync unfroze 4379 com.android.vending for 6
10-22 04:46:12.662   692  1181 W ProcessStats: Tracking association SourceState{e9ceb3a com.android.vending/10145 ImpBg #10146} whose proc state 6 is better than process ProcessState{15803eb com.android.vending:background/10145 pkg=com.android.vending} proc state 14 (0 skipped)
10-22 04:46:12.708   692   803 D ActivityManager: sync unfroze 3356 com.google.android.adservices.api for 6
10-22 04:46:12.760   692   803 W JobServiceContext: Sending onNetworkChanged for a job that isn't started. JobStatus{dfcd46c #u0a199/24 com.google.android.adservices.api/com.android.adservices.service.measurement.reporting.VerboseDebugReportingFallbackJobService u=0 s=10199 TIME=-35s393ms:+59m24s607ms NET PERIODIC PERSISTED READY}
10-22 04:46:12.761   692   803 W JobServiceContext: Sending onNetworkChanged for a job that isn't started. JobStatus{df2e563 #u0a199/19 com.google.android.adservices.api/com.android.adservices.spe.AdServicesJobService u=0 s=10199 TIME=-35s396ms:+59m24s604ms NET BATNOTLOW PERIODIC PERSISTED READY}
10-22 04:46:12.762   692   803 W JobServiceContext: Sending onNetworkChanged for a job that isn't started. JobStatus{85f25bb #u0a199/25 com.google.android.adservices.api/com.android.adservices.service.measurement.reporting.DebugReportingFallbackJobService u=0 s=10199 TIME=-35s397ms:+59m24s603ms NET PERIODIC PERSISTED READY}
10-22 04:46:12.764   692   803 W JobServiceContext: Sending onNetworkChanged for a job that isn't started. JobStatus{3ebb6f2 #u0a199/7 com.google.android.adservices.api/com.android.adservices.service.measurement.reporting.AggregateReportingJobService u=0 s=10199 TIME=-35s398ms:+59m24s602ms NET BATNOTLOW PERIODIC PERSISTED READY}
10-22 04:46:12.924   692   920 D BackgroundInstallControlService: Package event received: 0
10-22 04:46:12.924   692   920 D BackgroundInstallControlService: Package event received: 0
10-22 04:46:12.925   692   920 D BackgroundInstallControlService: Package event received: 0
10-22 04:46:12.931   692   920 D BackgroundInstallControlService: Package event received: 0
10-22 04:46:12.931   692   920 D BackgroundInstallControlService: Package event received: 0
10-22 04:46:12.931   692   920 D BackgroundInstallControlService: Package event received: 0
10-22 04:46:12.931   692   920 D BackgroundInstallControlService: Package event received: 0
10-22 04:46:12.932   692   920 D BackgroundInstallControlService: Package event received: 0
10-22 04:46:13.096   692  2028 W AppOps  : Noting op not finished: uid 10147 pkg com.google.android.gms code 113 startTime of in progress event=1761097596435
10-22 04:46:13.105   692   920 D BackgroundInstallControlService: Package event received: 0
10-22 04:46:13.106   692  1227 W AppOps  : Noting op not finished: uid 10147 pkg com.google.android.gms code 79 startTime of in progress event=1761097597272
10-22 04:46:13.108   692  2003 D ActivityManager: sync unfroze 1602 com.google.android.gms for 6
10-22 04:46:13.109   692  2003 D ActivityManager: sync unfroze 2224 com.google.android.gms.unstable for 6
10-22 04:46:14.096   692   794 W AppOps  : Noting op not finished: uid 10147 pkg com.google.android.gms code 113 startTime of in progress event=1761097596435
10-22 04:46:14.267   692   794 D ActivityManager: sync unfroze 4674 com.android.vending:quick_launch for 6
10-22 04:46:14.996   692   794 D ActivityManager: sync unfroze 8152 com.android.vending:instant_app_installer for 6
10-22 04:46:15.012   692   920 D BackgroundInstallControlService: Package event received: 0
10-22 04:46:15.129   692   920 D BackgroundInstallControlService: Package event received: 0
10-22 04:46:15.691   692   746 D ActivityManager: sync unfroze 5813 com.google.android.partnersetup for 3
10-22 04:46:16.182  1602  9545 V Configuration: Updating configuration, locales updated from [] to [en_US]
10-22 04:46:16.208  1602  9545 V Configuration: Updating configuration, locales updated from [] to [en_US]
10-22 04:46:16.259  1602  9545 V Configuration: Updating configuration, locales updated from [] to [en_US]
10-22 04:46:16.420  1602  9545 V Configuration: Updating configuration, locales updated from [] to [en_US]
10-22 04:46:16.462  1602  9545 V Configuration: Updating configuration, locales updated from [] to [en_US]
10-22 04:46:16.476   692   920 D BackgroundInstallControlService: Package event received: 0
10-22 04:46:16.482  1602  9545 V Configuration: Updating configuration, locales updated from [] to [en_US]
10-22 04:46:16.492   692  1674 D ActivityManager: sync unfroze 4306 com.google.android.rkpdapp for 6
10-22 04:46:16.500  1602  9545 V Configuration: Updating configuration, locales updated from [] to [en_US]
10-22 04:46:16.501   692   920 D BackgroundInstallControlService: Package event received: 0
10-22 04:46:16.509  4306  4306 D ActivityThread: Package [com.google.android.googlequicksearchbox] reported as REPLACED, but missing application info. Assuming REMOVED.
10-22 04:46:16.515  4306  4306 D ActivityThread: Package [com.google.android.googlequicksearchbox] reported as REPLACED, but missing application info. Assuming REMOVED.
10-22 04:46:16.521  1602  9545 V Configuration: Updating configuration, locales updated from [] to [en_US]
10-22 04:46:16.526  4306  4306 D ActivityThread: Package [com.google.android.youtube] reported as REPLACED, but missing application info. Assuming REMOVED.
10-22 04:46:16.530  4306  4306 D ActivityThread: Package [com.google.android.youtube] reported as REPLACED, but missing application info. Assuming REMOVED.
10-22 04:46:16.536  4306  4306 D ActivityThread: Package [com.google.android.contacts] reported as REPLACED, but missing application info. Assuming REMOVED.
10-22 04:46:16.538  1602  9545 V Configuration: Updating configuration, locales updated from [] to [en_US]
10-22 04:46:16.541  4306  4306 D ActivityThread: Package [com.google.android.contacts] reported as REPLACED, but missing application info. Assuming REMOVED.
10-22 04:46:16.545  4306  4306 D ActivityThread: Package [com.google.android.accessibility.switchaccess] reported as REPLACED, but missing application info. Assuming REMOVED.
10-22 04:46:16.546  4306  4306 D ActivityThread: Package [com.google.android.accessibility.switchaccess] reported as REPLACED, but missing application info. Assuming REMOVED.
10-22 04:46:16.558  4306  4306 D ActivityThread: Package [com.google.android.gm] reported as REPLACED, but missing application info. Assuming REMOVED.
10-22 04:46:16.562  1602  9545 V Configuration: Updating configuration, locales updated from [] to [en_US]
10-22 04:46:16.564  4306  4306 D ActivityThread: Package [com.google.android.gm] reported as REPLACED, but missing application info. Assuming REMOVED.
10-22 04:46:16.565  4306  4306 D ActivityThread: Package [com.google.android.inputmethod.latin] reported as REPLACED, but missing application info. Assuming REMOVED.
10-22 04:46:16.566  4306  4306 D ActivityThread: Package [com.google.android.inputmethod.latin] reported as REPLACED, but missing application info. Assuming REMOVED.
10-22 04:46:16.568  4306  4306 D ActivityThread: Package [com.google.android.calendar] reported as REPLACED, but missing application info. Assuming REMOVED.
10-22 04:46:16.571  4306  4306 D ActivityThread: Package [com.google.android.calendar] reported as REPLACED, but missing application info. Assuming REMOVED.
10-22 04:46:16.834  1602  7499 V Configuration: Updating configuration, locales updated from [] to [en_US]
10-22 04:46:16.839  1602  7499 V Configuration: Updating configuration, locales updated from [] to [en_US]
10-22 04:46:16.844  1602  7499 V Configuration: Updating configuration, locales updated from [] to [en_US]
10-22 04:46:16.854  1602  7499 V Configuration: Updating configuration, locales updated from [] to [en_US]
10-22 04:46:16.858  1602  7499 V Configuration: Updating configuration, locales updated from [] to [en_US]
10-22 04:46:16.866  1602  7499 V Configuration: Updating configuration, locales updated from [] to [en_US]
10-22 04:46:16.867  1602  7499 V Configuration: Updating configuration, locales updated from [] to [en_US]
10-22 04:46:16.877  1602  7499 V Configuration: Updating configuration, locales updated from [] to [en_US]
10-22 04:46:16.888  1602  7499 V Configuration: Updating configuration, locales updated from [] to [en_US]
10-22 04:46:16.890  1602  7499 V Configuration: Updating configuration, locales updated from [] to [en_US]
10-22 04:46:17.843   692   746 D ActivityManager: sync unfroze 5622 com.android.chrome for 3
10-22 04:46:19.755   692  2072 W ActivityManager: Slow operation: 51ms so far, now at startProcess: done starting proc!
10-22 04:46:20.168   692   747 W ActivityManager: Slow operation: 415ms so far, now at startProcess: returned from zygote!
10-22 04:46:20.168   692   747 W ActivityManager: Slow operation: 416ms so far, now at startProcess: done updating battery stats
10-22 04:46:20.168   692   747 W ActivityManager: Slow operation: 416ms so far, now at startProcess: building log message
10-22 04:46:20.168   692   747 I ActivityManager: Start proc 9596:com.android.chrome:sandboxed_process0:org.chromium.content.app.SandboxedProcessService0:0/u0ai0 for  {com.android.chrome/org.chromium.content.app.SandboxedProcessService0:0}
10-22 04:46:20.169   692   747 W ActivityManager: Slow operation: 416ms so far, now at startProcess: starting to update pids map
10-22 04:46:20.173   692   747 I ActivityManager: ProcessObserver broadcast disabled
10-22 04:46:20.173   692   747 W ActivityManager: Slow operation: 421ms so far, now at startProcess: done updating pids map
10-22 04:46:20.289   692  2072 W ActivityManager: Slow operation: 54ms so far, now at attachApplicationLocked: after updateOomAdjLocked
10-22 04:46:20.546   692  2072 I ActivityManager: Killing 9596:com.android.chrome:sandboxed_process0:org.chromium.content.app.SandboxedProcessService0:0/u0a150i-9000 (adj 0): isolated not needed
10-22 04:46:20.682   692  1970 W ActivityManager: Slow operation: 56ms so far, now at startProcess: done updating battery stats
10-22 04:46:20.682   692  1970 W ActivityManager: Slow operation: 56ms so far, now at startProcess: building log message
10-22 04:46:20.682   692  1970 I ActivityManager: Start proc 9612:com.android.chrome:sandboxed_process0:org.chromium.content.app.SandboxedProcessService0:1/u0ai1 for  {com.android.chrome/org.chromium.content.app.SandboxedProcessService0:1}
10-22 04:46:20.682   692  1970 W ActivityManager: Slow operation: 56ms so far, now at startProcess: starting to update pids map
10-22 04:46:20.682   692  1970 I ActivityManager: ProcessObserver broadcast disabled
10-22 04:46:20.682   692  1970 W ActivityManager: Slow operation: 57ms so far, now at startProcess: done updating pids map
10-22 04:46:20.691   692   747 W ActivityManager: Slow operation: 66ms so far, now at startProcess: returned from zygote!
10-22 04:46:20.882   692  2072 I ActivityManager: Killing 9612:com.android.chrome:sandboxed_process0:org.chromium.content.app.SandboxedProcessService0:1/u0a150i-8999 (adj 0): isolated not needed
10-22 04:46:21.401   692  2072 I ActivityManager: Start proc 9628:com.android.chrome:sandboxed_process0:org.chromium.content.app.SandboxedProcessService0:2/u0ai2 for  {com.android.chrome/org.chromium.content.app.SandboxedProcessService0:2}
10-22 04:46:21.401   692  2072 I ActivityManager: ProcessObserver broadcast disabled
10-22 04:46:21.467   692  1674 I ActivityManager: Killing 9628:com.android.chrome:sandboxed_process0:org.chromium.content.app.SandboxedProcessService0:2/u0a150i-8998 (adj 0): isolated not needed
10-22 04:46:22.203   692  1674 I ActivityManager: Start proc 9644:com.android.chrome:sandboxed_process0:org.chromium.content.app.SandboxedProcessService0:3/u0ai3 for  {com.android.chrome/org.chromium.content.app.SandboxedProcessService0:3}
10-22 04:46:22.204   692  1674 I ActivityManager: ProcessObserver broadcast disabled
10-22 04:46:22.314   692  2072 I ActivityManager: Process com.android.chrome:sandboxed_process0:org.chromium.content.app.SandboxedProcessService0:3 (pid 9644) has died: cch+6 CEM 
10-22 04:46:22.321   692  2072 W ActivityManager: Scheduling restart of crashed service com.android.chrome/org.chromium.content.app.SandboxedProcessService0:3 in 1000ms for connection
10-22 04:46:22.348   692  1226 W ActivityManager: Slow operation: 57ms so far, now at startProcess: done updating battery stats
10-22 04:46:22.348   692  1226 W ActivityManager: Slow operation: 57ms so far, now at startProcess: building log message
10-22 04:46:22.348   692  1226 I ActivityManager: Start proc 9662:com.android.chrome:sandboxed_process0:org.chromium.content.app.SandboxedProcessService0:4/u0ai4 for  {com.android.chrome/org.chromium.content.app.SandboxedProcessService0:4}
10-22 04:46:22.349   692  1226 W ActivityManager: Slow operation: 57ms so far, now at startProcess: starting to update pids map
10-22 04:46:22.349   692   747 W ActivityManager: Slow operation: 57ms so far, now at startProcess: returned from zygote!
10-22 04:46:22.349   692  1226 I ActivityManager: ProcessObserver broadcast disabled
10-22 04:46:22.349   692  1226 W ActivityManager: Slow operation: 57ms so far, now at startProcess: done updating pids map
10-22 04:46:22.455   692  1970 I ActivityManager: Killing 9662:com.android.chrome:sandboxed_process0:org.chromium.content.app.SandboxedProcessService0:4/u0a150i-8996 (adj 0): isolated not needed
10-22 04:46:22.669   692   793 I ActivityManager: Start proc 9680:com.android.chrome:sandboxed_process0:org.chromium.content.app.SandboxedProcessService0:5/u0ai5 for  {com.android.chrome/org.chromium.content.app.SandboxedProcessService0:5}
10-22 04:46:22.669   692   793 I ActivityManager: ProcessObserver broadcast disabled
10-22 04:46:22.750   692  1226 I ActivityManager: Process com.android.chrome:sandboxed_process0:org.chromium.content.app.SandboxedProcessService0:5 (pid 9680) has died: cch+6 CEM 
10-22 04:46:22.751   692  1226 W ActivityManager: Scheduling restart of crashed service com.android.chrome/org.chromium.content.app.SandboxedProcessService0:5 in 1000ms for connection
10-22 04:46:22.768   692  1226 I ActivityManager: Start proc 9697:com.android.chrome:sandboxed_process0:org.chromium.content.app.SandboxedProcessService0:6/u0ai6 for  {com.android.chrome/org.chromium.content.app.SandboxedProcessService0:6}
10-22 04:46:22.768   692  1226 I ActivityManager: ProcessObserver broadcast disabled
10-22 04:46:22.882   692  2072 I ActivityManager: Killing 9697:com.android.chrome:sandboxed_process0:org.chromium.content.app.SandboxedProcessService0:6/u0a150i-8994 (adj 0): isolated not needed
10-22 04:46:25.709   692   803 D ActivityManager: sync unfroze 8120 com.google.android.configupdater for 6
10-22 04:46:25.713   692   814 D ActivityManager: freezing 8152 com.android.vending:instant_app_installer
10-22 04:46:25.717   692  2072 W ProcessStats: Tracking association SourceState{cb01719 system/1000 ImpBg #10332} whose proc state 6 is better than process ProcessState{5702a6b com.google.android.configupdater/10133 pkg=com.google.android.configupdater} proc state 14 (142 skipped)
10-22 04:46:25.731   692  1226 W JobScheduler: Job didn't exist in JobStore: 966136 #u0a133/1 com.google.android.configupdater/.MainJobService
10-22 04:46:26.732   692   814 D ActivityManager: freezing 4306 com.google.android.rkpdapp
10-22 04:46:27.602   270  9552 I keystore2: system/security/keystore2/watchdog/src/lib.rs:377 - Watchdog thread idle -> terminating. Have a great day.
10-22 04:46:28.181   692   814 D ActivityManager: freezing 5813 com.google.android.partnersetup
10-22 04:46:28.637   692   814 D ActivityManager: freezing 5622 com.android.chrome
10-22 04:46:32.372   692   814 D ActivityManager: freezing 4379 com.android.vending
10-22 04:46:32.373   692   814 D ActivityManager: freezing 4417 com.android.vending:background
10-22 04:46:32.374   692   814 D ActivityManager: freezing 4674 com.android.vending:quick_launch
10-22 04:46:35.761   692   814 D ActivityManager: freezing 8120 com.google.android.configupdater
10-22 04:46:52.404   692   814 D ActivityManager: freezing 1602 com.google.android.gms
10-22 04:46:52.405   692   814 D ActivityManager: freezing 2224 com.google.android.gms.unstable
10-22 04:46:52.406   692   814 D ActivityManager: freezing 3356 com.google.android.adservices.api
10-22 04:47:08.722   692  2072 D ActivityManager: sync unfroze 1602 com.google.android.gms for 6
10-22 04:47:08.725   692  2072 D ActivityManager: sync unfroze 2224 com.google.android.gms.unstable for 6
10-22 04:47:08.726   692  2072 D ActivityManager: sync unfroze 3356 com.google.android.adservices.api for 6
10-22 04:47:08.739   692  2072 W ProcessStats: Tracking association SourceState{fa74e8a com.google.android.gms/10147 ImpBg #10357} whose proc state 6 is better than process ProcessState{d9cbd57 com.google.android.adservices.api/10199 pkg=com.google.android.adservices.api} proc state 14 (0 skipped)
10-22 04:47:18.822   692   814 D ActivityManager: freezing 1602 com.google.android.gms
10-22 04:47:18.823   692   814 D ActivityManager: freezing 2224 com.google.android.gms.unstable
10-22 04:47:18.824   692   814 D ActivityManager: freezing 3356 com.google.android.adservices.api
10-22 04:47:53.257   692   803 D ActivityManager: sync unfroze 4379 com.android.vending for 6
10-22 04:47:53.266   692   803 D ActivityManager: sync unfroze 1602 com.google.android.gms for 6
10-22 04:47:53.283   692   803 D ActivityManager: sync unfroze 4417 com.android.vending:background for 6
10-22 04:47:53.285   692   803 D ActivityManager: sync unfroze 4674 com.android.vending:quick_launch for 6
10-22 04:47:53.301   692   803 D ActivityManager: sync unfroze 2224 com.google.android.gms.unstable for 6
10-22 04:47:53.301   692   803 D ActivityManager: sync unfroze 3356 com.google.android.adservices.api for 6
10-22 04:47:53.323   692  2072 W ProcessStats: Tracking association SourceState{d65ff44 com.android.vending:background/10145 ImpBg #10366} whose proc state 6 is better than process ProcessState{acc982d com.android.vending/10145 pkg=com.android.vending} proc state 14 (2 skipped)
10-22 04:48:03.364   692   814 D ActivityManager: freezing 1602 com.google.android.gms
10-22 04:48:03.365   692   814 D ActivityManager: freezing 2224 com.google.android.gms.unstable
10-22 04:48:03.365   692   814 D ActivityManager: freezing 3356 com.google.android.adservices.api
10-22 04:48:08.316   692   814 D ActivityManager: freezing 4417 com.android.vending:background
10-22 04:48:08.317   692   814 D ActivityManager: freezing 4379 com.android.vending
10-22 04:48:08.318   692   814 D ActivityManager: freezing 4674 com.android.vending:quick_launch
10-22 04:48:15.708   692   746 D ActivityManager: sync unfroze 6825 com.google.android.apps.messaging for 3
10-22 04:48:25.760   692   814 D ActivityManager: freezing 6825 com.google.android.apps.messaging
10-22 04:51:31.255   692   920 D BackgroundInstallControlService: Package event received: 0
10-22 04:51:31.834   692  1674 W AppOps  : Noting op not finished: uid 10147 pkg com.google.android.gms code 113 startTime of in progress event=1761097596435
10-22 04:51:31.839   692  1674 W AppOps  : Noting op not finished: uid 10147 pkg com.google.android.gms code 79 startTime of in progress event=1761097597272
10-22 04:51:32.837   692  2072 W AppOps  : Noting op not finished: uid 10147 pkg com.google.android.gms code 113 startTime of in progress event=1761097596435
10-22 04:52:33.364   692   756 D KernelCpuUidUserSysTimeReader: Removing uids 90000-90000
10-22 04:52:33.364   692   756 D KernelCpuUidUserSysTimeReader: Removing uids 90001-90001
10-22 04:52:33.364   692   756 D KernelCpuUidUserSysTimeReader: Removing uids 90002-90002
10-22 04:52:33.365   692   756 D KernelCpuUidUserSysTimeReader: Removing uids 90003-90003
10-22 04:52:33.365   692   756 D KernelCpuUidUserSysTimeReader: Removing uids 90004-90004
10-22 04:52:33.365   692   756 D KernelCpuUidUserSysTimeReader: Removing uids 90005-90005
10-22 04:52:33.365   692   756 D KernelCpuUidUserSysTimeReader: Removing uids 90006-90006
10-22 04:56:46.351   692   920 D BackgroundInstallControlService: Package event received: 0
10-22 04:56:46.351   692   920 D BackgroundInstallControlService: Package event received: 0
10-22 04:56:46.352   692   920 D BackgroundInstallControlService: Package event received: 0
10-22 04:56:46.352   692   920 D BackgroundInstallControlService: Package event received: 0
10-22 04:56:46.352   692   920 D BackgroundInstallControlService: Package event received: 0
10-22 04:56:46.352   692   920 D BackgroundInstallControlService: Package event received: 0
10-22 04:56:46.352   692   920 D BackgroundInstallControlService: Package event received: 0
10-22 04:56:46.352   692   920 D BackgroundInstallControlService: Package event received: 0
10-22 04:56:46.382   692   803 D ActivityManager: sync unfroze 5813 com.google.android.partnersetup for 6
10-22 04:56:46.402   692   803 D ActivityManager: sync unfroze 1671 com.google.android.settings.intelligence for 6
10-22 04:56:46.420   692   803 D ActivityManager: sync unfroze 4379 com.android.vending for 6
10-22 04:56:46.425   692   803 D ActivityManager: sync unfroze 4417 com.android.vending:background for 6
10-22 04:56:46.446   261   265 W vold    : There is no valid blk device path for data partition
10-22 04:56:46.446   692  9765 W StorageManagerService: Failed to get storage write record
10-22 04:56:46.446   692  9765 I SmartStorageMaintIdler: Got smart storage maintenance service completion callback
10-22 04:56:46.447   692  1999 W ProcessStats: Tracking association SourceState{8d62d6a system/1000 ImpBg #10402} whose proc state 6 is better than process ProcessState{794e449 com.google.android.partnersetup/10140 pkg=com.google.android.partnersetup} proc state 14 (5 skipped)
10-22 04:56:46.585   692  1970 W JobScheduler: Job didn't exist in JobStore: 69d87d4 #u0a140/4096 com.google.android.partnersetup/.InstalledAppJobService
10-22 04:56:50.482   692   793 W AppOps  : Noting op not finished: uid 10147 pkg com.google.android.gms code 113 startTime of in progress event=1761097596435
10-22 04:56:50.486   692  2072 W AppOps  : Noting op not finished: uid 10147 pkg com.google.android.gms code 79 startTime of in progress event=1761097597272
10-22 04:56:51.485   692  1674 W AppOps  : Noting op not finished: uid 10147 pkg com.google.android.gms code 113 startTime of in progress event=1761097596435
10-22 04:56:56.596   692   814 D ActivityManager: freezing 5813 com.google.android.partnersetup
10-22 04:56:56.623   692   814 D ActivityManager: freezing 1671 com.google.android.settings.intelligence
10-22 04:56:56.660   692   814 D ActivityManager: freezing 4379 com.android.vending
10-22 04:56:56.662   692   814 D ActivityManager: freezing 4417 com.android.vending:background
10-22 04:57:46.397   692   756 E BluetoothPowerStatsCollector: Cannot acquire BluetoothActivityEnergyInfo
10-22 04:57:46.397   692   756 E BluetoothPowerStatsCollector: java.util.concurrent.ExecutionException: java.lang.RuntimeException: error: 11
10-22 04:57:46.397   692   756 E BluetoothPowerStatsCollector: 	at java.util.concurrent.CompletableFuture.reportGet(CompletableFuture.java:372)
10-22 04:57:46.397   692   756 E BluetoothPowerStatsCollector: 	at java.util.concurrent.CompletableFuture.get(CompletableFuture.java:2072)
10-22 04:57:46.397   692   756 E BluetoothPowerStatsCollector: 	at com.android.server.power.stats.BluetoothPowerStatsCollector.collectBluetoothActivityInfo(BluetoothPowerStatsCollector.java:192)
10-22 04:57:46.397   692   756 E BluetoothPowerStatsCollector: 	at com.android.server.power.stats.BluetoothPowerStatsCollector.collectStats(BluetoothPowerStatsCollector.java:155)
10-22 04:57:46.397   692   756 E BluetoothPowerStatsCollector: 	at com.android.server.power.stats.PowerStatsCollector.collectAndDeliverStats(PowerStatsCollector.java:176)
10-22 04:57:46.397   692   756 E BluetoothPowerStatsCollector: 	at com.android.server.power.stats.PowerStatsCollector$$ExternalSyntheticLambda0.run(R8$$SyntheticClass:0)
10-22 04:57:46.397   692   756 E BluetoothPowerStatsCollector: 	at android.os.Handler.handleCallback(Handler.java:995)
10-22 04:57:46.397   692   756 E BluetoothPowerStatsCollector: 	at android.os.Handler.dispatchMessage(Handler.java:103)
10-22 04:57:46.397   692   756 E BluetoothPowerStatsCollector: 	at android.os.Looper.loopOnce(Looper.java:248)
10-22 04:57:46.397   692   756 E BluetoothPowerStatsCollector: 	at android.os.Looper.loop(Looper.java:338)
10-22 04:57:46.397   692   756 E BluetoothPowerStatsCollector: 	at android.os.HandlerThread.run(HandlerThread.java:85)
10-22 04:57:46.397   692   756 E BluetoothPowerStatsCollector: Caused by: java.lang.RuntimeException: error: 11
10-22 04:57:46.397   692   756 E BluetoothPowerStatsCollector: 	at com.android.server.power.stats.BluetoothPowerStatsCollector$1.onBluetoothActivityEnergyInfoError(BluetoothPowerStatsCollector.java:181)
10-22 04:57:46.397   692   756 E BluetoothPowerStatsCollector: 	at android.bluetooth.BluetoothAdapter$OnBluetoothActivityEnergyInfoProxy.lambda$onBluetoothActivityEnergyInfoAvailable$0(BluetoothAdapter.java:1037)
10-22 04:57:46.397   692   756 E BluetoothPowerStatsCollector: 	at android.bluetooth.BluetoothAdapter$OnBluetoothActivityEnergyInfoProxy$$ExternalSyntheticLambda1.run(D8$$SyntheticClass:0)
10-22 04:57:46.397   692   756 E BluetoothPowerStatsCollector: 	at android.bluetooth.BluetoothUtils.lambda$executeFromBinder$0(BluetoothUtils.java:343)
10-22 04:57:46.397   692   756 E BluetoothPowerStatsCollector: 	at android.bluetooth.BluetoothUtils$$ExternalSyntheticLambda1.run(D8$$SyntheticClass:0)
10-22 04:57:46.397   692   756 E BluetoothPowerStatsCollector: 	at com.android.server.SystemServerInitThreadPool$$ExternalSyntheticLambda0.execute(R8$$SyntheticClass:0)
10-22 04:57:46.397   692   756 E BluetoothPowerStatsCollector: 	at android.bluetooth.BluetoothUtils.executeFromBinder(BluetoothUtils.java:343)
10-22 04:57:46.397   692   756 E BluetoothPowerStatsCollector: 	at android.bluetooth.BluetoothAdapter$OnBluetoothActivityEnergyInfoProxy.onBluetoothActivityEnergyInfoAvailable(BluetoothAdapter.java:1035)
10-22 04:57:46.397   692   756 E BluetoothPowerStatsCollector: 	at android.bluetooth.IBluetoothActivityEnergyInfoListener$Stub.onTransact(IBluetoothActivityEnergyInfoListener.java:98)
10-22 04:57:46.397   692   756 E BluetoothPowerStatsCollector: 	at android.os.Binder.execTransactInternal(Binder.java:1426)
10-22 04:57:46.397   692   756 E BluetoothPowerStatsCollector: 	at android.os.Binder.execTransact(Binder.java:1365)
10-22 05:00:00.008   692   746 D ActivityManager: sync unfroze 1196 com.android.settings for 3
10-22 05:00:00.012   692   746 D ActivityManager: sync unfroze 4393 com.android.keychain for 10
10-22 05:00:00.064   692   756 E BluetoothPowerStatsCollector: Cannot acquire BluetoothActivityEnergyInfo
10-22 05:00:00.064   692   756 E BluetoothPowerStatsCollector: java.util.concurrent.ExecutionException: java.lang.RuntimeException: error: 11
10-22 05:00:00.064   692   756 E BluetoothPowerStatsCollector: 	at java.util.concurrent.CompletableFuture.reportGet(CompletableFuture.java:372)
10-22 05:00:00.064   692   756 E BluetoothPowerStatsCollector: 	at java.util.concurrent.CompletableFuture.get(CompletableFuture.java:2072)
10-22 05:00:00.064   692   756 E BluetoothPowerStatsCollector: 	at com.android.server.power.stats.BluetoothPowerStatsCollector.collectBluetoothActivityInfo(BluetoothPowerStatsCollector.java:192)
10-22 05:00:00.064   692   756 E BluetoothPowerStatsCollector: 	at com.android.server.power.stats.BluetoothPowerStatsCollector.collectStats(BluetoothPowerStatsCollector.java:155)
10-22 05:00:00.064   692   756 E BluetoothPowerStatsCollector: 	at com.android.server.power.stats.PowerStatsCollector.collectAndDeliverStats(PowerStatsCollector.java:176)
10-22 05:00:00.064   692   756 E BluetoothPowerStatsCollector: 	at com.android.server.power.stats.PowerStatsCollector$$ExternalSyntheticLambda0.run(R8$$SyntheticClass:0)
10-22 05:00:00.064   692   756 E BluetoothPowerStatsCollector: 	at android.os.Handler.handleCallback(Handler.java:995)
10-22 05:00:00.064   692   756 E BluetoothPowerStatsCollector: 	at android.os.Handler.dispatchMessage(Handler.java:103)
10-22 05:00:00.064   692   756 E BluetoothPowerStatsCollector: 	at android.os.Looper.loopOnce(Looper.java:248)
10-22 05:00:00.064   692   756 E BluetoothPowerStatsCollector: 	at android.os.Looper.loop(Looper.java:338)
