10-22 03:09:44.301   692   756 E BluetoothPowerStatsCollector: 	at com.android.server.power.stats.BluetoothPowerStatsCollector.collectBluetoothActivityInfo(BluetoothPowerStatsCollector.java:192)
10-22 03:09:44.301   692   756 E BluetoothPowerStatsCollector: 	at com.android.server.power.stats.BluetoothPowerStatsCollector.collectStats(BluetoothPowerStatsCollector.java:155)
10-22 03:09:44.301   692   756 E BluetoothPowerStatsCollector: 	at com.android.server.power.stats.PowerStatsCollector.collectAndDeliverStats(PowerStatsCollector.java:176)
10-22 03:09:44.301   692   756 E BluetoothPowerStatsCollector: 	at com.android.server.power.stats.PowerStatsCollector$$ExternalSyntheticLambda0.run(R8$$SyntheticClass:0)
10-22 03:09:44.301   692   756 E BluetoothPowerStatsCollector: 	at android.os.Handler.handleCallback(Handler.java:995)
10-22 03:09:44.301   692   756 E BluetoothPowerStatsCollector: 	at android.os.Handler.dispatchMessage(Handler.java:103)
10-22 03:09:44.301   692   756 E BluetoothPowerStatsCollector: 	at android.os.Looper.loopOnce(Looper.java:248)
10-22 03:09:44.301   692   756 E BluetoothPowerStatsCollector: 	at android.os.Looper.loop(Looper.java:338)
10-22 03:09:44.301   692   756 E BluetoothPowerStatsCollector: 	at android.os.HandlerThread.run(HandlerThread.java:85)
10-22 03:09:44.301   692   756 E BluetoothPowerStatsCollector: Caused by: java.lang.RuntimeException: error: 11
10-22 03:09:44.301   692   756 E BluetoothPowerStatsCollector: 	at com.android.server.power.stats.BluetoothPowerStatsCollector$1.onBluetoothActivityEnergyInfoError(BluetoothPowerStatsCollector.java:181)
10-22 03:09:44.301   692   756 E BluetoothPowerStatsCollector: 	at android.bluetooth.BluetoothAdapter$OnBluetoothActivityEnergyInfoProxy.lambda$onBluetoothActivityEnergyInfoAvailable$0(BluetoothAdapter.java:1037)
10-22 03:09:44.301   692   756 E BluetoothPowerStatsCollector: 	at android.bluetooth.BluetoothAdapter$OnBluetoothActivityEnergyInfoProxy$$ExternalSyntheticLambda1.run(D8$$SyntheticClass:0)
10-22 03:09:44.301   692   756 E BluetoothPowerStatsCollector: 	at android.bluetooth.BluetoothUtils.lambda$executeFromBinder$0(BluetoothUtils.java:343)
10-22 03:09:44.301   692   756 E BluetoothPowerStatsCollector: 	at android.bluetooth.BluetoothUtils$$ExternalSyntheticLambda1.run(D8$$SyntheticClass:0)
10-22 03:09:44.301   692   756 E BluetoothPowerStatsCollector: 	at com.android.server.SystemServerInitThreadPool$$ExternalSyntheticLambda0.execute(R8$$SyntheticClass:0)
10-22 03:09:44.301   692   756 E BluetoothPowerStatsCollector: 	at android.bluetooth.BluetoothUtils.executeFromBinder(BluetoothUtils.java:343)
10-22 03:09:44.301   692   756 E BluetoothPowerStatsCollector: 	at android.bluetooth.BluetoothAdapter$OnBluetoothActivityEnergyInfoProxy.onBluetoothActivityEnergyInfoAvailable(BluetoothAdapter.java:1035)
10-22 03:09:44.301   692   756 E BluetoothPowerStatsCollector: 	at android.bluetooth.IBluetoothActivityEnergyInfoListener$Stub.onTransact(IBluetoothActivityEnergyInfoListener.java:98)
10-22 03:09:44.301   692   756 E BluetoothPowerStatsCollector: 	at android.os.Binder.execTransactInternal(Binder.java:1426)
10-22 03:09:44.301   692   756 E BluetoothPowerStatsCollector: 	at android.os.Binder.execTransact(Binder.java:1365)
10-22 03:10:36.627   692   920 D BackgroundInstallControlService: Package event received: 0
10-22 03:10:36.627   692   920 D BackgroundInstallControlService: Package event received: 0
10-22 03:10:36.627   692   920 D BackgroundInstallControlService: Package event received: 0
10-22 03:10:36.627   692   920 D BackgroundInstallControlService: Package event received: 0
10-22 03:10:36.628   692   920 D BackgroundInstallControlService: Package event received: 0
10-22 03:10:36.628   692   920 D BackgroundInstallControlService: Package event received: 0
10-22 03:10:36.628   692   920 D BackgroundInstallControlService: Package event received: 0
10-22 03:10:37.138   692  2029 W AppOps  : Noting op not finished: uid 10147 pkg com.google.android.gms code 113 startTime of in progress event=1761097596435
10-22 03:10:37.143   692  1996 W AppOps  : Noting op not finished: uid 10147 pkg com.google.android.gms code 79 startTime of in progress event=1761097597272
10-22 03:10:38.141   692   731 W AppOps  : Noting op not finished: uid 10147 pkg com.google.android.gms code 113 startTime of in progress event=1761097596435
10-22 03:15:17.639   692   756 E BluetoothPowerStatsCollector: Cannot acquire BluetoothActivityEnergyInfo
10-22 03:15:17.639   692   756 E BluetoothPowerStatsCollector: java.util.concurrent.ExecutionException: java.lang.RuntimeException: error: 11
10-22 03:15:17.639   692   756 E BluetoothPowerStatsCollector: 	at java.util.concurrent.CompletableFuture.reportGet(CompletableFuture.java:372)
10-22 03:15:17.639   692   756 E BluetoothPowerStatsCollector: 	at java.util.concurrent.CompletableFuture.get(CompletableFuture.java:2072)
10-22 03:15:17.639   692   756 E BluetoothPowerStatsCollector: 	at com.android.server.power.stats.BluetoothPowerStatsCollector.collectBluetoothActivityInfo(BluetoothPowerStatsCollector.java:192)
10-22 03:15:17.639   692   756 E BluetoothPowerStatsCollector: 	at com.android.server.power.stats.BluetoothPowerStatsCollector.collectStats(BluetoothPowerStatsCollector.java:155)
10-22 03:15:17.639   692   756 E BluetoothPowerStatsCollector: 	at com.android.server.power.stats.PowerStatsCollector.collectAndDeliverStats(PowerStatsCollector.java:176)
10-22 03:15:17.639   692   756 E BluetoothPowerStatsCollector: 	at com.android.server.power.stats.PowerStatsCollector$$ExternalSyntheticLambda0.run(R8$$SyntheticClass:0)
10-22 03:15:17.639   692   756 E BluetoothPowerStatsCollector: 	at android.os.Handler.handleCallback(Handler.java:995)
10-22 03:15:17.639   692   756 E BluetoothPowerStatsCollector: 	at android.os.Handler.dispatchMessage(Handler.java:103)
10-22 03:15:17.639   692   756 E BluetoothPowerStatsCollector: 	at android.os.Looper.loopOnce(Looper.java:248)
10-22 03:15:17.639   692   756 E BluetoothPowerStatsCollector: 	at android.os.Looper.loop(Looper.java:338)
10-22 03:15:17.639   692   756 E BluetoothPowerStatsCollector: 	at android.os.HandlerThread.run(HandlerThread.java:85)
10-22 03:15:17.639   692   756 E BluetoothPowerStatsCollector: Caused by: java.lang.RuntimeException: error: 11
10-22 03:15:17.639   692   756 E BluetoothPowerStatsCollector: 	at com.android.server.power.stats.BluetoothPowerStatsCollector$1.onBluetoothActivityEnergyInfoError(BluetoothPowerStatsCollector.java:181)
10-22 03:15:17.639   692   756 E BluetoothPowerStatsCollector: 	at android.bluetooth.BluetoothAdapter$OnBluetoothActivityEnergyInfoProxy.lambda$onBluetoothActivityEnergyInfoAvailable$0(BluetoothAdapter.java:1037)
10-22 03:15:17.639   692   756 E BluetoothPowerStatsCollector: 	at android.bluetooth.BluetoothAdapter$OnBluetoothActivityEnergyInfoProxy$$ExternalSyntheticLambda1.run(D8$$SyntheticClass:0)
10-22 03:15:17.639   692   756 E BluetoothPowerStatsCollector: 	at android.bluetooth.BluetoothUtils.lambda$executeFromBinder$0(BluetoothUtils.java:343)
10-22 03:15:17.639   692   756 E BluetoothPowerStatsCollector: 	at android.bluetooth.BluetoothUtils$$ExternalSyntheticLambda1.run(D8$$SyntheticClass:0)
10-22 03:15:17.639   692   756 E BluetoothPowerStatsCollector: 	at com.android.server.SystemServerInitThreadPool$$ExternalSyntheticLambda0.execute(R8$$SyntheticClass:0)
10-22 03:15:17.639   692   756 E BluetoothPowerStatsCollector: 	at android.bluetooth.BluetoothUtils.executeFromBinder(BluetoothUtils.java:343)
10-22 03:15:17.639   692   756 E BluetoothPowerStatsCollector: 	at android.bluetooth.BluetoothAdapter$OnBluetoothActivityEnergyInfoProxy.onBluetoothActivityEnergyInfoAvailable(BluetoothAdapter.java:1035)
10-22 03:15:17.639   692   756 E BluetoothPowerStatsCollector: 	at android.bluetooth.IBluetoothActivityEnergyInfoListener$Stub.onTransact(IBluetoothActivityEnergyInfoListener.java:98)
10-22 03:15:17.639   692   756 E BluetoothPowerStatsCollector: 	at android.os.Binder.execTransactInternal(Binder.java:1426)
10-22 03:15:17.639   692   756 E BluetoothPowerStatsCollector: 	at android.os.Binder.execTransact(Binder.java:1365)
10-22 03:15:55.263   692   920 D BackgroundInstallControlService: Package event received: 0
10-22 03:15:55.811   692  1969 W AppOps  : Noting op not finished: uid 10147 pkg com.google.android.gms code 113 startTime of in progress event=1761097596435
10-22 03:15:55.816   692  1969 W AppOps  : Noting op not finished: uid 10147 pkg com.google.android.gms code 79 startTime of in progress event=1761097597272
10-22 03:15:56.814   692   731 W AppOps  : Noting op not finished: uid 10147 pkg com.google.android.gms code 113 startTime of in progress event=1761097596435
10-22 03:21:14.465   692  1996 W AppOps  : Noting op not finished: uid 10147 pkg com.google.android.gms code 113 startTime of in progress event=1761097596435
10-22 03:21:14.470   692  1996 W AppOps  : Noting op not finished: uid 10147 pkg com.google.android.gms code 79 startTime of in progress event=1761097597272
10-22 03:21:15.467   692  1969 W AppOps  : Noting op not finished: uid 10147 pkg com.google.android.gms code 113 startTime of in progress event=1761097596435
10-22 03:25:37.424   692   802 I UsageStatsService: User[0] Flushing usage stats to disk
10-22 03:25:37.452   692   920 D BackgroundInstallControlService: Package event received: 0
10-22 03:26:32.586   692   920 D BackgroundInstallControlService: Package event received: 0
10-22 03:26:32.595   692   803 D ActivityManager: sync unfroze 6825 com.google.android.apps.messaging for 6
10-22 03:26:32.619   692   803 D ActivityManager: sync unfroze 1602 com.google.android.gms for 6
10-22 03:26:32.631   692   803 D ActivityManager: sync unfroze 2224 com.google.android.gms.unstable for 6
10-22 03:26:32.632   692   803 D ActivityManager: sync unfroze 3356 com.google.android.adservices.api for 6
10-22 03:26:32.650   692   692 W ProcessStats: Tracking association SourceState{f31bb7d system/1000 ImpBg #9768} whose proc state 6 is better than process ProcessState{e1e6b11 com.google.android.apps.messaging/10146 pkg=com.google.android.apps.messaging} proc state 14 (5 skipped)
10-22 03:26:32.653   692   920 D BackgroundInstallControlService: Package event received: 0
10-22 03:26:32.653   692   920 D BackgroundInstallControlService: Package event received: 0
10-22 03:26:32.653   692   920 D BackgroundInstallControlService: Package event received: 0
10-22 03:26:32.653   692   920 D BackgroundInstallControlService: Package event received: 0
10-22 03:26:32.653   692   920 D BackgroundInstallControlService: Package event received: 0
10-22 03:26:32.653   692   920 D BackgroundInstallControlService: Package event received: 0
10-22 03:26:32.653   692   920 D BackgroundInstallControlService: Package event received: 0
10-22 03:26:32.653   692   920 D BackgroundInstallControlService: Package event received: 0
10-22 03:26:33.121   692   731 W AppOps  : Noting op not finished: uid 10147 pkg com.google.android.gms code 113 startTime of in progress event=1761097596435
10-22 03:26:33.126   692  2074 W AppOps  : Noting op not finished: uid 10147 pkg com.google.android.gms code 79 startTime of in progress event=1761097597272
10-22 03:26:34.124   692   794 W AppOps  : Noting op not finished: uid 10147 pkg com.google.android.gms code 113 startTime of in progress event=1761097596435
10-22 03:26:42.658   692   814 D ActivityManager: freezing 1602 com.google.android.gms
10-22 03:26:42.659   692   814 D ActivityManager: freezing 2224 com.google.android.gms.unstable
10-22 03:26:42.659   692   814 D ActivityManager: freezing 3356 com.google.android.adservices.api
10-22 03:26:42.916   692   814 D ActivityManager: freezing 6825 com.google.android.apps.messaging
10-22 03:27:32.644   692   756 E BluetoothPowerStatsCollector: Cannot acquire BluetoothActivityEnergyInfo
10-22 03:27:32.644   692   756 E BluetoothPowerStatsCollector: java.util.concurrent.ExecutionException: java.lang.RuntimeException: error: 11
10-22 03:27:32.644   692   756 E BluetoothPowerStatsCollector: 	at java.util.concurrent.CompletableFuture.reportGet(CompletableFuture.java:372)
10-22 03:27:32.644   692   756 E BluetoothPowerStatsCollector: 	at java.util.concurrent.CompletableFuture.get(CompletableFuture.java:2072)
10-22 03:27:32.644   692   756 E BluetoothPowerStatsCollector: 	at com.android.server.power.stats.BluetoothPowerStatsCollector.collectBluetoothActivityInfo(BluetoothPowerStatsCollector.java:192)
10-22 03:27:32.644   692   756 E BluetoothPowerStatsCollector: 	at com.android.server.power.stats.BluetoothPowerStatsCollector.collectStats(BluetoothPowerStatsCollector.java:155)
10-22 03:27:32.644   692   756 E BluetoothPowerStatsCollector: 	at com.android.server.power.stats.PowerStatsCollector.collectAndDeliverStats(PowerStatsCollector.java:176)
10-22 03:27:32.644   692   756 E BluetoothPowerStatsCollector: 	at com.android.server.power.stats.PowerStatsCollector$$ExternalSyntheticLambda0.run(R8$$SyntheticClass:0)
10-22 03:27:32.644   692   756 E BluetoothPowerStatsCollector: 	at android.os.Handler.handleCallback(Handler.java:995)
10-22 03:27:32.644   692   756 E BluetoothPowerStatsCollector: 	at android.os.Handler.dispatchMessage(Handler.java:103)
10-22 03:27:32.644   692   756 E BluetoothPowerStatsCollector: 	at android.os.Looper.loopOnce(Looper.java:248)
10-22 03:27:32.644   692   756 E BluetoothPowerStatsCollector: 	at android.os.Looper.loop(Looper.java:338)
10-22 03:27:32.644   692   756 E BluetoothPowerStatsCollector: 	at android.os.HandlerThread.run(HandlerThread.java:85)
10-22 03:27:32.644   692   756 E BluetoothPowerStatsCollector: Caused by: java.lang.RuntimeException: error: 11
10-22 03:27:32.644   692   756 E BluetoothPowerStatsCollector: 	at com.android.server.power.stats.BluetoothPowerStatsCollector$1.onBluetoothActivityEnergyInfoError(BluetoothPowerStatsCollector.java:181)
10-22 03:27:32.644   692   756 E BluetoothPowerStatsCollector: 	at android.bluetooth.BluetoothAdapter$OnBluetoothActivityEnergyInfoProxy.lambda$onBluetoothActivityEnergyInfoAvailable$0(BluetoothAdapter.java:1037)
10-22 03:27:32.644   692   756 E BluetoothPowerStatsCollector: 	at android.bluetooth.BluetoothAdapter$OnBluetoothActivityEnergyInfoProxy$$ExternalSyntheticLambda1.run(D8$$SyntheticClass:0)
10-22 03:27:32.644   692   756 E BluetoothPowerStatsCollector: 	at android.bluetooth.BluetoothUtils.lambda$executeFromBinder$0(BluetoothUtils.java:343)
10-22 03:27:32.644   692   756 E BluetoothPowerStatsCollector: 	at android.bluetooth.BluetoothUtils$$ExternalSyntheticLambda1.run(D8$$SyntheticClass:0)
10-22 03:27:32.644   692   756 E BluetoothPowerStatsCollector: 	at com.android.server.SystemServerInitThreadPool$$ExternalSyntheticLambda0.execute(R8$$SyntheticClass:0)
10-22 03:27:32.644   692   756 E BluetoothPowerStatsCollector: 	at android.bluetooth.BluetoothUtils.executeFromBinder(BluetoothUtils.java:343)
10-22 03:27:32.644   692   756 E BluetoothPowerStatsCollector: 	at android.bluetooth.BluetoothAdapter$OnBluetoothActivityEnergyInfoProxy.onBluetoothActivityEnergyInfoAvailable(BluetoothAdapter.java:1035)
10-22 03:27:32.644   692   756 E BluetoothPowerStatsCollector: 	at android.bluetooth.IBluetoothActivityEnergyInfoListener$Stub.onTransact(IBluetoothActivityEnergyInfoListener.java:98)
10-22 03:27:32.644   692   756 E BluetoothPowerStatsCollector: 	at android.os.Binder.execTransactInternal(Binder.java:1426)
10-22 03:27:32.644   692   756 E BluetoothPowerStatsCollector: 	at android.os.Binder.execTransact(Binder.java:1365)
10-22 03:31:51.778   692  2074 W AppOps  : Noting op not finished: uid 10147 pkg com.google.android.gms code 113 startTime of in progress event=1761097596435
10-22 03:31:51.783   692   731 W AppOps  : Noting op not finished: uid 10147 pkg com.google.android.gms code 79 startTime of in progress event=1761097597272
10-22 03:31:52.779   692  2074 W AppOps  : Noting op not finished: uid 10147 pkg com.google.android.gms code 113 startTime of in progress event=1761097596435
10-22 03:37:09.900   692   920 D BackgroundInstallControlService: Package event received: 0
10-22 03:37:10.452   692  2003 W AppOps  : Noting op not finished: uid 10147 pkg com.google.android.gms code 113 startTime of in progress event=1761097596435
10-22 03:37:10.456   692  2003 W AppOps  : Noting op not finished: uid 10147 pkg com.google.android.gms code 79 startTime of in progress event=1761097597272
10-22 03:37:11.453   692  2074 W AppOps  : Noting op not finished: uid 10147 pkg com.google.android.gms code 113 startTime of in progress event=1761097596435
10-22 03:42:29.105   692  2029 W AppOps  : Noting op not finished: uid 10147 pkg com.google.android.gms code 113 startTime of in progress event=1761097596435
10-22 03:42:29.111   692  1969 W AppOps  : Noting op not finished: uid 10147 pkg com.google.android.gms code 79 startTime of in progress event=1761097597272
10-22 03:42:30.107   692  2029 W AppOps  : Noting op not finished: uid 10147 pkg com.google.android.gms code 113 startTime of in progress event=1761097596435
10-22 03:45:17.639   692   756 E BluetoothPowerStatsCollector: Cannot acquire BluetoothActivityEnergyInfo
10-22 03:45:17.639   692   756 E BluetoothPowerStatsCollector: java.util.concurrent.ExecutionException: java.lang.RuntimeException: error: 11
10-22 03:45:17.639   692   756 E BluetoothPowerStatsCollector: 	at java.util.concurrent.CompletableFuture.reportGet(CompletableFuture.java:372)
10-22 03:45:17.639   692   756 E BluetoothPowerStatsCollector: 	at java.util.concurrent.CompletableFuture.get(CompletableFuture.java:2072)
10-22 03:45:17.639   692   756 E BluetoothPowerStatsCollector: 	at com.android.server.power.stats.BluetoothPowerStatsCollector.collectBluetoothActivityInfo(BluetoothPowerStatsCollector.java:192)
10-22 03:45:17.639   692   756 E BluetoothPowerStatsCollector: 	at com.android.server.power.stats.BluetoothPowerStatsCollector.collectStats(BluetoothPowerStatsCollector.java:155)
10-22 03:45:17.639   692   756 E BluetoothPowerStatsCollector: 	at com.android.server.power.stats.PowerStatsCollector.collectAndDeliverStats(PowerStatsCollector.java:176)
10-22 03:45:17.639   692   756 E BluetoothPowerStatsCollector: 	at com.android.server.power.stats.PowerStatsCollector$$ExternalSyntheticLambda0.run(R8$$SyntheticClass:0)
10-22 03:45:17.639   692   756 E BluetoothPowerStatsCollector: 	at android.os.Handler.handleCallback(Handler.java:995)
10-22 03:45:17.639   692   756 E BluetoothPowerStatsCollector: 	at android.os.Handler.dispatchMessage(Handler.java:103)
10-22 03:45:17.639   692   756 E BluetoothPowerStatsCollector: 	at android.os.Looper.loopOnce(Looper.java:248)
10-22 03:45:17.639   692   756 E BluetoothPowerStatsCollector: 	at android.os.Looper.loop(Looper.java:338)
10-22 03:45:17.639   692   756 E BluetoothPowerStatsCollector: 	at android.os.HandlerThread.run(HandlerThread.java:85)
10-22 03:45:17.639   692   756 E BluetoothPowerStatsCollector: Caused by: java.lang.RuntimeException: error: 11
10-22 03:45:17.639   692   756 E BluetoothPowerStatsCollector: 	at com.android.server.power.stats.BluetoothPowerStatsCollector$1.onBluetoothActivityEnergyInfoError(BluetoothPowerStatsCollector.java:181)
10-22 03:45:17.639   692   756 E BluetoothPowerStatsCollector: 	at android.bluetooth.BluetoothAdapter$OnBluetoothActivityEnergyInfoProxy.lambda$onBluetoothActivityEnergyInfoAvailable$0(BluetoothAdapter.java:1037)
10-22 03:45:17.639   692   756 E BluetoothPowerStatsCollector: 	at android.bluetooth.BluetoothAdapter$OnBluetoothActivityEnergyInfoProxy$$ExternalSyntheticLambda1.run(D8$$SyntheticClass:0)
10-22 03:45:17.639   692   756 E BluetoothPowerStatsCollector: 	at android.bluetooth.BluetoothUtils.lambda$executeFromBinder$0(BluetoothUtils.java:343)
10-22 03:45:17.639   692   756 E BluetoothPowerStatsCollector: 	at android.bluetooth.BluetoothUtils$$ExternalSyntheticLambda1.run(D8$$SyntheticClass:0)
10-22 03:45:17.639   692   756 E BluetoothPowerStatsCollector: 	at com.android.server.SystemServerInitThreadPool$$ExternalSyntheticLambda0.execute(R8$$SyntheticClass:0)
10-22 03:45:17.639   692   756 E BluetoothPowerStatsCollector: 	at android.bluetooth.BluetoothUtils.executeFromBinder(BluetoothUtils.java:343)
10-22 03:45:17.639   692   756 E BluetoothPowerStatsCollector: 	at android.bluetooth.BluetoothAdapter$OnBluetoothActivityEnergyInfoProxy.onBluetoothActivityEnergyInfoAvailable(BluetoothAdapter.java:1035)
10-22 03:45:17.639   692   756 E BluetoothPowerStatsCollector: 	at android.bluetooth.IBluetoothActivityEnergyInfoListener$Stub.onTransact(IBluetoothActivityEnergyInfoListener.java:98)
10-22 03:45:17.639   692   756 E BluetoothPowerStatsCollector: 	at android.os.Binder.execTransactInternal(Binder.java:1426)
10-22 03:45:17.639   692   756 E BluetoothPowerStatsCollector: 	at android.os.Binder.execTransact(Binder.java:1365)
10-22 03:45:34.995   692   739 I EntropyMixer: Updated seed file
10-22 03:45:37.552   692   802 I UsageStatsService: User[0] Flushing usage stats to disk
10-22 03:45:37.580   692   920 D BackgroundInstallControlService: Package event received: 0
10-22 03:47:47.250   692   920 D BackgroundInstallControlService: Package event received: 0
10-22 03:47:47.259   692   747 I ActivityManager: Start proc 9244:com.android.providers.calendar/u0a96 for broadcast {com.android.providers.calendar/com.android.providers.calendar.CalendarProviderBroadcastReceiver}
10-22 03:47:47.260   692   747 I ActivityManager: ProcessObserver broadcast disabled
10-22 03:47:47.299   692   803 D ActivityManager: sync unfroze 6612 com.google.android.apps.safetyhub for 6
10-22 03:47:47.329   692   920 D BackgroundInstallControlService: Package event received: 0
10-22 03:47:47.344   692  1969 D ActivityManager: sync unfroze 1602 com.google.android.gms for 6
10-22 03:47:47.355   692  1969 D ActivityManager: sync unfroze 2224 com.google.android.gms.unstable for 6
10-22 03:47:47.356   692  1969 D ActivityManager: sync unfroze 3356 com.google.android.adservices.api for 6
10-22 03:47:47.376  6612  6612 D ActivityThread: Package [com.google.android.apps.messaging] reported as REPLACED, but missing application info. Assuming REMOVED.
10-22 03:47:47.378  6612  6612 D ActivityThread: Package [com.google.android.apps.messaging] reported as REPLACED, but missing application info. Assuming REMOVED.
10-22 03:47:47.379  6612  6612 D ActivityThread: Package [com.google.android.googlequicksearchbox] reported as REPLACED, but missing application info. Assuming REMOVED.
10-22 03:47:47.379  6612  6612 D ActivityThread: Package [com.google.android.googlequicksearchbox] reported as REPLACED, but missing application info. Assuming REMOVED.
10-22 03:47:47.380  6612  6612 D ActivityThread: Package [com.google.android.youtube] reported as REPLACED, but missing application info. Assuming REMOVED.
10-22 03:47:47.380  6612  6612 D ActivityThread: Package [com.google.android.youtube] reported as REPLACED, but missing application info. Assuming REMOVED.
10-22 03:47:47.382  6612  6612 D ActivityThread: Package [com.google.android.contacts] reported as REPLACED, but missing application info. Assuming REMOVED.
10-22 03:47:47.385  6612  6612 D ActivityThread: Package [com.google.android.contacts] reported as REPLACED, but missing application info. Assuming REMOVED.
10-22 03:47:47.388   692  1996 W ProcessStats: Tracking association SourceState{e80b412 system/1000 ImpBg #9828} whose proc state 6 is better than process ProcessState{d9cbd57 com.google.android.adservices.api/10199 pkg=com.google.android.adservices.api} proc state 14 (2 skipped)
10-22 03:47:47.388  6612  6612 D ActivityThread: Package [com.google.android.accessibility.switchaccess] reported as REPLACED, but missing application info. Assuming REMOVED.
10-22 03:47:47.393  6612  6612 D ActivityThread: Package [com.google.android.accessibility.switchaccess] reported as REPLACED, but missing application info. Assuming REMOVED.
10-22 03:47:47.401  6612  6612 D ActivityThread: Package [com.google.android.gm] reported as REPLACED, but missing application info. Assuming REMOVED.
10-22 03:47:47.404  6612  6612 D ActivityThread: Package [com.google.android.gm] reported as REPLACED, but missing application info. Assuming REMOVED.
10-22 03:47:47.404  6612  6612 D ActivityThread: Package [com.google.android.inputmethod.latin] reported as REPLACED, but missing application info. Assuming REMOVED.
10-22 03:47:47.406  6612  6612 D ActivityThread: Package [com.google.android.inputmethod.latin] reported as REPLACED, but missing application info. Assuming REMOVED.
10-22 03:47:47.408  6612  6612 D ActivityThread: Package [com.google.android.calendar] reported as REPLACED, but missing application info. Assuming REMOVED.
10-22 03:47:47.420  6612  6612 D ActivityThread: Package [com.google.android.calendar] reported as REPLACED, but missing application info. Assuming REMOVED.
10-22 03:47:47.465   692   803 W JobServiceContext: Sending onNetworkChanged for a job that isn't started. JobStatus{91d9320 #u0a199/24 com.google.android.adservices.api/com.android.adservices.service.measurement.reporting.VerboseDebugReportingFallbackJobService u=0 s=10199 TIME=-2m10s100ms:+57m49s900ms NET PERIODIC PERSISTED READY}
10-22 03:47:47.466   692   803 W JobServiceContext: Sending onNetworkChanged for a job that isn't started. JobStatus{798ad7f #u0a199/25 com.google.android.adservices.api/com.android.adservices.service.measurement.reporting.DebugReportingFallbackJobService u=0 s=10199 TIME=-2m10s100ms:+57m49s900ms NET PERIODIC PERSISTED READY}
10-22 03:47:47.467   692   803 W JobServiceContext: Sending onNetworkChanged for a job that isn't started. JobStatus{237a595 #u0a199/7 com.google.android.adservices.api/com.android.adservices.service.measurement.reporting.AggregateReportingJobService u=0 s=10199 TIME=-2m10s101ms:+57m49s899ms NET BATNOTLOW PERIODIC PERSISTED READY}
10-22 03:47:47.468   692   803 W JobServiceContext: Sending onNetworkChanged for a job that isn't started. JobStatus{18c14c #u0a199/19 com.google.android.adservices.api/com.android.adservices.spe.AdServicesJobService u=0 s=10199 TIME=-2m10s102ms:+57m49s898ms NET BATNOTLOW PERIODIC PERSISTED READY}
10-22 03:47:47.473   692   692 W Looper  : Slow dispatch took 149ms main app=system_server main=true group=FOREGROUND h=android.app.ActivityThread$H c=android.app.LoadedApk$ServiceDispatcher$RunConnection@6fecb1a m=0
10-22 03:47:47.561   692   920 D BackgroundInstallControlService: Package event received: 0
10-22 03:47:47.561   692   920 D BackgroundInstallControlService: Package event received: 0
10-22 03:47:47.561   692   920 D BackgroundInstallControlService: Package event received: 0
10-22 03:47:47.561   692   920 D BackgroundInstallControlService: Package event received: 0
10-22 03:47:47.561   692   920 D BackgroundInstallControlService: Package event received: 0
10-22 03:47:47.561   692   920 D BackgroundInstallControlService: Package event received: 0
10-22 03:47:47.561   692   920 D BackgroundInstallControlService: Package event received: 0
10-22 03:47:47.669   692   920 D BackgroundInstallControlService: Package event received: 0
10-22 03:47:47.785   692  1227 W AppOps  : Noting op not finished: uid 10147 pkg com.google.android.gms code 113 startTime of in progress event=1761097596435
10-22 03:47:47.811   692  1227 W AppOps  : Noting op not finished: uid 10147 pkg com.google.android.gms code 79 startTime of in progress event=1761097597272
10-22 03:47:48.787   692  2028 W AppOps  : Noting op not finished: uid 10147 pkg com.google.android.gms code 113 startTime of in progress event=1761097596435
10-22 03:47:57.776   692   814 D ActivityManager: freezing 6612 com.google.android.apps.safetyhub
10-22 03:47:57.777   692   814 D ActivityManager: freezing 1602 com.google.android.gms
10-22 03:47:57.778   692   814 D ActivityManager: freezing 3356 com.google.android.adservices.api
10-22 03:47:57.779   692   814 D ActivityManager: freezing 2224 com.google.android.gms.unstable
10-22 03:47:58.095   692   814 D ActivityManager: freezing 9244 com.android.providers.calendar
10-22 03:50:20.719   692   803 D ActivityManager: sync unfroze 8058 com.google.android.googlequicksearchbox:search for 6
10-22 03:50:20.738   692   803 D ActivityManager: sync unfroze 7432 com.google.android.googlequicksearchbox:googleapp for 6
10-22 03:50:20.758   692  2028 W ProcessStats: Tracking association SourceState{403e895 com.google.android.googlequicksearchbox:googleapp/10149 ImpBg #9880} whose proc state 6 is better than process ProcessState{ec59daa com.google.android.googlequicksearchbox:search/10149 pkg=com.google.android.googlequicksearchbox} proc state 14 (98 skipped)
10-22 03:50:35.758   692   814 D ActivityManager: freezing 7432 com.google.android.googlequicksearchbox:googleapp
10-22 03:50:35.759   692   814 D ActivityManager: freezing 8058 com.google.android.googlequicksearchbox:search
10-22 03:53:06.483   692  2029 W AppOps  : Noting op not finished: uid 10147 pkg com.google.android.gms code 113 startTime of in progress event=1761097596435
10-22 03:53:06.488   692  2029 W AppOps  : Noting op not finished: uid 10147 pkg com.google.android.gms code 79 startTime of in progress event=1761097597272
10-22 03:53:07.485   692  2029 W AppOps  : Noting op not finished: uid 10147 pkg com.google.android.gms code 113 startTime of in progress event=1761097596435
10-22 03:55:04.103   624   624 I wificond: Regulatory domain changed to country: 00 on wiphy_index: 1
10-22 03:55:04.104   624   624 I wificond: UpdateBandInfo
10-22 03:55:04.107   624   624 I wificond: 2.4Ghz frequencies: 2412 2417 2422 2427 2432 2437 2442 2447 2452 2457 2462 2467 2472 2484
10-22 03:55:04.107   624   624 I wificond: 5Ghz non-DFS frequencies:
10-22 03:55:04.107   624   624 I wificond: 5Ghz DFS frequencies: 5180 5200 5220 5240 5260 5280 5300 5320 5500 5520 5540 5560 5580 5600 5620 5640 5660 5680 5700 5745 5765 5785 5805 5825
10-22 03:55:04.107   624   624 I wificond: 6Ghz frequencies:
10-22 03:55:04.107   624   624 I wificond: 60Ghz frequencies:
10-22 03:55:04.160   692   861 W ContextImpl: Calling a method in the system process without a qualified user: android.app.ContextImpl.sendStickyBroadcast:1698 com.android.server.wifi.ClientModeImpl.sendNetworkChangeBroadcast:3140 com.android.server.wifi.ClientModeImpl.lambda$sendNetworkChangeBroadcastWithCurrentState$14:3117 com.android.server.wifi.ClientModeImpl.$r8$lambda$mtuS9ulugUkTxNA_sDDnAioo66w:0 com.android.server.wifi.ClientModeImpl$$ExternalSyntheticLambda13.send:0 
10-22 03:55:04.325   692   868 W ContextImpl: Calling a method in the system process without a qualified user: android.app.ContextImpl.sendStickyBroadcast:1698 android.net.connectivity.com.android.server.ConnectivityService.sendStickyBroadcast:4081 android.net.connectivity.com.android.server.ConnectivityService.sendLegacyNetworkBroadcast:12467 android.net.connectivity.com.android.server.ConnectivityService$LegacyTypeTracker.remove:1333 android.net.connectivity.com.android.server.ConnectivityService$LegacyTypeTracker.remove:1350 
10-22 03:55:04.393   692  1227 D ActivityManager: sync unfroze 6825 com.google.android.apps.messaging for 7
10-22 03:55:04.396   692   868 W ContextImpl: Calling a method in the system process without a qualified user: android.app.ContextImpl.sendStickyBroadcast:1698 android.net.connectivity.com.android.server.ConnectivityService.sendStickyBroadcast:4081 android.net.connectivity.com.android.server.ConnectivityService.sendGeneralBroadcast:4051 android.net.connectivity.com.android.server.ConnectivityService.sendConnectedBroadcast:4024 android.net.connectivity.com.android.server.ConnectivityService.sendLegacyNetworkBroadcast:12439 
10-22 03:55:04.397   692   920 D BackgroundInstallControlService: Package event received: 0
10-22 03:55:04.542   692   803 W ProcessStats: Tracking association SourceState{f31bb7d system/1000 ImpBg #9908} whose proc state 6 is better than process ProcessState{e1e6b11 com.google.android.apps.messaging/10146 pkg=com.google.android.apps.messaging} proc state 14 (8 skipped)
10-22 03:55:04.645   692   803 D ActivityManager: sync unfroze 5813 com.google.android.partnersetup for 6
10-22 03:55:04.659   261   265 W vold    : There is no valid blk device path for data partition
10-22 03:55:04.660   692  9308 W StorageManagerService: Failed to get storage write record
10-22 03:55:04.660   692  9308 I SmartStorageMaintIdler: Got smart storage maintenance service completion callback
10-22 03:55:04.714   692  2029 W JobScheduler: Job didn't exist in JobStore: 2ebbced #u0a140/4096 com.google.android.partnersetup/.InstalledAppJobService
10-22 03:55:04.760   692   746 D ActivityManager: sync unfroze 1671 com.google.android.settings.intelligence for 3
10-22 03:55:07.978   624   624 W wificond: Scan is not started. Ignore abort request
10-22 03:55:07.983   692   861 W ContextImpl: Calling a method in the system process without a qualified user: android.app.ContextImpl.sendStickyBroadcast:1698 com.android.server.wifi.ClientModeImpl.sendNetworkChangeBroadcast:3140 com.android.server.wifi.ClientModeImpl.lambda$sendNetworkChangeBroadcastWithCurrentState$14:3117 com.android.server.wifi.ClientModeImpl.$r8$lambda$mtuS9ulugUkTxNA_sDDnAioo66w:0 com.android.server.wifi.ClientModeImpl$$ExternalSyntheticLambda13.send:0 
10-22 03:55:08.011   692   861 W ContextImpl: Calling a method in the system process without a qualified user: android.app.ContextImpl.sendStickyBroadcast:1698 com.android.server.wifi.ClientModeImpl.sendNetworkChangeBroadcast:3140 com.android.server.wifi.ClientModeImpl.lambda$sendNetworkChangeBroadcastWithCurrentState$14:3117 com.android.server.wifi.ClientModeImpl.$r8$lambda$mtuS9ulugUkTxNA_sDDnAioo66w:0 com.android.server.wifi.ClientModeImpl$$ExternalSyntheticLambda13.send:0 
10-22 03:55:08.082   692   861 W ContextImpl: Calling a method in the system process without a qualified user: android.app.ContextImpl.sendStickyBroadcast:1698 com.android.server.wifi.ClientModeImpl.sendNetworkChangeBroadcast:3140 com.android.server.wifi.ClientModeImpl.lambda$sendNetworkChangeBroadcastWithCurrentState$14:3117 com.android.server.wifi.ClientModeImpl.$r8$lambda$mtuS9ulugUkTxNA_sDDnAioo66w:0 com.android.server.wifi.ClientModeImpl$$ExternalSyntheticLambda13.send:0 
10-22 03:55:08.105   692   861 W ContextImpl: Calling a method in the system process without a qualified user: android.app.ContextImpl.sendStickyBroadcast:1698 com.android.server.wifi.ClientModeImpl.sendNetworkChangeBroadcast:3140 com.android.server.wifi.ClientModeImpl.lambda$sendNetworkChangeBroadcastWithCurrentState$14:3117 com.android.server.wifi.ClientModeImpl.$r8$lambda$mtuS9ulugUkTxNA_sDDnAioo66w:0 com.android.server.wifi.ClientModeImpl$$ExternalSyntheticLambda13.send:0 
10-22 03:55:08.115   478   534 E NetlinkEvent: NetlinkEvent::FindParam(): Parameter 'INTERFACE' not found
10-22 03:55:08.115   478   534 E NetlinkEvent: NetlinkEvent::FindParam(): Parameter 'STATE' not found
10-22 03:55:08.115   478   534 E NetlinkEvent: NetlinkEvent::FindParam(): Parameter 'TIME_NS' not found
10-22 03:55:08.115   478   534 E NetlinkEvent: NetlinkEvent::FindParam(): Parameter 'UID' not found
10-22 03:55:08.437   692   868 W ContextImpl: Calling a method in the system process without a qualified user: android.app.ContextImpl.sendStickyBroadcast:1698 android.net.connectivity.com.android.server.ConnectivityService.sendStickyBroadcast:4081 android.net.connectivity.com.android.server.ConnectivityService.sendLegacyNetworkBroadcast:12467 android.net.connectivity.com.android.server.ConnectivityService$LegacyTypeTracker.remove:1333 android.net.connectivity.com.android.server.ConnectivityService.updateLegacyTypeTrackerAndVpnLockdownForRematch:11927 
10-22 03:55:08.440   692   868 W ContextImpl: Calling a method in the system process without a qualified user: android.app.ContextImpl.sendStickyBroadcast:1698 android.net.connectivity.com.android.server.ConnectivityService.sendStickyBroadcast:4081 android.net.connectivity.com.android.server.ConnectivityService.sendGeneralBroadcast:4051 android.net.connectivity.com.android.server.ConnectivityService.sendConnectedBroadcast:4024 android.net.connectivity.com.android.server.ConnectivityService.sendLegacyNetworkBroadcast:12439 
10-22 03:55:11.037   692   920 D BackgroundInstallControlService: Package event received: 0
10-22 03:55:14.765   692   814 D ActivityManager: freezing 5813 com.google.android.partnersetup
10-22 03:55:41.696   692   814 D ActivityManager: freezing 1671 com.google.android.settings.intelligence
10-22 03:55:47.091   692   814 D ActivityManager: freezing 6825 com.google.android.apps.messaging
10-22 03:56:04.657   692   756 E BluetoothPowerStatsCollector: Cannot acquire BluetoothActivityEnergyInfo
10-22 03:56:04.657   692   756 E BluetoothPowerStatsCollector: java.util.concurrent.ExecutionException: java.lang.RuntimeException: error: 11
10-22 03:56:04.657   692   756 E BluetoothPowerStatsCollector: 	at java.util.concurrent.CompletableFuture.reportGet(CompletableFuture.java:372)
10-22 03:56:04.657   692   756 E BluetoothPowerStatsCollector: 	at java.util.concurrent.CompletableFuture.get(CompletableFuture.java:2072)
10-22 03:56:04.657   692   756 E BluetoothPowerStatsCollector: 	at com.android.server.power.stats.BluetoothPowerStatsCollector.collectBluetoothActivityInfo(BluetoothPowerStatsCollector.java:192)
10-22 03:56:04.657   692   756 E BluetoothPowerStatsCollector: 	at com.android.server.power.stats.BluetoothPowerStatsCollector.collectStats(BluetoothPowerStatsCollector.java:155)
10-22 03:56:04.657   692   756 E BluetoothPowerStatsCollector: 	at com.android.server.power.stats.PowerStatsCollector.collectAndDeliverStats(PowerStatsCollector.java:176)
10-22 03:56:04.657   692   756 E BluetoothPowerStatsCollector: 	at com.android.server.power.stats.PowerStatsCollector$$ExternalSyntheticLambda0.run(R8$$SyntheticClass:0)
10-22 03:56:04.657   692   756 E BluetoothPowerStatsCollector: 	at android.os.Handler.handleCallback(Handler.java:995)
10-22 03:56:04.657   692   756 E BluetoothPowerStatsCollector: 	at android.os.Handler.dispatchMessage(Handler.java:103)
10-22 03:56:04.657   692   756 E BluetoothPowerStatsCollector: 	at android.os.Looper.loopOnce(Looper.java:248)
10-22 03:56:04.657   692   756 E BluetoothPowerStatsCollector: 	at android.os.Looper.loop(Looper.java:338)
10-22 03:56:04.657   692   756 E BluetoothPowerStatsCollector: 	at android.os.HandlerThread.run(HandlerThread.java:85)
10-22 03:56:04.657   692   756 E BluetoothPowerStatsCollector: Caused by: java.lang.RuntimeException: error: 11
10-22 03:56:04.657   692   756 E BluetoothPowerStatsCollector: 	at com.android.server.power.stats.BluetoothPowerStatsCollector$1.onBluetoothActivityEnergyInfoError(BluetoothPowerStatsCollector.java:181)
10-22 03:56:04.657   692   756 E BluetoothPowerStatsCollector: 	at android.bluetooth.BluetoothAdapter$OnBluetoothActivityEnergyInfoProxy.lambda$onBluetoothActivityEnergyInfoAvailable$0(BluetoothAdapter.java:1037)
10-22 03:56:04.657   692   756 E BluetoothPowerStatsCollector: 	at android.bluetooth.BluetoothAdapter$OnBluetoothActivityEnergyInfoProxy$$ExternalSyntheticLambda1.run(D8$$SyntheticClass:0)
10-22 03:56:04.657   692   756 E BluetoothPowerStatsCollector: 	at android.bluetooth.BluetoothUtils.lambda$executeFromBinder$0(BluetoothUtils.java:343)
10-22 03:56:04.657   692   756 E BluetoothPowerStatsCollector: 	at android.bluetooth.BluetoothUtils$$ExternalSyntheticLambda1.run(D8$$SyntheticClass:0)
10-22 03:56:04.657   692   756 E BluetoothPowerStatsCollector: 	at com.android.server.SystemServerInitThreadPool$$ExternalSyntheticLambda0.execute(R8$$SyntheticClass:0)
10-22 03:56:04.657   692   756 E BluetoothPowerStatsCollector: 	at android.bluetooth.BluetoothUtils.executeFromBinder(BluetoothUtils.java:343)
10-22 03:56:04.657   692   756 E BluetoothPowerStatsCollector: 	at android.bluetooth.BluetoothAdapter$OnBluetoothActivityEnergyInfoProxy.onBluetoothActivityEnergyInfoAvailable(BluetoothAdapter.java:1035)
10-22 03:56:04.657   692   756 E BluetoothPowerStatsCollector: 	at android.bluetooth.IBluetoothActivityEnergyInfoListener$Stub.onTransact(IBluetoothActivityEnergyInfoListener.java:98)
10-22 03:56:04.657   692   756 E BluetoothPowerStatsCollector: 	at android.os.Binder.execTransactInternal(Binder.java:1426)
10-22 03:56:04.657   692   756 E BluetoothPowerStatsCollector: 	at android.os.Binder.execTransact(Binder.java:1365)
10-22 03:58:24.602   692   920 D BackgroundInstallControlService: Package event received: 0
10-22 03:58:24.625   692   803 D ActivityManager: sync unfroze 6825 com.google.android.apps.messaging for 6
10-22 03:58:24.694   692  1227 W ProcessStats: Tracking association SourceState{f00fd4e system/1000 ImpBg #9963} whose proc state 6 is better than process ProcessState{e1e6b11 com.google.android.apps.messaging/10146 pkg=com.google.android.apps.messaging} proc state 14 (13 skipped)
10-22 03:58:25.140   692  1181 W AppOps  : Noting op not finished: uid 10147 pkg com.google.android.gms code 113 startTime of in progress event=1761097596435
10-22 03:58:25.143   692   794 W AppOps  : Noting op not finished: uid 10147 pkg com.google.android.gms code 79 startTime of in progress event=1761097597272
10-22 03:58:26.141   692  1184 W AppOps  : Noting op not finished: uid 10147 pkg com.google.android.gms code 113 startTime of in progress event=1761097596435
10-22 03:58:34.785   692   814 D ActivityManager: freezing 6825 com.google.android.apps.messaging
10-22 04:00:00.005   692   746 D ActivityManager: sync unfroze 1196 com.android.settings for 3
10-22 04:00:00.006   692   746 D ActivityManager: sync unfroze 4393 com.android.keychain for 10
10-22 04:00:00.017   692   756 E BluetoothPowerStatsCollector: Cannot acquire BluetoothActivityEnergyInfo
10-22 04:00:00.017   692   756 E BluetoothPowerStatsCollector: java.util.concurrent.ExecutionException: java.lang.RuntimeException: error: 11
10-22 04:00:00.017   692   756 E BluetoothPowerStatsCollector: 	at java.util.concurrent.CompletableFuture.reportGet(CompletableFuture.java:372)
10-22 04:00:00.017   692   756 E BluetoothPowerStatsCollector: 	at java.util.concurrent.CompletableFuture.get(CompletableFuture.java:2072)
10-22 04:00:00.017   692   756 E BluetoothPowerStatsCollector: 	at com.android.server.power.stats.BluetoothPowerStatsCollector.collectBluetoothActivityInfo(BluetoothPowerStatsCollector.java:192)
10-22 04:00:00.017   692   756 E BluetoothPowerStatsCollector: 	at com.android.server.power.stats.BluetoothPowerStatsCollector.collectStats(BluetoothPowerStatsCollector.java:155)
10-22 04:00:00.017   692   756 E BluetoothPowerStatsCollector: 	at com.android.server.power.stats.PowerStatsCollector.collectAndDeliverStats(PowerStatsCollector.java:176)
10-22 04:00:00.017   692   756 E BluetoothPowerStatsCollector: 	at com.android.server.power.stats.PowerStatsCollector$$ExternalSyntheticLambda0.run(R8$$SyntheticClass:0)
10-22 04:00:00.017   692   756 E BluetoothPowerStatsCollector: 	at android.os.Handler.handleCallback(Handler.java:995)
10-22 04:00:00.017   692   756 E BluetoothPowerStatsCollector: 	at android.os.Handler.dispatchMessage(Handler.java:103)
10-22 04:00:00.017   692   756 E BluetoothPowerStatsCollector: 	at android.os.Looper.loopOnce(Looper.java:248)
10-22 04:00:00.017   692   756 E BluetoothPowerStatsCollector: 	at android.os.Looper.loop(Looper.java:338)
10-22 04:00:00.017   692   756 E BluetoothPowerStatsCollector: 	at android.os.HandlerThread.run(HandlerThread.java:85)
10-22 04:00:00.017   692   756 E BluetoothPowerStatsCollector: Caused by: java.lang.RuntimeException: error: 11
10-22 04:00:00.017   692   756 E BluetoothPowerStatsCollector: 	at com.android.server.power.stats.BluetoothPowerStatsCollector$1.onBluetoothActivityEnergyInfoError(BluetoothPowerStatsCollector.java:181)
10-22 04:00:00.017   692   756 E BluetoothPowerStatsCollector: 	at android.bluetooth.BluetoothAdapter$OnBluetoothActivityEnergyInfoProxy.lambda$onBluetoothActivityEnergyInfoAvailable$0(BluetoothAdapter.java:1037)
10-22 04:00:00.017   692   756 E BluetoothPowerStatsCollector: 	at android.bluetooth.BluetoothAdapter$OnBluetoothActivityEnergyInfoProxy$$ExternalSyntheticLambda1.run(D8$$SyntheticClass:0)
10-22 04:00:00.017   692   756 E BluetoothPowerStatsCollector: 	at android.bluetooth.BluetoothUtils.lambda$executeFromBinder$0(BluetoothUtils.java:343)
10-22 04:00:00.017   692   756 E BluetoothPowerStatsCollector: 	at android.bluetooth.BluetoothUtils$$ExternalSyntheticLambda1.run(D8$$SyntheticClass:0)
10-22 04:00:00.017   692   756 E BluetoothPowerStatsCollector: 	at com.android.server.SystemServerInitThreadPool$$ExternalSyntheticLambda0.execute(R8$$SyntheticClass:0)
10-22 04:00:00.017   692   756 E BluetoothPowerStatsCollector: 	at android.bluetooth.BluetoothUtils.executeFromBinder(BluetoothUtils.java:343)
10-22 04:00:00.017   692   756 E BluetoothPowerStatsCollector: 	at android.bluetooth.BluetoothAdapter$OnBluetoothActivityEnergyInfoProxy.onBluetoothActivityEnergyInfoAvailable(BluetoothAdapter.java:1035)
10-22 04:00:00.017   692   756 E BluetoothPowerStatsCollector: 	at android.bluetooth.IBluetoothActivityEnergyInfoListener$Stub.onTransact(IBluetoothActivityEnergyInfoListener.java:98)
10-22 04:00:00.017   692   756 E BluetoothPowerStatsCollector: 	at android.os.Binder.execTransactInternal(Binder.java:1426)
10-22 04:00:00.017   692   756 E BluetoothPowerStatsCollector: 	at android.os.Binder.execTransact(Binder.java:1365)
10-22 04:00:00.105   692   756 E BluetoothPowerStatsCollector: Cannot acquire BluetoothActivityEnergyInfo
10-22 04:00:00.105   692   756 E BluetoothPowerStatsCollector: java.util.concurrent.ExecutionException: java.lang.RuntimeException: error: 11
10-22 04:00:00.105   692   756 E BluetoothPowerStatsCollector: 	at java.util.concurrent.CompletableFuture.reportGet(CompletableFuture.java:372)
10-22 04:00:00.105   692   756 E BluetoothPowerStatsCollector: 	at java.util.concurrent.CompletableFuture.get(CompletableFuture.java:2072)
10-22 04:00:00.105   692   756 E BluetoothPowerStatsCollector: 	at com.android.server.power.stats.BluetoothPowerStatsCollector.collectBluetoothActivityInfo(BluetoothPowerStatsCollector.java:192)
10-22 04:00:00.105   692   756 E BluetoothPowerStatsCollector: 	at com.android.server.power.stats.BluetoothPowerStatsCollector.collectStats(BluetoothPowerStatsCollector.java:155)
10-22 04:00:00.105   692   756 E BluetoothPowerStatsCollector: 	at com.android.server.power.stats.PowerStatsCollector.collectAndDeliverStats(PowerStatsCollector.java:176)
10-22 04:00:00.105   692   756 E BluetoothPowerStatsCollector: 	at com.android.server.power.stats.PowerStatsCollector$$ExternalSyntheticLambda0.run(R8$$SyntheticClass:0)
10-22 04:00:00.105   692   756 E BluetoothPowerStatsCollector: 	at android.os.Handler.handleCallback(Handler.java:995)
10-22 04:00:00.105   692   756 E BluetoothPowerStatsCollector: 	at android.os.Handler.dispatchMessage(Handler.java:103)
10-22 04:00:00.105   692   756 E BluetoothPowerStatsCollector: 	at android.os.Looper.loopOnce(Looper.java:248)
10-22 04:00:00.105   692   756 E BluetoothPowerStatsCollector: 	at android.os.Looper.loop(Looper.java:338)
10-22 04:00:00.105   692   756 E BluetoothPowerStatsCollector: 	at android.os.HandlerThread.run(HandlerThread.java:85)
10-22 04:00:00.105   692   756 E BluetoothPowerStatsCollector: Caused by: java.lang.RuntimeException: error: 11
10-22 04:00:00.105   692   756 E BluetoothPowerStatsCollector: 	at com.android.server.power.stats.BluetoothPowerStatsCollector$1.onBluetoothActivityEnergyInfoError(BluetoothPowerStatsCollector.java:181)
10-22 04:00:00.105   692   756 E BluetoothPowerStatsCollector: 	at android.bluetooth.BluetoothAdapter$OnBluetoothActivityEnergyInfoProxy.lambda$onBluetoothActivityEnergyInfoAvailable$0(BluetoothAdapter.java:1037)
10-22 04:00:00.105   692   756 E BluetoothPowerStatsCollector: 	at android.bluetooth.BluetoothAdapter$OnBluetoothActivityEnergyInfoProxy$$ExternalSyntheticLambda1.run(D8$$SyntheticClass:0)
10-22 04:00:00.105   692   756 E BluetoothPowerStatsCollector: 	at android.bluetooth.BluetoothUtils.lambda$executeFromBinder$0(BluetoothUtils.java:343)
10-22 04:00:00.105   692   756 E BluetoothPowerStatsCollector: 	at android.bluetooth.BluetoothUtils$$ExternalSyntheticLambda1.run(D8$$SyntheticClass:0)
10-22 04:00:00.105   692   756 E BluetoothPowerStatsCollector: 	at com.android.server.SystemServerInitThreadPool$$ExternalSyntheticLambda0.execute(R8$$SyntheticClass:0)
10-22 04:00:00.105   692   756 E BluetoothPowerStatsCollector: 	at android.bluetooth.BluetoothUtils.executeFromBinder(BluetoothUtils.java:343)
10-22 04:00:00.105   692   756 E BluetoothPowerStatsCollector: 	at android.bluetooth.BluetoothAdapter$OnBluetoothActivityEnergyInfoProxy.onBluetoothActivityEnergyInfoAvailable(BluetoothAdapter.java:1035)
10-22 04:00:00.105   692   756 E BluetoothPowerStatsCollector: 	at android.bluetooth.IBluetoothActivityEnergyInfoListener$Stub.onTransact(IBluetoothActivityEnergyInfoListener.java:98)
10-22 04:00:00.105   692   756 E BluetoothPowerStatsCollector: 	at android.os.Binder.execTransactInternal(Binder.java:1426)
10-22 04:00:00.105   692   756 E BluetoothPowerStatsCollector: 	at android.os.Binder.execTransact(Binder.java:1365)
10-22 04:00:00.256   692  1674 W AppOpService: Ignored setUidMode call for runtime permission app op: uid = 10146, code = READ_CELL_BROADCASTS, mode = allow, callingUid = 1000, oldMode = allow
10-22 04:00:00.258   692  1674 W AppOpService: Ignored setUidMode call for runtime permission app op: uid = 1001, code = READ_SMS, mode = allow, callingUid = 1000, oldMode = allow
10-22 04:00:00.259   692  1674 W AppOpService: Ignored setUidMode call for runtime permission app op: uid = 1001, code = RECEIVE_SMS, mode = allow, callingUid = 1000, oldMode = allow
10-22 04:00:00.259   692  1674 W AppOpService: Ignored setUidMode call for runtime permission app op: uid = 1001, code = RECEIVE_WAP_PUSH, mode = allow, callingUid = 1000, oldMode = allow
