10-22 01:00:00.097   692   756 E BluetoothPowerStatsCollector: 	at android.os.Handler.handleCallback(Handler.java:995)
10-22 01:00:00.097   692   756 E BluetoothPowerStatsCollector: 	at android.os.Handler.dispatchMessage(Handler.java:103)
10-22 01:00:00.097   692   756 E BluetoothPowerStatsCollector: 	at android.os.Looper.loopOnce(Looper.java:248)
10-22 01:00:00.097   692   756 E BluetoothPowerStatsCollector: 	at android.os.Looper.loop(Looper.java:338)
10-22 01:00:00.097   692   756 E BluetoothPowerStatsCollector: 	at android.os.HandlerThread.run(HandlerThread.java:85)
10-22 01:00:00.097   692   756 E BluetoothPowerStatsCollector: Caused by: java.lang.RuntimeException: error: 11
10-22 01:00:00.097   692   756 E BluetoothPowerStatsCollector: 	at com.android.server.power.stats.BluetoothPowerStatsCollector$1.onBluetoothActivityEnergyInfoError(BluetoothPowerStatsCollector.java:181)
10-22 01:00:00.097   692   756 E BluetoothPowerStatsCollector: 	at android.bluetooth.BluetoothAdapter$OnBluetoothActivityEnergyInfoProxy.lambda$onBluetoothActivityEnergyInfoAvailable$0(BluetoothAdapter.java:1037)
10-22 01:00:00.097   692   756 E BluetoothPowerStatsCollector: 	at android.bluetooth.BluetoothAdapter$OnBluetoothActivityEnergyInfoProxy$$ExternalSyntheticLambda1.run(D8$$SyntheticClass:0)
10-22 01:00:00.097   692   756 E BluetoothPowerStatsCollector: 	at android.bluetooth.BluetoothUtils.lambda$executeFromBinder$0(BluetoothUtils.java:343)
10-22 01:00:00.097   692   756 E BluetoothPowerStatsCollector: 	at android.bluetooth.BluetoothUtils$$ExternalSyntheticLambda1.run(D8$$SyntheticClass:0)
10-22 01:00:00.097   692   756 E BluetoothPowerStatsCollector: 	at com.android.server.SystemServerInitThreadPool$$ExternalSyntheticLambda0.execute(R8$$SyntheticClass:0)
10-22 01:00:00.097   692   756 E BluetoothPowerStatsCollector: 	at android.bluetooth.BluetoothUtils.executeFromBinder(BluetoothUtils.java:343)
10-22 01:00:00.097   692   756 E BluetoothPowerStatsCollector: 	at android.bluetooth.BluetoothAdapter$OnBluetoothActivityEnergyInfoProxy.onBluetoothActivityEnergyInfoAvailable(BluetoothAdapter.java:1035)
10-22 01:00:00.097   692   756 E BluetoothPowerStatsCollector: 	at android.bluetooth.IBluetoothActivityEnergyInfoListener$Stub.onTransact(IBluetoothActivityEnergyInfoListener.java:98)
10-22 01:00:00.097   692   756 E BluetoothPowerStatsCollector: 	at android.os.Binder.execTransactInternal(Binder.java:1426)
10-22 01:00:00.097   692   756 E BluetoothPowerStatsCollector: 	at android.os.Binder.execTransact(Binder.java:1365)
10-22 01:00:20.025   692   814 D ActivityManager: freezing 1196 com.android.settings
10-22 01:00:20.026   692   814 D ActivityManager: freezing 4393 com.android.keychain
10-22 01:03:08.724   692   803 D ActivityManager: sync unfroze 6825 com.google.android.apps.messaging for 6
10-22 01:03:08.736   692  1227 W ProcessStats: Tracking association SourceState{f31bb7d system/1000 ImpBg #9173} whose proc state 6 is better than process ProcessState{e1e6b11 com.google.android.apps.messaging/10146 pkg=com.google.android.apps.messaging} proc state 14 (1 skipped)
10-22 01:03:08.760   692  1227 D ActivityManager: sync unfroze 1602 com.google.android.gms for 6
10-22 01:03:08.761   692  1227 D ActivityManager: sync unfroze 3356 com.google.android.adservices.api for 6
10-22 01:03:08.770   692  1227 D ActivityManager: sync unfroze 2224 com.google.android.gms.unstable for 6
10-22 01:03:09.252   692  1227 W AppOps  : Noting op not finished: uid 10147 pkg com.google.android.gms code 113 startTime of in progress event=1761097596435
10-22 01:03:09.257   692  1226 W AppOps  : Noting op not finished: uid 10147 pkg com.google.android.gms code 79 startTime of in progress event=1761097597272
10-22 01:03:10.254   692   731 W AppOps  : Noting op not finished: uid 10147 pkg com.google.android.gms code 113 startTime of in progress event=1761097596435
10-22 01:03:18.909   692   814 D ActivityManager: freezing 1602 com.google.android.gms
10-22 01:03:18.910   692   814 D ActivityManager: freezing 3356 com.google.android.adservices.api
10-22 01:03:18.910   692   814 D ActivityManager: freezing 2224 com.google.android.gms.unstable
10-22 01:03:18.912   692   814 D ActivityManager: freezing 6825 com.google.android.apps.messaging
10-22 01:05:21.628   692   746 D ActivityManager: sync unfroze 7432 com.google.android.googlequicksearchbox:googleapp for 3
10-22 01:05:21.630   692   746 D ActivityManager: sync unfroze 8058 com.google.android.googlequicksearchbox:search for 3
10-22 01:05:21.634   692   920 D BackgroundInstallControlService: Package event received: 0
10-22 01:05:30.871   692   932 E ClipboardService: Denying clipboard access to com.android.chrome, application is not in focus nor is it a system service for user 0
10-22 01:05:30.873   692   931 E ClipboardService: Denying clipboard access to com.android.chrome, application is not in focus nor is it a system service for user 0
10-22 01:05:36.830   692   802 I UsageStatsService: User[0] Flushing usage stats to disk
10-22 01:05:36.863   692   920 D BackgroundInstallControlService: Package event received: 0
10-22 01:05:41.697   692   814 D ActivityManager: freezing 8058 com.google.android.googlequicksearchbox:search
10-22 01:05:41.698   692   814 D ActivityManager: freezing 7432 com.google.android.googlequicksearchbox:googleapp
10-22 01:05:56.263   692   920 D BackgroundInstallControlService: Package event received: 0
10-22 01:05:56.263   692   920 D BackgroundInstallControlService: Package event received: 0
10-22 01:05:56.263   692   920 D BackgroundInstallControlService: Package event received: 0
10-22 01:05:56.264   692   920 D BackgroundInstallControlService: Package event received: 0
10-22 01:05:56.264   692   920 D BackgroundInstallControlService: Package event received: 0
10-22 01:05:56.264   692   920 D BackgroundInstallControlService: Package event received: 0
10-22 01:05:56.264   692   920 D BackgroundInstallControlService: Package event received: 0
10-22 01:05:56.284   692   793 D ActivityManager: sync unfroze 1602 com.google.android.gms for 6
10-22 01:05:56.306   692   793 D ActivityManager: sync unfroze 3356 com.google.android.adservices.api for 6
10-22 01:05:56.307   692   793 D ActivityManager: sync unfroze 2224 com.google.android.gms.unstable for 6
10-22 01:05:56.314   692  2028 W ProcessStats: Tracking association SourceState{fa74e8a com.google.android.gms/10147 ImpBg #9206} whose proc state 6 is better than process ProcessState{d9cbd57 com.google.android.adservices.api/10199 pkg=com.google.android.adservices.api} proc state 14 (4 skipped)
10-22 01:05:56.389   692   920 D BackgroundInstallControlService: Package event received: 0
10-22 01:06:06.942   692   814 D ActivityManager: freezing 1602 com.google.android.gms
10-22 01:06:06.944   692   814 D ActivityManager: freezing 3356 com.google.android.adservices.api
10-22 01:06:11.500   692   814 D ActivityManager: freezing 2224 com.google.android.gms.unstable
10-22 01:06:56.312   692   756 E BluetoothPowerStatsCollector: Cannot acquire BluetoothActivityEnergyInfo
10-22 01:06:56.312   692   756 E BluetoothPowerStatsCollector: java.util.concurrent.ExecutionException: java.lang.RuntimeException: error: 11
10-22 01:06:56.312   692   756 E BluetoothPowerStatsCollector: 	at java.util.concurrent.CompletableFuture.reportGet(CompletableFuture.java:372)
10-22 01:06:56.312   692   756 E BluetoothPowerStatsCollector: 	at java.util.concurrent.CompletableFuture.get(CompletableFuture.java:2072)
10-22 01:06:56.312   692   756 E BluetoothPowerStatsCollector: 	at com.android.server.power.stats.BluetoothPowerStatsCollector.collectBluetoothActivityInfo(BluetoothPowerStatsCollector.java:192)
10-22 01:06:56.312   692   756 E BluetoothPowerStatsCollector: 	at com.android.server.power.stats.BluetoothPowerStatsCollector.collectStats(BluetoothPowerStatsCollector.java:155)
10-22 01:06:56.312   692   756 E BluetoothPowerStatsCollector: 	at com.android.server.power.stats.PowerStatsCollector.collectAndDeliverStats(PowerStatsCollector.java:176)
10-22 01:06:56.312   692   756 E BluetoothPowerStatsCollector: 	at com.android.server.power.stats.PowerStatsCollector$$ExternalSyntheticLambda0.run(R8$$SyntheticClass:0)
10-22 01:06:56.312   692   756 E BluetoothPowerStatsCollector: 	at android.os.Handler.handleCallback(Handler.java:995)
10-22 01:06:56.312   692   756 E BluetoothPowerStatsCollector: 	at android.os.Handler.dispatchMessage(Handler.java:103)
10-22 01:06:56.312   692   756 E BluetoothPowerStatsCollector: 	at android.os.Looper.loopOnce(Looper.java:248)
10-22 01:06:56.312   692   756 E BluetoothPowerStatsCollector: 	at android.os.Looper.loop(Looper.java:338)
10-22 01:06:56.312   692   756 E BluetoothPowerStatsCollector: 	at android.os.HandlerThread.run(HandlerThread.java:85)
10-22 01:06:56.312   692   756 E BluetoothPowerStatsCollector: Caused by: java.lang.RuntimeException: error: 11
10-22 01:06:56.312   692   756 E BluetoothPowerStatsCollector: 	at com.android.server.power.stats.BluetoothPowerStatsCollector$1.onBluetoothActivityEnergyInfoError(BluetoothPowerStatsCollector.java:181)
10-22 01:06:56.312   692   756 E BluetoothPowerStatsCollector: 	at android.bluetooth.BluetoothAdapter$OnBluetoothActivityEnergyInfoProxy.lambda$onBluetoothActivityEnergyInfoAvailable$0(BluetoothAdapter.java:1037)
10-22 01:06:56.312   692   756 E BluetoothPowerStatsCollector: 	at android.bluetooth.BluetoothAdapter$OnBluetoothActivityEnergyInfoProxy$$ExternalSyntheticLambda1.run(D8$$SyntheticClass:0)
10-22 01:06:56.312   692   756 E BluetoothPowerStatsCollector: 	at android.bluetooth.BluetoothUtils.lambda$executeFromBinder$0(BluetoothUtils.java:343)
10-22 01:06:56.312   692   756 E BluetoothPowerStatsCollector: 	at android.bluetooth.BluetoothUtils$$ExternalSyntheticLambda1.run(D8$$SyntheticClass:0)
10-22 01:06:56.312   692   756 E BluetoothPowerStatsCollector: 	at com.android.server.SystemServerInitThreadPool$$ExternalSyntheticLambda0.execute(R8$$SyntheticClass:0)
10-22 01:06:56.312   692   756 E BluetoothPowerStatsCollector: 	at android.bluetooth.BluetoothUtils.executeFromBinder(BluetoothUtils.java:343)
10-22 01:06:56.312   692   756 E BluetoothPowerStatsCollector: 	at android.bluetooth.BluetoothAdapter$OnBluetoothActivityEnergyInfoProxy.onBluetoothActivityEnergyInfoAvailable(BluetoothAdapter.java:1035)
10-22 01:06:56.312   692   756 E BluetoothPowerStatsCollector: 	at android.bluetooth.IBluetoothActivityEnergyInfoListener$Stub.onTransact(IBluetoothActivityEnergyInfoListener.java:98)
10-22 01:06:56.312   692   756 E BluetoothPowerStatsCollector: 	at android.os.Binder.execTransactInternal(Binder.java:1426)
10-22 01:06:56.312   692   756 E BluetoothPowerStatsCollector: 	at android.os.Binder.execTransact(Binder.java:1365)
10-22 01:08:27.369   692   920 D BackgroundInstallControlService: Package event received: 0
10-22 01:08:27.906   692   731 W AppOps  : Noting op not finished: uid 10147 pkg com.google.android.gms code 113 startTime of in progress event=1761097596435
10-22 01:08:27.910   692   731 W AppOps  : Noting op not finished: uid 10147 pkg com.google.android.gms code 79 startTime of in progress event=1761097597272
10-22 01:08:28.907   692  2029 W AppOps  : Noting op not finished: uid 10147 pkg com.google.android.gms code 113 startTime of in progress event=1761097596435
10-22 01:13:46.561   692  2028 W AppOps  : Noting op not finished: uid 10147 pkg com.google.android.gms code 113 startTime of in progress event=1761097596435
10-22 01:13:46.565   692   793 W AppOps  : Noting op not finished: uid 10147 pkg com.google.android.gms code 79 startTime of in progress event=1761097597272
10-22 01:13:47.563   692  2029 W AppOps  : Noting op not finished: uid 10147 pkg com.google.android.gms code 113 startTime of in progress event=1761097596435
10-22 01:15:17.619   692   756 E BluetoothPowerStatsCollector: Cannot acquire BluetoothActivityEnergyInfo
10-22 01:15:17.619   692   756 E BluetoothPowerStatsCollector: java.util.concurrent.ExecutionException: java.lang.RuntimeException: error: 11
10-22 01:15:17.619   692   756 E BluetoothPowerStatsCollector: 	at java.util.concurrent.CompletableFuture.reportGet(CompletableFuture.java:372)
10-22 01:15:17.619   692   756 E BluetoothPowerStatsCollector: 	at java.util.concurrent.CompletableFuture.get(CompletableFuture.java:2072)
10-22 01:15:17.619   692   756 E BluetoothPowerStatsCollector: 	at com.android.server.power.stats.BluetoothPowerStatsCollector.collectBluetoothActivityInfo(BluetoothPowerStatsCollector.java:192)
10-22 01:15:17.619   692   756 E BluetoothPowerStatsCollector: 	at com.android.server.power.stats.BluetoothPowerStatsCollector.collectStats(BluetoothPowerStatsCollector.java:155)
10-22 01:15:17.619   692   756 E BluetoothPowerStatsCollector: 	at com.android.server.power.stats.PowerStatsCollector.collectAndDeliverStats(PowerStatsCollector.java:176)
10-22 01:15:17.619   692   756 E BluetoothPowerStatsCollector: 	at com.android.server.power.stats.PowerStatsCollector$$ExternalSyntheticLambda0.run(R8$$SyntheticClass:0)
10-22 01:15:17.619   692   756 E BluetoothPowerStatsCollector: 	at android.os.Handler.handleCallback(Handler.java:995)
10-22 01:15:17.619   692   756 E BluetoothPowerStatsCollector: 	at android.os.Handler.dispatchMessage(Handler.java:103)
10-22 01:15:17.619   692   756 E BluetoothPowerStatsCollector: 	at android.os.Looper.loopOnce(Looper.java:248)
10-22 01:15:17.619   692   756 E BluetoothPowerStatsCollector: 	at android.os.Looper.loop(Looper.java:338)
10-22 01:15:17.619   692   756 E BluetoothPowerStatsCollector: 	at android.os.HandlerThread.run(HandlerThread.java:85)
10-22 01:15:17.619   692   756 E BluetoothPowerStatsCollector: Caused by: java.lang.RuntimeException: error: 11
10-22 01:15:17.619   692   756 E BluetoothPowerStatsCollector: 	at com.android.server.power.stats.BluetoothPowerStatsCollector$1.onBluetoothActivityEnergyInfoError(BluetoothPowerStatsCollector.java:181)
10-22 01:15:17.619   692   756 E BluetoothPowerStatsCollector: 	at android.bluetooth.BluetoothAdapter$OnBluetoothActivityEnergyInfoProxy.lambda$onBluetoothActivityEnergyInfoAvailable$0(BluetoothAdapter.java:1037)
10-22 01:15:17.619   692   756 E BluetoothPowerStatsCollector: 	at android.bluetooth.BluetoothAdapter$OnBluetoothActivityEnergyInfoProxy$$ExternalSyntheticLambda1.run(D8$$SyntheticClass:0)
10-22 01:15:17.619   692   756 E BluetoothPowerStatsCollector: 	at android.bluetooth.BluetoothUtils.lambda$executeFromBinder$0(BluetoothUtils.java:343)
10-22 01:15:17.619   692   756 E BluetoothPowerStatsCollector: 	at android.bluetooth.BluetoothUtils$$ExternalSyntheticLambda1.run(D8$$SyntheticClass:0)
10-22 01:15:17.619   692   756 E BluetoothPowerStatsCollector: 	at com.android.server.SystemServerInitThreadPool$$ExternalSyntheticLambda0.execute(R8$$SyntheticClass:0)
10-22 01:15:17.619   692   756 E BluetoothPowerStatsCollector: 	at android.bluetooth.BluetoothUtils.executeFromBinder(BluetoothUtils.java:343)
10-22 01:15:17.619   692   756 E BluetoothPowerStatsCollector: 	at android.bluetooth.BluetoothAdapter$OnBluetoothActivityEnergyInfoProxy.onBluetoothActivityEnergyInfoAvailable(BluetoothAdapter.java:1035)
10-22 01:15:17.619   692   756 E BluetoothPowerStatsCollector: 	at android.bluetooth.IBluetoothActivityEnergyInfoListener$Stub.onTransact(IBluetoothActivityEnergyInfoListener.java:98)
10-22 01:15:17.619   692   756 E BluetoothPowerStatsCollector: 	at android.os.Binder.execTransactInternal(Binder.java:1426)
10-22 01:15:17.619   692   756 E BluetoothPowerStatsCollector: 	at android.os.Binder.execTransact(Binder.java:1365)
10-22 01:19:04.679   692   920 D BackgroundInstallControlService: Package event received: 0
10-22 01:19:05.215   692   731 W AppOps  : Noting op not finished: uid 10147 pkg com.google.android.gms code 113 startTime of in progress event=1761097596435
10-22 01:19:05.219   692  1226 W AppOps  : Noting op not finished: uid 10147 pkg com.google.android.gms code 79 startTime of in progress event=1761097597272
10-22 01:19:06.217   692   731 W AppOps  : Noting op not finished: uid 10147 pkg com.google.android.gms code 113 startTime of in progress event=1761097596435
10-22 01:24:23.892   692  1227 W AppOps  : Noting op not finished: uid 10147 pkg com.google.android.gms code 113 startTime of in progress event=1761097596435
10-22 01:24:23.896   692  1227 W AppOps  : Noting op not finished: uid 10147 pkg com.google.android.gms code 79 startTime of in progress event=1761097597272
10-22 01:24:24.894   692   731 W AppOps  : Noting op not finished: uid 10147 pkg com.google.android.gms code 113 startTime of in progress event=1761097596435
10-22 01:25:36.964   692   802 I UsageStatsService: User[0] Flushing usage stats to disk
10-22 01:25:36.994   692   920 D BackgroundInstallControlService: Package event received: 0
10-22 01:29:42.010   692   920 D BackgroundInstallControlService: Package event received: 0
10-22 01:29:42.546   692  1227 W AppOps  : Noting op not finished: uid 10147 pkg com.google.android.gms code 113 startTime of in progress event=1761097596435
10-22 01:29:42.551   692  1184 W AppOps  : Noting op not finished: uid 10147 pkg com.google.android.gms code 79 startTime of in progress event=1761097597272
10-22 01:29:43.547   692  1227 W AppOps  : Noting op not finished: uid 10147 pkg com.google.android.gms code 113 startTime of in progress event=1761097596435
10-22 01:34:25.432   692   920 D BackgroundInstallControlService: Package event received: 0
10-22 01:34:25.433   692   731 D ActivityManager: sync unfroze 3091 com.google.android.permissioncontroller for 6
10-22 01:35:01.203   692  2028 W AppOps  : Noting op not finished: uid 10147 pkg com.google.android.gms code 113 startTime of in progress event=1761097596435
10-22 01:35:01.207   692  2028 W AppOps  : Noting op not finished: uid 10147 pkg com.google.android.gms code 79 startTime of in progress event=1761097597272
10-22 01:35:02.206   692  2028 W AppOps  : Noting op not finished: uid 10147 pkg com.google.android.gms code 113 startTime of in progress event=1761097596435
10-22 01:35:05.500   692   814 D ActivityManager: freezing 3091 com.google.android.permissioncontroller
10-22 01:35:25.446   692   756 E BluetoothPowerStatsCollector: Cannot acquire BluetoothActivityEnergyInfo
10-22 01:35:25.446   692   756 E BluetoothPowerStatsCollector: java.util.concurrent.ExecutionException: java.lang.RuntimeException: error: 11
10-22 01:35:25.446   692   756 E BluetoothPowerStatsCollector: 	at java.util.concurrent.CompletableFuture.reportGet(CompletableFuture.java:372)
10-22 01:35:25.446   692   756 E BluetoothPowerStatsCollector: 	at java.util.concurrent.CompletableFuture.get(CompletableFuture.java:2072)
10-22 01:35:25.446   692   756 E BluetoothPowerStatsCollector: 	at com.android.server.power.stats.BluetoothPowerStatsCollector.collectBluetoothActivityInfo(BluetoothPowerStatsCollector.java:192)
10-22 01:35:25.446   692   756 E BluetoothPowerStatsCollector: 	at com.android.server.power.stats.BluetoothPowerStatsCollector.collectStats(BluetoothPowerStatsCollector.java:155)
10-22 01:35:25.446   692   756 E BluetoothPowerStatsCollector: 	at com.android.server.power.stats.PowerStatsCollector.collectAndDeliverStats(PowerStatsCollector.java:176)
10-22 01:35:25.446   692   756 E BluetoothPowerStatsCollector: 	at com.android.server.power.stats.PowerStatsCollector$$ExternalSyntheticLambda0.run(R8$$SyntheticClass:0)
10-22 01:35:25.446   692   756 E BluetoothPowerStatsCollector: 	at android.os.Handler.handleCallback(Handler.java:995)
10-22 01:35:25.446   692   756 E BluetoothPowerStatsCollector: 	at android.os.Handler.dispatchMessage(Handler.java:103)
10-22 01:35:25.446   692   756 E BluetoothPowerStatsCollector: 	at android.os.Looper.loopOnce(Looper.java:248)
10-22 01:35:25.446   692   756 E BluetoothPowerStatsCollector: 	at android.os.Looper.loop(Looper.java:338)
10-22 01:35:25.446   692   756 E BluetoothPowerStatsCollector: 	at android.os.HandlerThread.run(HandlerThread.java:85)
10-22 01:35:25.446   692   756 E BluetoothPowerStatsCollector: Caused by: java.lang.RuntimeException: error: 11
10-22 01:35:25.446   692   756 E BluetoothPowerStatsCollector: 	at com.android.server.power.stats.BluetoothPowerStatsCollector$1.onBluetoothActivityEnergyInfoError(BluetoothPowerStatsCollector.java:181)
10-22 01:35:25.446   692   756 E BluetoothPowerStatsCollector: 	at android.bluetooth.BluetoothAdapter$OnBluetoothActivityEnergyInfoProxy.lambda$onBluetoothActivityEnergyInfoAvailable$0(BluetoothAdapter.java:1037)
10-22 01:35:25.446   692   756 E BluetoothPowerStatsCollector: 	at android.bluetooth.BluetoothAdapter$OnBluetoothActivityEnergyInfoProxy$$ExternalSyntheticLambda1.run(D8$$SyntheticClass:0)
10-22 01:35:25.446   692   756 E BluetoothPowerStatsCollector: 	at android.bluetooth.BluetoothUtils.lambda$executeFromBinder$0(BluetoothUtils.java:343)
10-22 01:35:25.446   692   756 E BluetoothPowerStatsCollector: 	at android.bluetooth.BluetoothUtils$$ExternalSyntheticLambda1.run(D8$$SyntheticClass:0)
10-22 01:35:25.446   692   756 E BluetoothPowerStatsCollector: 	at com.android.server.SystemServerInitThreadPool$$ExternalSyntheticLambda0.execute(R8$$SyntheticClass:0)
10-22 01:35:25.446   692   756 E BluetoothPowerStatsCollector: 	at android.bluetooth.BluetoothUtils.executeFromBinder(BluetoothUtils.java:343)
10-22 01:35:25.446   692   756 E BluetoothPowerStatsCollector: 	at android.bluetooth.BluetoothAdapter$OnBluetoothActivityEnergyInfoProxy.onBluetoothActivityEnergyInfoAvailable(BluetoothAdapter.java:1035)
10-22 01:35:25.446   692   756 E BluetoothPowerStatsCollector: 	at android.bluetooth.IBluetoothActivityEnergyInfoListener$Stub.onTransact(IBluetoothActivityEnergyInfoListener.java:98)
10-22 01:35:25.446   692   756 E BluetoothPowerStatsCollector: 	at android.os.Binder.execTransactInternal(Binder.java:1426)
10-22 01:35:25.446   692   756 E BluetoothPowerStatsCollector: 	at android.os.Binder.execTransact(Binder.java:1365)
10-22 01:40:19.323   692   920 D BackgroundInstallControlService: Package event received: 0
10-22 01:40:19.857   692  2028 W AppOps  : Noting op not finished: uid 10147 pkg com.google.android.gms code 113 startTime of in progress event=1761097596435
10-22 01:40:19.861   692  2028 W AppOps  : Noting op not finished: uid 10147 pkg com.google.android.gms code 79 startTime of in progress event=1761097597272
10-22 01:40:20.858   692  2028 W AppOps  : Noting op not finished: uid 10147 pkg com.google.android.gms code 113 startTime of in progress event=1761097596435
10-22 01:45:17.621   692   756 E BluetoothPowerStatsCollector: Cannot acquire BluetoothActivityEnergyInfo
10-22 01:45:17.621   692   756 E BluetoothPowerStatsCollector: java.util.concurrent.ExecutionException: java.lang.RuntimeException: error: 11
10-22 01:45:17.621   692   756 E BluetoothPowerStatsCollector: 	at java.util.concurrent.CompletableFuture.reportGet(CompletableFuture.java:372)
10-22 01:45:17.621   692   756 E BluetoothPowerStatsCollector: 	at java.util.concurrent.CompletableFuture.get(CompletableFuture.java:2072)
10-22 01:45:17.621   692   756 E BluetoothPowerStatsCollector: 	at com.android.server.power.stats.BluetoothPowerStatsCollector.collectBluetoothActivityInfo(BluetoothPowerStatsCollector.java:192)
10-22 01:45:17.621   692   756 E BluetoothPowerStatsCollector: 	at com.android.server.power.stats.BluetoothPowerStatsCollector.collectStats(BluetoothPowerStatsCollector.java:155)
10-22 01:45:17.621   692   756 E BluetoothPowerStatsCollector: 	at com.android.server.power.stats.PowerStatsCollector.collectAndDeliverStats(PowerStatsCollector.java:176)
10-22 01:45:17.621   692   756 E BluetoothPowerStatsCollector: 	at com.android.server.power.stats.PowerStatsCollector$$ExternalSyntheticLambda0.run(R8$$SyntheticClass:0)
10-22 01:45:17.621   692   756 E BluetoothPowerStatsCollector: 	at android.os.Handler.handleCallback(Handler.java:995)
10-22 01:45:17.621   692   756 E BluetoothPowerStatsCollector: 	at android.os.Handler.dispatchMessage(Handler.java:103)
10-22 01:45:17.621   692   756 E BluetoothPowerStatsCollector: 	at android.os.Looper.loopOnce(Looper.java:248)
10-22 01:45:17.621   692   756 E BluetoothPowerStatsCollector: 	at android.os.Looper.loop(Looper.java:338)
10-22 01:45:17.621   692   756 E BluetoothPowerStatsCollector: 	at android.os.HandlerThread.run(HandlerThread.java:85)
10-22 01:45:17.621   692   756 E BluetoothPowerStatsCollector: Caused by: java.lang.RuntimeException: error: 11
10-22 01:45:17.621   692   756 E BluetoothPowerStatsCollector: 	at com.android.server.power.stats.BluetoothPowerStatsCollector$1.onBluetoothActivityEnergyInfoError(BluetoothPowerStatsCollector.java:181)
10-22 01:45:17.621   692   756 E BluetoothPowerStatsCollector: 	at android.bluetooth.BluetoothAdapter$OnBluetoothActivityEnergyInfoProxy.lambda$onBluetoothActivityEnergyInfoAvailable$0(BluetoothAdapter.java:1037)
10-22 01:45:17.621   692   756 E BluetoothPowerStatsCollector: 	at android.bluetooth.BluetoothAdapter$OnBluetoothActivityEnergyInfoProxy$$ExternalSyntheticLambda1.run(D8$$SyntheticClass:0)
10-22 01:45:17.621   692   756 E BluetoothPowerStatsCollector: 	at android.bluetooth.BluetoothUtils.lambda$executeFromBinder$0(BluetoothUtils.java:343)
10-22 01:45:17.621   692   756 E BluetoothPowerStatsCollector: 	at android.bluetooth.BluetoothUtils$$ExternalSyntheticLambda1.run(D8$$SyntheticClass:0)
10-22 01:45:17.621   692   756 E BluetoothPowerStatsCollector: 	at com.android.server.SystemServerInitThreadPool$$ExternalSyntheticLambda0.execute(R8$$SyntheticClass:0)
10-22 01:45:17.621   692   756 E BluetoothPowerStatsCollector: 	at android.bluetooth.BluetoothUtils.executeFromBinder(BluetoothUtils.java:343)
10-22 01:45:17.621   692   756 E BluetoothPowerStatsCollector: 	at android.bluetooth.BluetoothAdapter$OnBluetoothActivityEnergyInfoProxy.onBluetoothActivityEnergyInfoAvailable(BluetoothAdapter.java:1035)
10-22 01:45:17.621   692   756 E BluetoothPowerStatsCollector: 	at android.bluetooth.IBluetoothActivityEnergyInfoListener$Stub.onTransact(IBluetoothActivityEnergyInfoListener.java:98)
10-22 01:45:17.621   692   756 E BluetoothPowerStatsCollector: 	at android.os.Binder.execTransactInternal(Binder.java:1426)
10-22 01:45:17.621   692   756 E BluetoothPowerStatsCollector: 	at android.os.Binder.execTransact(Binder.java:1365)
10-22 01:45:37.007   692   802 I UsageStatsService: User[0] Flushing usage stats to disk
10-22 01:45:37.033   692   920 D BackgroundInstallControlService: Package event received: 0
10-22 01:45:37.987   692   803 D ActivityManager: sync unfroze 3356 com.google.android.adservices.api for 6
10-22 01:45:38.004   692  2029 W ProcessStats: Tracking association SourceState{e7b551d system/1000 ImpBg #9315} whose proc state 6 is better than process ProcessState{d9cbd57 com.google.android.adservices.api/10199 pkg=com.google.android.adservices.api} proc state 14 (25 skipped)
10-22 01:45:38.008   692   803 D ActivityManager: sync unfroze 6825 com.google.android.apps.messaging for 6
10-22 01:45:38.017   692   803 W JobServiceContext: Sending onNetworkChanged for a job that isn't started. JobStatus{eeb513a #u0a199/19 com.google.android.adservices.api/com.android.adservices.spe.AdServicesJobService u=0 s=10199 TIME=-651ms:+59m59s349ms NET BATNOTLOW PERIODIC PERSISTED READY}
10-22 01:45:38.017   692   803 W JobServiceContext: Sending onNetworkChanged for a job that isn't started. JobStatus{e7b16da #u0a199/3 com.google.android.adservices.api/com.android.adservices.service.measurement.reporting.EventReportingJobService u=0 s=10199 TIME=-651ms:+3h59m59s349ms NET BATNOTLOW PERIODIC PERSISTED READY}
10-22 01:45:38.018   692   803 W JobServiceContext: Sending onNetworkChanged for a job that isn't started. JobStatus{bf14b48 #u0a199/25 com.google.android.adservices.api/com.android.adservices.service.measurement.reporting.DebugReportingFallbackJobService u=0 s=10199 TIME=-652ms:+59m59s348ms NET PERIODIC PERSISTED READY}
10-22 01:45:38.018   692   803 W JobServiceContext: Sending onNetworkChanged for a job that isn't started. JobStatus{9cd71eb #u0a199/7 com.google.android.adservices.api/com.android.adservices.service.measurement.reporting.AggregateReportingJobService u=0 s=10199 TIME=-652ms:+59m59s348ms NET BATNOTLOW PERIODIC PERSISTED READY}
10-22 01:45:38.019   692   803 W JobServiceContext: Sending onNetworkChanged for a job that isn't started. JobStatus{4fca3ba #u0a199/24 com.google.android.adservices.api/com.android.adservices.service.measurement.reporting.VerboseDebugReportingFallbackJobService u=0 s=10199 TIME=-653ms:+59m59s347ms NET PERIODIC PERSISTED READY}
10-22 01:45:38.100   692   920 D BackgroundInstallControlService: Package event received: 0
10-22 01:45:38.101   692   920 D BackgroundInstallControlService: Package event received: 0
10-22 01:45:38.101   692   920 D BackgroundInstallControlService: Package event received: 0
10-22 01:45:38.101   692   920 D BackgroundInstallControlService: Package event received: 0
10-22 01:45:38.101   692   920 D BackgroundInstallControlService: Package event received: 0
10-22 01:45:38.101   692   920 D BackgroundInstallControlService: Package event received: 0
10-22 01:45:38.102   692   920 D BackgroundInstallControlService: Package event received: 0
10-22 01:45:38.102   692   920 D BackgroundInstallControlService: Package event received: 0
10-22 01:45:38.531   692  2029 W AppOps  : Noting op not finished: uid 10147 pkg com.google.android.gms code 113 startTime of in progress event=1761097596435
10-22 01:45:38.535   692  1181 W AppOps  : Noting op not finished: uid 10147 pkg com.google.android.gms code 79 startTime of in progress event=1761097597272
10-22 01:45:39.533   692  1181 W AppOps  : Noting op not finished: uid 10147 pkg com.google.android.gms code 113 startTime of in progress event=1761097596435
10-22 01:45:48.158   692   814 D ActivityManager: freezing 6825 com.google.android.apps.messaging
10-22 01:45:48.215   692   814 D ActivityManager: freezing 3356 com.google.android.adservices.api
10-22 01:46:38.127   692   756 E BluetoothPowerStatsCollector: Cannot acquire BluetoothActivityEnergyInfo
10-22 01:46:38.127   692   756 E BluetoothPowerStatsCollector: java.util.concurrent.ExecutionException: java.lang.RuntimeException: error: 11
10-22 01:46:38.127   692   756 E BluetoothPowerStatsCollector: 	at java.util.concurrent.CompletableFuture.reportGet(CompletableFuture.java:372)
10-22 01:46:38.127   692   756 E BluetoothPowerStatsCollector: 	at java.util.concurrent.CompletableFuture.get(CompletableFuture.java:2072)
10-22 01:46:38.127   692   756 E BluetoothPowerStatsCollector: 	at com.android.server.power.stats.BluetoothPowerStatsCollector.collectBluetoothActivityInfo(BluetoothPowerStatsCollector.java:192)
10-22 01:46:38.127   692   756 E BluetoothPowerStatsCollector: 	at com.android.server.power.stats.BluetoothPowerStatsCollector.collectStats(BluetoothPowerStatsCollector.java:155)
10-22 01:46:38.127   692   756 E BluetoothPowerStatsCollector: 	at com.android.server.power.stats.PowerStatsCollector.collectAndDeliverStats(PowerStatsCollector.java:176)
10-22 01:46:38.127   692   756 E BluetoothPowerStatsCollector: 	at com.android.server.power.stats.PowerStatsCollector$$ExternalSyntheticLambda0.run(R8$$SyntheticClass:0)
10-22 01:46:38.127   692   756 E BluetoothPowerStatsCollector: 	at android.os.Handler.handleCallback(Handler.java:995)
10-22 01:46:38.127   692   756 E BluetoothPowerStatsCollector: 	at android.os.Handler.dispatchMessage(Handler.java:103)
10-22 01:46:38.127   692   756 E BluetoothPowerStatsCollector: 	at android.os.Looper.loopOnce(Looper.java:248)
10-22 01:46:38.127   692   756 E BluetoothPowerStatsCollector: 	at android.os.Looper.loop(Looper.java:338)
10-22 01:46:38.127   692   756 E BluetoothPowerStatsCollector: 	at android.os.HandlerThread.run(HandlerThread.java:85)
10-22 01:46:38.127   692   756 E BluetoothPowerStatsCollector: Caused by: java.lang.RuntimeException: error: 11
10-22 01:46:38.127   692   756 E BluetoothPowerStatsCollector: 	at com.android.server.power.stats.BluetoothPowerStatsCollector$1.onBluetoothActivityEnergyInfoError(BluetoothPowerStatsCollector.java:181)
10-22 01:46:38.127   692   756 E BluetoothPowerStatsCollector: 	at android.bluetooth.BluetoothAdapter$OnBluetoothActivityEnergyInfoProxy.lambda$onBluetoothActivityEnergyInfoAvailable$0(BluetoothAdapter.java:1037)
10-22 01:46:38.127   692   756 E BluetoothPowerStatsCollector: 	at android.bluetooth.BluetoothAdapter$OnBluetoothActivityEnergyInfoProxy$$ExternalSyntheticLambda1.run(D8$$SyntheticClass:0)
10-22 01:46:38.127   692   756 E BluetoothPowerStatsCollector: 	at android.bluetooth.BluetoothUtils.lambda$executeFromBinder$0(BluetoothUtils.java:343)
10-22 01:46:38.127   692   756 E BluetoothPowerStatsCollector: 	at android.bluetooth.BluetoothUtils$$ExternalSyntheticLambda1.run(D8$$SyntheticClass:0)
10-22 01:46:38.127   692   756 E BluetoothPowerStatsCollector: 	at com.android.server.SystemServerInitThreadPool$$ExternalSyntheticLambda0.execute(R8$$SyntheticClass:0)
10-22 01:46:38.127   692   756 E BluetoothPowerStatsCollector: 	at android.bluetooth.BluetoothUtils.executeFromBinder(BluetoothUtils.java:343)
10-22 01:46:38.127   692   756 E BluetoothPowerStatsCollector: 	at android.bluetooth.BluetoothAdapter$OnBluetoothActivityEnergyInfoProxy.onBluetoothActivityEnergyInfoAvailable(BluetoothAdapter.java:1035)
10-22 01:46:38.127   692   756 E BluetoothPowerStatsCollector: 	at android.bluetooth.IBluetoothActivityEnergyInfoListener$Stub.onTransact(IBluetoothActivityEnergyInfoListener.java:98)
10-22 01:46:38.127   692   756 E BluetoothPowerStatsCollector: 	at android.os.Binder.execTransactInternal(Binder.java:1426)
10-22 01:46:38.127   692   756 E BluetoothPowerStatsCollector: 	at android.os.Binder.execTransact(Binder.java:1365)
10-22 01:46:38.184   692   731 D ActivityManager: sync unfroze 1602 com.google.android.gms for 6
10-22 01:46:38.188   692   731 D ActivityManager: sync unfroze 3356 com.google.android.adservices.api for 6
10-22 01:46:38.195   692   731 D ActivityManager: sync unfroze 2224 com.google.android.gms.unstable for 6
10-22 01:46:38.201   692  2028 W ProcessStats: Tracking association SourceState{d5bcf0e com.google.android.gms.persistent/10147 ImpBg #9353} whose proc state 6 is better than process ProcessState{3df43c0 com.google.android.gms/10147 pkg=com.google.android.gms} proc state 14 (46 skipped)
10-22 01:46:55.413   692   814 D ActivityManager: freezing 1602 com.google.android.gms
10-22 01:46:55.414   692   814 D ActivityManager: freezing 3356 com.google.android.adservices.api
10-22 01:46:55.415   692   814 D ActivityManager: freezing 2224 com.google.android.gms.unstable
10-22 01:50:56.648   692   920 D BackgroundInstallControlService: Package event received: 0
10-22 01:50:57.186   692   793 W AppOps  : Noting op not finished: uid 10147 pkg com.google.android.gms code 113 startTime of in progress event=1761097596435
10-22 01:50:57.190   692   793 W AppOps  : Noting op not finished: uid 10147 pkg com.google.android.gms code 79 startTime of in progress event=1761097597272
10-22 01:50:58.188   692  1226 W AppOps  : Noting op not finished: uid 10147 pkg com.google.android.gms code 113 startTime of in progress event=1761097596435
10-22 01:53:42.535   692   803 D ActivityManager: sync unfroze 6825 com.google.android.apps.messaging for 6
10-22 01:53:42.549   692   692 W ProcessStats: Tracking association SourceState{f31bb7d system/1000 ImpBg #9398} whose proc state 6 is better than process ProcessState{e1e6b11 com.google.android.apps.messaging/10146 pkg=com.google.android.apps.messaging} proc state 14 (9 skipped)
10-22 01:53:42.554   692   803 D ActivityManager: sync unfroze 5813 com.google.android.partnersetup for 6
10-22 01:53:42.572   261   265 W vold    : There is no valid blk device path for data partition
10-22 01:53:42.573   692  8977 W StorageManagerService: Failed to get storage write record
10-22 01:53:42.573   692  8977 I SmartStorageMaintIdler: Got smart storage maintenance service completion callback
10-22 01:53:42.651   692  1181 W JobScheduler: Job didn't exist in JobStore: 9ff5097 #u0a140/4096 com.google.android.partnersetup/.InstalledAppJobService
10-22 01:53:52.669   692   814 D ActivityManager: freezing 5813 com.google.android.partnersetup
10-22 01:53:52.960   692   814 D ActivityManager: freezing 6825 com.google.android.apps.messaging
10-22 01:54:42.567   692   756 E BluetoothPowerStatsCollector: Cannot acquire BluetoothActivityEnergyInfo
10-22 01:54:42.567   692   756 E BluetoothPowerStatsCollector: java.util.concurrent.ExecutionException: java.lang.RuntimeException: error: 11
10-22 01:54:42.567   692   756 E BluetoothPowerStatsCollector: 	at java.util.concurrent.CompletableFuture.reportGet(CompletableFuture.java:372)
10-22 01:54:42.567   692   756 E BluetoothPowerStatsCollector: 	at java.util.concurrent.CompletableFuture.get(CompletableFuture.java:2072)
10-22 01:54:42.567   692   756 E BluetoothPowerStatsCollector: 	at com.android.server.power.stats.BluetoothPowerStatsCollector.collectBluetoothActivityInfo(BluetoothPowerStatsCollector.java:192)
10-22 01:54:42.567   692   756 E BluetoothPowerStatsCollector: 	at com.android.server.power.stats.BluetoothPowerStatsCollector.collectStats(BluetoothPowerStatsCollector.java:155)
10-22 01:54:42.567   692   756 E BluetoothPowerStatsCollector: 	at com.android.server.power.stats.PowerStatsCollector.collectAndDeliverStats(PowerStatsCollector.java:176)
10-22 01:54:42.567   692   756 E BluetoothPowerStatsCollector: 	at com.android.server.power.stats.PowerStatsCollector$$ExternalSyntheticLambda0.run(R8$$SyntheticClass:0)
10-22 01:54:42.567   692   756 E BluetoothPowerStatsCollector: 	at android.os.Handler.handleCallback(Handler.java:995)
10-22 01:54:42.567   692   756 E BluetoothPowerStatsCollector: 	at android.os.Handler.dispatchMessage(Handler.java:103)
10-22 01:54:42.567   692   756 E BluetoothPowerStatsCollector: 	at android.os.Looper.loopOnce(Looper.java:248)
10-22 01:54:42.567   692   756 E BluetoothPowerStatsCollector: 	at android.os.Looper.loop(Looper.java:338)
10-22 01:54:42.567   692   756 E BluetoothPowerStatsCollector: 	at android.os.HandlerThread.run(HandlerThread.java:85)
10-22 01:54:42.567   692   756 E BluetoothPowerStatsCollector: Caused by: java.lang.RuntimeException: error: 11
10-22 01:54:42.567   692   756 E BluetoothPowerStatsCollector: 	at com.android.server.power.stats.BluetoothPowerStatsCollector$1.onBluetoothActivityEnergyInfoError(BluetoothPowerStatsCollector.java:181)
10-22 01:54:42.567   692   756 E BluetoothPowerStatsCollector: 	at android.bluetooth.BluetoothAdapter$OnBluetoothActivityEnergyInfoProxy.lambda$onBluetoothActivityEnergyInfoAvailable$0(BluetoothAdapter.java:1037)
10-22 01:54:42.567   692   756 E BluetoothPowerStatsCollector: 	at android.bluetooth.BluetoothAdapter$OnBluetoothActivityEnergyInfoProxy$$ExternalSyntheticLambda1.run(D8$$SyntheticClass:0)
10-22 01:54:42.567   692   756 E BluetoothPowerStatsCollector: 	at android.bluetooth.BluetoothUtils.lambda$executeFromBinder$0(BluetoothUtils.java:343)
10-22 01:54:42.567   692   756 E BluetoothPowerStatsCollector: 	at android.bluetooth.BluetoothUtils$$ExternalSyntheticLambda1.run(D8$$SyntheticClass:0)
10-22 01:54:42.567   692   756 E BluetoothPowerStatsCollector: 	at com.android.server.SystemServerInitThreadPool$$ExternalSyntheticLambda0.execute(R8$$SyntheticClass:0)
10-22 01:54:42.567   692   756 E BluetoothPowerStatsCollector: 	at android.bluetooth.BluetoothUtils.executeFromBinder(BluetoothUtils.java:343)
10-22 01:54:42.567   692   756 E BluetoothPowerStatsCollector: 	at android.bluetooth.BluetoothAdapter$OnBluetoothActivityEnergyInfoProxy.onBluetoothActivityEnergyInfoAvailable(BluetoothAdapter.java:1035)
10-22 01:54:42.567   692   756 E BluetoothPowerStatsCollector: 	at android.bluetooth.IBluetoothActivityEnergyInfoListener$Stub.onTransact(IBluetoothActivityEnergyInfoListener.java:98)
10-22 01:54:42.567   692   756 E BluetoothPowerStatsCollector: 	at android.os.Binder.execTransactInternal(Binder.java:1426)
10-22 01:54:42.567   692   756 E BluetoothPowerStatsCollector: 	at android.os.Binder.execTransact(Binder.java:1365)
10-22 01:56:15.843   692  1226 W AppOps  : Noting op not finished: uid 10147 pkg com.google.android.gms code 113 startTime of in progress event=1761097596435
10-22 01:56:15.847   692   731 W AppOps  : Noting op not finished: uid 10147 pkg com.google.android.gms code 79 startTime of in progress event=1761097597272
10-22 01:56:16.845   692   731 W AppOps  : Noting op not finished: uid 10147 pkg com.google.android.gms code 113 startTime of in progress event=1761097596435
10-22 02:00:00.005   692   746 D ActivityManager: sync unfroze 1196 com.android.settings for 3
10-22 02:00:00.006   692   746 D ActivityManager: sync unfroze 4393 com.android.keychain for 10
10-22 02:00:00.058   692   756 E BluetoothPowerStatsCollector: Cannot acquire BluetoothActivityEnergyInfo
10-22 02:00:00.058   692   756 E BluetoothPowerStatsCollector: java.util.concurrent.ExecutionException: java.lang.RuntimeException: error: 11
10-22 02:00:00.058   692   756 E BluetoothPowerStatsCollector: 	at java.util.concurrent.CompletableFuture.reportGet(CompletableFuture.java:372)
10-22 02:00:00.058   692   756 E BluetoothPowerStatsCollector: 	at java.util.concurrent.CompletableFuture.get(CompletableFuture.java:2072)
10-22 02:00:00.058   692   756 E BluetoothPowerStatsCollector: 	at com.android.server.power.stats.BluetoothPowerStatsCollector.collectBluetoothActivityInfo(BluetoothPowerStatsCollector.java:192)
10-22 02:00:00.058   692   756 E BluetoothPowerStatsCollector: 	at com.android.server.power.stats.BluetoothPowerStatsCollector.collectStats(BluetoothPowerStatsCollector.java:155)
10-22 02:00:00.058   692   756 E BluetoothPowerStatsCollector: 	at com.android.server.power.stats.PowerStatsCollector.collectAndDeliverStats(PowerStatsCollector.java:176)
10-22 02:00:00.058   692   756 E BluetoothPowerStatsCollector: 	at com.android.server.power.stats.PowerStatsCollector$$ExternalSyntheticLambda0.run(R8$$SyntheticClass:0)
10-22 02:00:00.058   692   756 E BluetoothPowerStatsCollector: 	at android.os.Handler.handleCallback(Handler.java:995)
10-22 02:00:00.058   692   756 E BluetoothPowerStatsCollector: 	at android.os.Handler.dispatchMessage(Handler.java:103)
10-22 02:00:00.058   692   756 E BluetoothPowerStatsCollector: 	at android.os.Looper.loopOnce(Looper.java:248)
10-22 02:00:00.058   692   756 E BluetoothPowerStatsCollector: 	at android.os.Looper.loop(Looper.java:338)
10-22 02:00:00.058   692   756 E BluetoothPowerStatsCollector: 	at android.os.HandlerThread.run(HandlerThread.java:85)
10-22 02:00:00.058   692   756 E BluetoothPowerStatsCollector: Caused by: java.lang.RuntimeException: error: 11
10-22 02:00:00.058   692   756 E BluetoothPowerStatsCollector: 	at com.android.server.power.stats.BluetoothPowerStatsCollector$1.onBluetoothActivityEnergyInfoError(BluetoothPowerStatsCollector.java:181)
10-22 02:00:00.058   692   756 E BluetoothPowerStatsCollector: 	at android.bluetooth.BluetoothAdapter$OnBluetoothActivityEnergyInfoProxy.lambda$onBluetoothActivityEnergyInfoAvailable$0(BluetoothAdapter.java:1037)
10-22 02:00:00.058   692   756 E BluetoothPowerStatsCollector: 	at android.bluetooth.BluetoothAdapter$OnBluetoothActivityEnergyInfoProxy$$ExternalSyntheticLambda1.run(D8$$SyntheticClass:0)
10-22 02:00:00.058   692   756 E BluetoothPowerStatsCollector: 	at android.bluetooth.BluetoothUtils.lambda$executeFromBinder$0(BluetoothUtils.java:343)
10-22 02:00:00.058   692   756 E BluetoothPowerStatsCollector: 	at android.bluetooth.BluetoothUtils$$ExternalSyntheticLambda1.run(D8$$SyntheticClass:0)
10-22 02:00:00.058   692   756 E BluetoothPowerStatsCollector: 	at com.android.server.SystemServerInitThreadPool$$ExternalSyntheticLambda0.execute(R8$$SyntheticClass:0)
10-22 02:00:00.058   692   756 E BluetoothPowerStatsCollector: 	at android.bluetooth.BluetoothUtils.executeFromBinder(BluetoothUtils.java:343)
10-22 02:00:00.058   692   756 E BluetoothPowerStatsCollector: 	at android.bluetooth.BluetoothAdapter$OnBluetoothActivityEnergyInfoProxy.onBluetoothActivityEnergyInfoAvailable(BluetoothAdapter.java:1035)
10-22 02:00:00.058   692   756 E BluetoothPowerStatsCollector: 	at android.bluetooth.IBluetoothActivityEnergyInfoListener$Stub.onTransact(IBluetoothActivityEnergyInfoListener.java:98)
10-22 02:00:00.058   692   756 E BluetoothPowerStatsCollector: 	at android.os.Binder.execTransactInternal(Binder.java:1426)
10-22 02:00:00.058   692   756 E BluetoothPowerStatsCollector: 	at android.os.Binder.execTransact(Binder.java:1365)
10-22 02:00:00.092   692   756 E BluetoothPowerStatsCollector: Cannot acquire BluetoothActivityEnergyInfo
10-22 02:00:00.092   692   756 E BluetoothPowerStatsCollector: java.util.concurrent.ExecutionException: java.lang.RuntimeException: error: 11
10-22 02:00:00.092   692   756 E BluetoothPowerStatsCollector: 	at java.util.concurrent.CompletableFuture.reportGet(CompletableFuture.java:372)
10-22 02:00:00.092   692   756 E BluetoothPowerStatsCollector: 	at java.util.concurrent.CompletableFuture.get(CompletableFuture.java:2072)
10-22 02:00:00.092   692   756 E BluetoothPowerStatsCollector: 	at com.android.server.power.stats.BluetoothPowerStatsCollector.collectBluetoothActivityInfo(BluetoothPowerStatsCollector.java:192)
10-22 02:00:00.092   692   756 E BluetoothPowerStatsCollector: 	at com.android.server.power.stats.BluetoothPowerStatsCollector.collectStats(BluetoothPowerStatsCollector.java:155)
10-22 02:00:00.092   692   756 E BluetoothPowerStatsCollector: 	at com.android.server.power.stats.PowerStatsCollector.collectAndDeliverStats(PowerStatsCollector.java:176)
10-22 02:00:00.092   692   756 E BluetoothPowerStatsCollector: 	at com.android.server.power.stats.PowerStatsCollector$$ExternalSyntheticLambda0.run(R8$$SyntheticClass:0)
10-22 02:00:00.092   692   756 E BluetoothPowerStatsCollector: 	at android.os.Handler.handleCallback(Handler.java:995)
10-22 02:00:00.092   692   756 E BluetoothPowerStatsCollector: 	at android.os.Handler.dispatchMessage(Handler.java:103)
10-22 02:00:00.092   692   756 E BluetoothPowerStatsCollector: 	at android.os.Looper.loopOnce(Looper.java:248)
10-22 02:00:00.092   692   756 E BluetoothPowerStatsCollector: 	at android.os.Looper.loop(Looper.java:338)
10-22 02:00:00.092   692   756 E BluetoothPowerStatsCollector: 	at android.os.HandlerThread.run(HandlerThread.java:85)
10-22 02:00:00.092   692   756 E BluetoothPowerStatsCollector: Caused by: java.lang.RuntimeException: error: 11
10-22 02:00:00.092   692   756 E BluetoothPowerStatsCollector: 	at com.android.server.power.stats.BluetoothPowerStatsCollector$1.onBluetoothActivityEnergyInfoError(BluetoothPowerStatsCollector.java:181)
10-22 02:00:00.092   692   756 E BluetoothPowerStatsCollector: 	at android.bluetooth.BluetoothAdapter$OnBluetoothActivityEnergyInfoProxy.lambda$onBluetoothActivityEnergyInfoAvailable$0(BluetoothAdapter.java:1037)
10-22 02:00:00.092   692   756 E BluetoothPowerStatsCollector: 	at android.bluetooth.BluetoothAdapter$OnBluetoothActivityEnergyInfoProxy$$ExternalSyntheticLambda1.run(D8$$SyntheticClass:0)
10-22 02:00:00.092   692   756 E BluetoothPowerStatsCollector: 	at android.bluetooth.BluetoothUtils.lambda$executeFromBinder$0(BluetoothUtils.java:343)
10-22 02:00:00.092   692   756 E BluetoothPowerStatsCollector: 	at android.bluetooth.BluetoothUtils$$ExternalSyntheticLambda1.run(D8$$SyntheticClass:0)
10-22 02:00:00.092   692   756 E BluetoothPowerStatsCollector: 	at com.android.server.SystemServerInitThreadPool$$ExternalSyntheticLambda0.execute(R8$$SyntheticClass:0)
10-22 02:00:00.092   692   756 E BluetoothPowerStatsCollector: 	at android.bluetooth.BluetoothUtils.executeFromBinder(BluetoothUtils.java:343)
10-22 02:00:00.092   692   756 E BluetoothPowerStatsCollector: 	at android.bluetooth.BluetoothAdapter$OnBluetoothActivityEnergyInfoProxy.onBluetoothActivityEnergyInfoAvailable(BluetoothAdapter.java:1035)
10-22 02:00:00.092   692   756 E BluetoothPowerStatsCollector: 	at android.bluetooth.IBluetoothActivityEnergyInfoListener$Stub.onTransact(IBluetoothActivityEnergyInfoListener.java:98)
10-22 02:00:00.092   692   756 E BluetoothPowerStatsCollector: 	at android.os.Binder.execTransactInternal(Binder.java:1426)
10-22 02:00:00.092   692   756 E BluetoothPowerStatsCollector: 	at android.os.Binder.execTransact(Binder.java:1365)
10-22 02:00:00.209   692  1181 W AppOpService: Ignored setUidMode call for runtime permission app op: uid = 10146, code = READ_CELL_BROADCASTS, mode = allow, callingUid = 1000, oldMode = allow
10-22 02:00:00.211   692  1181 W AppOpService: Ignored setUidMode call for runtime permission app op: uid = 1001, code = READ_SMS, mode = allow, callingUid = 1000, oldMode = allow
10-22 02:00:00.211   692  1181 W AppOpService: Ignored setUidMode call for runtime permission app op: uid = 1001, code = RECEIVE_SMS, mode = allow, callingUid = 1000, oldMode = allow
10-22 02:00:00.212   692  1181 W AppOpService: Ignored setUidMode call for runtime permission app op: uid = 1001, code = RECEIVE_WAP_PUSH, mode = allow, callingUid = 1000, oldMode = allow
10-22 02:00:00.212   692  1181 W AppOpService: Ignored setUidMode call for runtime permission app op: uid = 1001, code = SEND_SMS, mode = allow, callingUid = 1000, oldMode = allow
10-22 02:00:00.212   692  1181 W AppOpService: Ignored setUidMode call for runtime permission app op: uid = 1001, code = READ_CELL_BROADCASTS, mode = allow, callingUid = 1000, oldMode = allow
10-22 02:00:20.060   692   814 D ActivityManager: freezing 1196 com.android.settings
10-22 02:00:20.061   692   814 D ActivityManager: freezing 4393 com.android.keychain
10-22 02:01:33.962   692   920 D BackgroundInstallControlService: Package event received: 0
10-22 02:01:34.516   692  2029 W AppOps  : Noting op not finished: uid 10147 pkg com.google.android.gms code 113 startTime of in progress event=1761097596435
