10-21 23:00:00.040   692   756 E BluetoothPowerStatsCollector: 	at com.android.server.power.stats.PowerStatsCollector$$ExternalSyntheticLambda0.run(R8$$SyntheticClass:0)
10-21 23:00:00.040   692   756 E BluetoothPowerStatsCollector: 	at android.os.Handler.handleCallback(Handler.java:995)
10-21 23:00:00.040   692   756 E BluetoothPowerStatsCollector: 	at android.os.Handler.dispatchMessage(Handler.java:103)
10-21 23:00:00.040   692   756 E BluetoothPowerStatsCollector: 	at android.os.Looper.loopOnce(Looper.java:248)
10-21 23:00:00.040   692   756 E BluetoothPowerStatsCollector: 	at android.os.Looper.loop(Looper.java:338)
10-21 23:00:00.040   692   756 E BluetoothPowerStatsCollector: 	at android.os.HandlerThread.run(HandlerThread.java:85)
10-21 23:00:00.040   692   756 E BluetoothPowerStatsCollector: Caused by: java.lang.RuntimeException: error: 11
10-21 23:00:00.040   692   756 E BluetoothPowerStatsCollector: 	at com.android.server.power.stats.BluetoothPowerStatsCollector$1.onBluetoothActivityEnergyInfoError(BluetoothPowerStatsCollector.java:181)
10-21 23:00:00.040   692   756 E BluetoothPowerStatsCollector: 	at android.bluetooth.BluetoothAdapter$OnBluetoothActivityEnergyInfoProxy.lambda$onBluetoothActivityEnergyInfoAvailable$0(BluetoothAdapter.java:1037)
10-21 23:00:00.040   692   756 E BluetoothPowerStatsCollector: 	at android.bluetooth.BluetoothAdapter$OnBluetoothActivityEnergyInfoProxy$$ExternalSyntheticLambda1.run(D8$$SyntheticClass:0)
10-21 23:00:00.040   692   756 E BluetoothPowerStatsCollector: 	at android.bluetooth.BluetoothUtils.lambda$executeFromBinder$0(BluetoothUtils.java:343)
10-21 23:00:00.040   692   756 E BluetoothPowerStatsCollector: 	at android.bluetooth.BluetoothUtils$$ExternalSyntheticLambda1.run(D8$$SyntheticClass:0)
10-21 23:00:00.040   692   756 E BluetoothPowerStatsCollector: 	at com.android.server.SystemServerInitThreadPool$$ExternalSyntheticLambda0.execute(R8$$SyntheticClass:0)
10-21 23:00:00.040   692   756 E BluetoothPowerStatsCollector: 	at android.bluetooth.BluetoothUtils.executeFromBinder(BluetoothUtils.java:343)
10-21 23:00:00.040   692   756 E BluetoothPowerStatsCollector: 	at android.bluetooth.BluetoothAdapter$OnBluetoothActivityEnergyInfoProxy.onBluetoothActivityEnergyInfoAvailable(BluetoothAdapter.java:1035)
10-21 23:00:00.040   692   756 E BluetoothPowerStatsCollector: 	at android.bluetooth.IBluetoothActivityEnergyInfoListener$Stub.onTransact(IBluetoothActivityEnergyInfoListener.java:98)
10-21 23:00:00.040   692   756 E BluetoothPowerStatsCollector: 	at android.os.Binder.execTransactInternal(Binder.java:1426)
10-21 23:00:00.040   692   756 E BluetoothPowerStatsCollector: 	at android.os.Binder.execTransact(Binder.java:1365)
10-21 23:00:00.104   692   756 E BluetoothPowerStatsCollector: Cannot acquire BluetoothActivityEnergyInfo
10-21 23:00:00.104   692   756 E BluetoothPowerStatsCollector: java.util.concurrent.ExecutionException: java.lang.RuntimeException: error: 11
10-21 23:00:00.104   692   756 E BluetoothPowerStatsCollector: 	at java.util.concurrent.CompletableFuture.reportGet(CompletableFuture.java:372)
10-21 23:00:00.104   692   756 E BluetoothPowerStatsCollector: 	at java.util.concurrent.CompletableFuture.get(CompletableFuture.java:2072)
10-21 23:00:00.104   692   756 E BluetoothPowerStatsCollector: 	at com.android.server.power.stats.BluetoothPowerStatsCollector.collectBluetoothActivityInfo(BluetoothPowerStatsCollector.java:192)
10-21 23:00:00.104   692   756 E BluetoothPowerStatsCollector: 	at com.android.server.power.stats.BluetoothPowerStatsCollector.collectStats(BluetoothPowerStatsCollector.java:155)
10-21 23:00:00.104   692   756 E BluetoothPowerStatsCollector: 	at com.android.server.power.stats.PowerStatsCollector.collectAndDeliverStats(PowerStatsCollector.java:176)
10-21 23:00:00.104   692   756 E BluetoothPowerStatsCollector: 	at com.android.server.power.stats.PowerStatsCollector$$ExternalSyntheticLambda0.run(R8$$SyntheticClass:0)
10-21 23:00:00.104   692   756 E BluetoothPowerStatsCollector: 	at android.os.Handler.handleCallback(Handler.java:995)
10-21 23:00:00.104   692   756 E BluetoothPowerStatsCollector: 	at android.os.Handler.dispatchMessage(Handler.java:103)
10-21 23:00:00.104   692   756 E BluetoothPowerStatsCollector: 	at android.os.Looper.loopOnce(Looper.java:248)
10-21 23:00:00.104   692   756 E BluetoothPowerStatsCollector: 	at android.os.Looper.loop(Looper.java:338)
10-21 23:00:00.104   692   756 E BluetoothPowerStatsCollector: 	at android.os.HandlerThread.run(HandlerThread.java:85)
10-21 23:00:00.104   692   756 E BluetoothPowerStatsCollector: Caused by: java.lang.RuntimeException: error: 11
10-21 23:00:00.104   692   756 E BluetoothPowerStatsCollector: 	at com.android.server.power.stats.BluetoothPowerStatsCollector$1.onBluetoothActivityEnergyInfoError(BluetoothPowerStatsCollector.java:181)
10-21 23:00:00.104   692   756 E BluetoothPowerStatsCollector: 	at android.bluetooth.BluetoothAdapter$OnBluetoothActivityEnergyInfoProxy.lambda$onBluetoothActivityEnergyInfoAvailable$0(BluetoothAdapter.java:1037)
10-21 23:00:00.104   692   756 E BluetoothPowerStatsCollector: 	at android.bluetooth.BluetoothAdapter$OnBluetoothActivityEnergyInfoProxy$$ExternalSyntheticLambda1.run(D8$$SyntheticClass:0)
10-21 23:00:00.104   692   756 E BluetoothPowerStatsCollector: 	at android.bluetooth.BluetoothUtils.lambda$executeFromBinder$0(BluetoothUtils.java:343)
10-21 23:00:00.104   692   756 E BluetoothPowerStatsCollector: 	at android.bluetooth.BluetoothUtils$$ExternalSyntheticLambda1.run(D8$$SyntheticClass:0)
10-21 23:00:00.104   692   756 E BluetoothPowerStatsCollector: 	at com.android.server.SystemServerInitThreadPool$$ExternalSyntheticLambda0.execute(R8$$SyntheticClass:0)
10-21 23:00:00.104   692   756 E BluetoothPowerStatsCollector: 	at android.bluetooth.BluetoothUtils.executeFromBinder(BluetoothUtils.java:343)
10-21 23:00:00.104   692   756 E BluetoothPowerStatsCollector: 	at android.bluetooth.BluetoothAdapter$OnBluetoothActivityEnergyInfoProxy.onBluetoothActivityEnergyInfoAvailable(BluetoothAdapter.java:1035)
10-21 23:00:00.104   692   756 E BluetoothPowerStatsCollector: 	at android.bluetooth.IBluetoothActivityEnergyInfoListener$Stub.onTransact(IBluetoothActivityEnergyInfoListener.java:98)
10-21 23:00:00.104   692   756 E BluetoothPowerStatsCollector: 	at android.os.Binder.execTransactInternal(Binder.java:1426)
10-21 23:00:00.104   692   756 E BluetoothPowerStatsCollector: 	at android.os.Binder.execTransact(Binder.java:1365)
10-21 23:00:00.106   692   756 E BluetoothPowerStatsCollector: Cannot acquire BluetoothActivityEnergyInfo
10-21 23:00:00.106   692   756 E BluetoothPowerStatsCollector: java.util.concurrent.ExecutionException: java.lang.RuntimeException: error: 11
10-21 23:00:00.106   692   756 E BluetoothPowerStatsCollector: 	at java.util.concurrent.CompletableFuture.reportGet(CompletableFuture.java:372)
10-21 23:00:00.106   692   756 E BluetoothPowerStatsCollector: 	at java.util.concurrent.CompletableFuture.get(CompletableFuture.java:2072)
10-21 23:00:00.106   692   756 E BluetoothPowerStatsCollector: 	at com.android.server.power.stats.BluetoothPowerStatsCollector.collectBluetoothActivityInfo(BluetoothPowerStatsCollector.java:192)
10-21 23:00:00.106   692   756 E BluetoothPowerStatsCollector: 	at com.android.server.power.stats.BluetoothPowerStatsCollector.collectStats(BluetoothPowerStatsCollector.java:155)
10-21 23:00:00.106   692   756 E BluetoothPowerStatsCollector: 	at com.android.server.power.stats.PowerStatsCollector.collectAndDeliverStats(PowerStatsCollector.java:176)
10-21 23:00:00.106   692   756 E BluetoothPowerStatsCollector: 	at com.android.server.power.stats.PowerStatsCollector$$ExternalSyntheticLambda0.run(R8$$SyntheticClass:0)
10-21 23:00:00.106   692   756 E BluetoothPowerStatsCollector: 	at android.os.Handler.handleCallback(Handler.java:995)
10-21 23:00:00.106   692   756 E BluetoothPowerStatsCollector: 	at android.os.Handler.dispatchMessage(Handler.java:103)
10-21 23:00:00.106   692   756 E BluetoothPowerStatsCollector: 	at android.os.Looper.loopOnce(Looper.java:248)
10-21 23:00:00.106   692   756 E BluetoothPowerStatsCollector: 	at android.os.Looper.loop(Looper.java:338)
10-21 23:00:00.106   692   756 E BluetoothPowerStatsCollector: 	at android.os.HandlerThread.run(HandlerThread.java:85)
10-21 23:00:00.106   692   756 E BluetoothPowerStatsCollector: Caused by: java.lang.RuntimeException: error: 11
10-21 23:00:00.106   692   756 E BluetoothPowerStatsCollector: 	at com.android.server.power.stats.BluetoothPowerStatsCollector$1.onBluetoothActivityEnergyInfoError(BluetoothPowerStatsCollector.java:181)
10-21 23:00:00.106   692   756 E BluetoothPowerStatsCollector: 	at android.bluetooth.BluetoothAdapter$OnBluetoothActivityEnergyInfoProxy.lambda$onBluetoothActivityEnergyInfoAvailable$0(BluetoothAdapter.java:1037)
10-21 23:00:00.106   692   756 E BluetoothPowerStatsCollector: 	at android.bluetooth.BluetoothAdapter$OnBluetoothActivityEnergyInfoProxy$$ExternalSyntheticLambda1.run(D8$$SyntheticClass:0)
10-21 23:00:00.106   692   756 E BluetoothPowerStatsCollector: 	at android.bluetooth.BluetoothUtils.lambda$executeFromBinder$0(BluetoothUtils.java:343)
10-21 23:00:00.106   692   756 E BluetoothPowerStatsCollector: 	at android.bluetooth.BluetoothUtils$$ExternalSyntheticLambda1.run(D8$$SyntheticClass:0)
10-21 23:00:00.106   692   756 E BluetoothPowerStatsCollector: 	at com.android.server.SystemServerInitThreadPool$$ExternalSyntheticLambda0.execute(R8$$SyntheticClass:0)
10-21 23:00:00.106   692   756 E BluetoothPowerStatsCollector: 	at android.bluetooth.BluetoothUtils.executeFromBinder(BluetoothUtils.java:343)
10-21 23:00:00.106   692   756 E BluetoothPowerStatsCollector: 	at android.bluetooth.BluetoothAdapter$OnBluetoothActivityEnergyInfoProxy.onBluetoothActivityEnergyInfoAvailable(BluetoothAdapter.java:1035)
10-21 23:00:00.106   692   756 E BluetoothPowerStatsCollector: 	at android.bluetooth.IBluetoothActivityEnergyInfoListener$Stub.onTransact(IBluetoothActivityEnergyInfoListener.java:98)
10-21 23:00:00.106   692   756 E BluetoothPowerStatsCollector: 	at android.os.Binder.execTransactInternal(Binder.java:1426)
10-21 23:00:00.106   692   756 E BluetoothPowerStatsCollector: 	at android.os.Binder.execTransact(Binder.java:1365)
10-21 23:00:00.264   692  1995 W AppOpService: Ignored setUidMode call for runtime permission app op: uid = 10146, code = READ_CELL_BROADCASTS, mode = allow, callingUid = 1000, oldMode = allow
10-21 23:00:00.269   692  1995 W AppOpService: Ignored setUidMode call for runtime permission app op: uid = 1001, code = READ_SMS, mode = allow, callingUid = 1000, oldMode = allow
10-21 23:00:00.270   692  1995 W AppOpService: Ignored setUidMode call for runtime permission app op: uid = 1001, code = RECEIVE_SMS, mode = allow, callingUid = 1000, oldMode = allow
10-21 23:00:00.270   692  1995 W AppOpService: Ignored setUidMode call for runtime permission app op: uid = 1001, code = RECEIVE_WAP_PUSH, mode = allow, callingUid = 1000, oldMode = allow
10-21 23:00:00.271   692  1995 W AppOpService: Ignored setUidMode call for runtime permission app op: uid = 1001, code = SEND_SMS, mode = allow, callingUid = 1000, oldMode = allow
10-21 23:00:00.272   692  1995 W AppOpService: Ignored setUidMode call for runtime permission app op: uid = 1001, code = READ_CELL_BROADCASTS, mode = allow, callingUid = 1000, oldMode = allow
10-21 23:00:20.072   692   814 D ActivityManager: freezing 1196 com.android.settings
10-21 23:00:20.073   692   814 D ActivityManager: freezing 4393 com.android.keychain
10-21 23:00:59.426   692   920 D BackgroundInstallControlService: Package event received: 0
10-21 23:00:59.475   692  2028 D ActivityManager: sync unfroze 1602 com.google.android.gms for 6
10-21 23:00:59.496   692  2028 D ActivityManager: sync unfroze 2224 com.google.android.gms.unstable for 6
10-21 23:00:59.497   692  2028 D ActivityManager: sync unfroze 3356 com.google.android.adservices.api for 6
10-21 23:00:59.515   692  1226 W ProcessStats: Tracking association SourceState{fa74e8a com.google.android.gms/10147 ImpBg #8660} whose proc state 6 is better than process ProcessState{d9cbd57 com.google.android.adservices.api/10199 pkg=com.google.android.adservices.api} proc state 14 (6 skipped)
10-21 23:00:59.575   692   920 D BackgroundInstallControlService: Package event received: 0
10-21 23:00:59.953   692  2003 W AppOps  : Noting op not finished: uid 10147 pkg com.google.android.gms code 113 startTime of in progress event=1761097596435
10-21 23:00:59.958   692  1226 W AppOps  : Noting op not finished: uid 10147 pkg com.google.android.gms code 79 startTime of in progress event=1761097597272
10-21 23:01:00.956   692  1226 W AppOps  : Noting op not finished: uid 10147 pkg com.google.android.gms code 113 startTime of in progress event=1761097596435
10-21 23:01:10.127   692   814 D ActivityManager: freezing 1602 com.google.android.gms
10-21 23:01:10.128   692   814 D ActivityManager: freezing 3356 com.google.android.adservices.api
10-21 23:01:14.686   692   814 D ActivityManager: freezing 2224 com.google.android.gms.unstable
10-21 23:02:25.290   692   920 D BackgroundInstallControlService: Package event received: 0
10-21 23:02:25.311   692   731 D ActivityManager: sync unfroze 3091 com.google.android.permissioncontroller for 6
10-21 23:03:05.341   692   814 D ActivityManager: freezing 3091 com.google.android.permissioncontroller
10-21 23:03:25.285   692   746 D ActivityManager: sync unfroze 8058 com.google.android.googlequicksearchbox:search for 3
10-21 23:03:25.288   692   746 D ActivityManager: sync unfroze 7432 com.google.android.googlequicksearchbox:googleapp for 10
10-21 23:03:25.289   692   920 D BackgroundInstallControlService: Package event received: 0
10-21 23:03:45.328   692   814 D ActivityManager: freezing 8058 com.google.android.googlequicksearchbox:search
10-21 23:03:45.329   692   814 D ActivityManager: freezing 7432 com.google.android.googlequicksearchbox:googleapp
10-21 23:05:30.669   692   931 E ClipboardService: Denying clipboard access to com.android.chrome, application is not in focus nor is it a system service for user 0
10-21 23:05:36.334   692   802 I UsageStatsService: User[0] Flushing usage stats to disk
10-21 23:05:36.366   692   920 D BackgroundInstallControlService: Package event received: 0
10-21 23:06:18.088   692   920 D BackgroundInstallControlService: Package event received: 0
10-21 23:06:18.088   692   920 D BackgroundInstallControlService: Package event received: 0
10-21 23:06:18.088   692   920 D BackgroundInstallControlService: Package event received: 0
10-21 23:06:18.088   692   920 D BackgroundInstallControlService: Package event received: 0
10-21 23:06:18.089   692   920 D BackgroundInstallControlService: Package event received: 0
10-21 23:06:18.089   692   920 D BackgroundInstallControlService: Package event received: 0
10-21 23:06:18.089   692   920 D BackgroundInstallControlService: Package event received: 0
10-21 23:06:18.612   692   731 W AppOps  : Noting op not finished: uid 10147 pkg com.google.android.gms code 113 startTime of in progress event=1761097596435
10-21 23:06:18.617   692   793 W AppOps  : Noting op not finished: uid 10147 pkg com.google.android.gms code 79 startTime of in progress event=1761097597272
10-21 23:06:19.616   692   793 W AppOps  : Noting op not finished: uid 10147 pkg com.google.android.gms code 113 startTime of in progress event=1761097596435
10-21 23:11:36.733   692   920 D BackgroundInstallControlService: Package event received: 0
10-21 23:11:37.268   692  1226 W AppOps  : Noting op not finished: uid 10147 pkg com.google.android.gms code 113 startTime of in progress event=1761097596435
10-21 23:11:37.278   692  1995 W AppOps  : Noting op not finished: uid 10147 pkg com.google.android.gms code 79 startTime of in progress event=1761097597272
10-21 23:11:38.270   692  1226 W AppOps  : Noting op not finished: uid 10147 pkg com.google.android.gms code 113 startTime of in progress event=1761097596435
10-21 23:15:17.623   692   756 E BluetoothPowerStatsCollector: Cannot acquire BluetoothActivityEnergyInfo
10-21 23:15:17.623   692   756 E BluetoothPowerStatsCollector: java.util.concurrent.ExecutionException: java.lang.RuntimeException: error: 11
10-21 23:15:17.623   692   756 E BluetoothPowerStatsCollector: 	at java.util.concurrent.CompletableFuture.reportGet(CompletableFuture.java:372)
10-21 23:15:17.623   692   756 E BluetoothPowerStatsCollector: 	at java.util.concurrent.CompletableFuture.get(CompletableFuture.java:2072)
10-21 23:15:17.623   692   756 E BluetoothPowerStatsCollector: 	at com.android.server.power.stats.BluetoothPowerStatsCollector.collectBluetoothActivityInfo(BluetoothPowerStatsCollector.java:192)
10-21 23:15:17.623   692   756 E BluetoothPowerStatsCollector: 	at com.android.server.power.stats.BluetoothPowerStatsCollector.collectStats(BluetoothPowerStatsCollector.java:155)
10-21 23:15:17.623   692   756 E BluetoothPowerStatsCollector: 	at com.android.server.power.stats.PowerStatsCollector.collectAndDeliverStats(PowerStatsCollector.java:176)
10-21 23:15:17.623   692   756 E BluetoothPowerStatsCollector: 	at com.android.server.power.stats.PowerStatsCollector$$ExternalSyntheticLambda0.run(R8$$SyntheticClass:0)
10-21 23:15:17.623   692   756 E BluetoothPowerStatsCollector: 	at android.os.Handler.handleCallback(Handler.java:995)
10-21 23:15:17.623   692   756 E BluetoothPowerStatsCollector: 	at android.os.Handler.dispatchMessage(Handler.java:103)
10-21 23:15:17.623   692   756 E BluetoothPowerStatsCollector: 	at android.os.Looper.loopOnce(Looper.java:248)
10-21 23:15:17.623   692   756 E BluetoothPowerStatsCollector: 	at android.os.Looper.loop(Looper.java:338)
10-21 23:15:17.623   692   756 E BluetoothPowerStatsCollector: 	at android.os.HandlerThread.run(HandlerThread.java:85)
10-21 23:15:17.623   692   756 E BluetoothPowerStatsCollector: Caused by: java.lang.RuntimeException: error: 11
10-21 23:15:17.623   692   756 E BluetoothPowerStatsCollector: 	at com.android.server.power.stats.BluetoothPowerStatsCollector$1.onBluetoothActivityEnergyInfoError(BluetoothPowerStatsCollector.java:181)
10-21 23:15:17.623   692   756 E BluetoothPowerStatsCollector: 	at android.bluetooth.BluetoothAdapter$OnBluetoothActivityEnergyInfoProxy.lambda$onBluetoothActivityEnergyInfoAvailable$0(BluetoothAdapter.java:1037)
10-21 23:15:17.623   692   756 E BluetoothPowerStatsCollector: 	at android.bluetooth.BluetoothAdapter$OnBluetoothActivityEnergyInfoProxy$$ExternalSyntheticLambda1.run(D8$$SyntheticClass:0)
10-21 23:15:17.623   692   756 E BluetoothPowerStatsCollector: 	at android.bluetooth.BluetoothUtils.lambda$executeFromBinder$0(BluetoothUtils.java:343)
10-21 23:15:17.623   692   756 E BluetoothPowerStatsCollector: 	at android.bluetooth.BluetoothUtils$$ExternalSyntheticLambda1.run(D8$$SyntheticClass:0)
10-21 23:15:17.623   692   756 E BluetoothPowerStatsCollector: 	at com.android.server.SystemServerInitThreadPool$$ExternalSyntheticLambda0.execute(R8$$SyntheticClass:0)
10-21 23:15:17.623   692   756 E BluetoothPowerStatsCollector: 	at android.bluetooth.BluetoothUtils.executeFromBinder(BluetoothUtils.java:343)
10-21 23:15:17.623   692   756 E BluetoothPowerStatsCollector: 	at android.bluetooth.BluetoothAdapter$OnBluetoothActivityEnergyInfoProxy.onBluetoothActivityEnergyInfoAvailable(BluetoothAdapter.java:1035)
10-21 23:15:17.623   692   756 E BluetoothPowerStatsCollector: 	at android.bluetooth.IBluetoothActivityEnergyInfoListener$Stub.onTransact(IBluetoothActivityEnergyInfoListener.java:98)
10-21 23:15:17.623   692   756 E BluetoothPowerStatsCollector: 	at android.os.Binder.execTransactInternal(Binder.java:1426)
10-21 23:15:17.623   692   756 E BluetoothPowerStatsCollector: 	at android.os.Binder.execTransact(Binder.java:1365)
10-21 23:16:55.939   692  2003 W AppOps  : Noting op not finished: uid 10147 pkg com.google.android.gms code 113 startTime of in progress event=1761097596435
10-21 23:16:55.944   692   793 W AppOps  : Noting op not finished: uid 10147 pkg com.google.android.gms code 79 startTime of in progress event=1761097597272
10-21 23:16:56.942   692   731 W AppOps  : Noting op not finished: uid 10147 pkg com.google.android.gms code 113 startTime of in progress event=1761097596435
10-21 23:22:14.079   692   818 D ActivityManager: sync unfroze 1602 com.google.android.gms for 6
10-21 23:22:14.083   692   818 D ActivityManager: sync unfroze 2224 com.google.android.gms.unstable for 6
10-21 23:22:14.084   692   818 D ActivityManager: sync unfroze 3356 com.google.android.adservices.api for 6
10-21 23:22:14.084   692   920 D BackgroundInstallControlService: Package event received: 0
10-21 23:22:14.123   692  2028 W ProcessStats: Tracking association SourceState{fa74e8a com.google.android.gms/10147 Service #8737} whose proc state 8 is better than process ProcessState{d9cbd57 com.google.android.adservices.api/10199 pkg=com.google.android.adservices.api} proc state 14 (35 skipped)
10-21 23:22:14.680   692  2028 W AppOps  : Noting op not finished: uid 10147 pkg com.google.android.gms code 113 startTime of in progress event=1761097596435
10-21 23:22:14.684   692  2028 W AppOps  : Noting op not finished: uid 10147 pkg com.google.android.gms code 79 startTime of in progress event=1761097597272
10-21 23:22:15.684   692   793 W AppOps  : Noting op not finished: uid 10147 pkg com.google.android.gms code 113 startTime of in progress event=1761097596435
10-21 23:22:31.175   692   814 D ActivityManager: freezing 1602 com.google.android.gms
10-21 23:22:31.177   692   814 D ActivityManager: freezing 2224 com.google.android.gms.unstable
10-21 23:22:31.177   692   814 D ActivityManager: freezing 3356 com.google.android.adservices.api
10-21 23:23:14.100   692   756 E BluetoothPowerStatsCollector: Cannot acquire BluetoothActivityEnergyInfo
10-21 23:23:14.100   692   756 E BluetoothPowerStatsCollector: java.util.concurrent.ExecutionException: java.lang.RuntimeException: error: 11
10-21 23:23:14.100   692   756 E BluetoothPowerStatsCollector: 	at java.util.concurrent.CompletableFuture.reportGet(CompletableFuture.java:372)
10-21 23:23:14.100   692   756 E BluetoothPowerStatsCollector: 	at java.util.concurrent.CompletableFuture.get(CompletableFuture.java:2072)
10-21 23:23:14.100   692   756 E BluetoothPowerStatsCollector: 	at com.android.server.power.stats.BluetoothPowerStatsCollector.collectBluetoothActivityInfo(BluetoothPowerStatsCollector.java:192)
10-21 23:23:14.100   692   756 E BluetoothPowerStatsCollector: 	at com.android.server.power.stats.BluetoothPowerStatsCollector.collectStats(BluetoothPowerStatsCollector.java:155)
10-21 23:23:14.100   692   756 E BluetoothPowerStatsCollector: 	at com.android.server.power.stats.PowerStatsCollector.collectAndDeliverStats(PowerStatsCollector.java:176)
10-21 23:23:14.100   692   756 E BluetoothPowerStatsCollector: 	at com.android.server.power.stats.PowerStatsCollector$$ExternalSyntheticLambda0.run(R8$$SyntheticClass:0)
10-21 23:23:14.100   692   756 E BluetoothPowerStatsCollector: 	at android.os.Handler.handleCallback(Handler.java:995)
10-21 23:23:14.100   692   756 E BluetoothPowerStatsCollector: 	at android.os.Handler.dispatchMessage(Handler.java:103)
10-21 23:23:14.100   692   756 E BluetoothPowerStatsCollector: 	at android.os.Looper.loopOnce(Looper.java:248)
10-21 23:23:14.100   692   756 E BluetoothPowerStatsCollector: 	at android.os.Looper.loop(Looper.java:338)
10-21 23:23:14.100   692   756 E BluetoothPowerStatsCollector: 	at android.os.HandlerThread.run(HandlerThread.java:85)
10-21 23:23:14.100   692   756 E BluetoothPowerStatsCollector: Caused by: java.lang.RuntimeException: error: 11
10-21 23:23:14.100   692   756 E BluetoothPowerStatsCollector: 	at com.android.server.power.stats.BluetoothPowerStatsCollector$1.onBluetoothActivityEnergyInfoError(BluetoothPowerStatsCollector.java:181)
10-21 23:23:14.100   692   756 E BluetoothPowerStatsCollector: 	at android.bluetooth.BluetoothAdapter$OnBluetoothActivityEnergyInfoProxy.lambda$onBluetoothActivityEnergyInfoAvailable$0(BluetoothAdapter.java:1037)
10-21 23:23:14.100   692   756 E BluetoothPowerStatsCollector: 	at android.bluetooth.BluetoothAdapter$OnBluetoothActivityEnergyInfoProxy$$ExternalSyntheticLambda1.run(D8$$SyntheticClass:0)
10-21 23:23:14.100   692   756 E BluetoothPowerStatsCollector: 	at android.bluetooth.BluetoothUtils.lambda$executeFromBinder$0(BluetoothUtils.java:343)
10-21 23:23:14.100   692   756 E BluetoothPowerStatsCollector: 	at android.bluetooth.BluetoothUtils$$ExternalSyntheticLambda1.run(D8$$SyntheticClass:0)
10-21 23:23:14.100   692   756 E BluetoothPowerStatsCollector: 	at com.android.server.SystemServerInitThreadPool$$ExternalSyntheticLambda0.execute(R8$$SyntheticClass:0)
10-21 23:23:14.100   692   756 E BluetoothPowerStatsCollector: 	at android.bluetooth.BluetoothUtils.executeFromBinder(BluetoothUtils.java:343)
10-21 23:23:14.100   692   756 E BluetoothPowerStatsCollector: 	at android.bluetooth.BluetoothAdapter$OnBluetoothActivityEnergyInfoProxy.onBluetoothActivityEnergyInfoAvailable(BluetoothAdapter.java:1035)
10-21 23:23:14.100   692   756 E BluetoothPowerStatsCollector: 	at android.bluetooth.IBluetoothActivityEnergyInfoListener$Stub.onTransact(IBluetoothActivityEnergyInfoListener.java:98)
10-21 23:23:14.100   692   756 E BluetoothPowerStatsCollector: 	at android.os.Binder.execTransactInternal(Binder.java:1426)
10-21 23:23:14.100   692   756 E BluetoothPowerStatsCollector: 	at android.os.Binder.execTransact(Binder.java:1365)
10-21 23:25:36.467   692   802 I UsageStatsService: User[0] Flushing usage stats to disk
10-21 23:25:36.494   692   920 D BackgroundInstallControlService: Package event received: 0
10-21 23:27:32.839   692   803 D ActivityManager: sync unfroze 6825 com.google.android.apps.messaging for 6
10-21 23:27:32.854   692   692 W ProcessStats: Tracking association SourceState{8097f38 system/1000 ImpBg #8754} whose proc state 6 is better than process ProcessState{e1e6b11 com.google.android.apps.messaging/10146 pkg=com.google.android.apps.messaging (sub)} proc state 14 (3 skipped)
10-21 23:27:32.855   692   920 D BackgroundInstallControlService: Package event received: 0
10-21 23:27:32.856   692   920 D BackgroundInstallControlService: Package event received: 0
10-21 23:27:32.856   692   920 D BackgroundInstallControlService: Package event received: 0
10-21 23:27:32.856   692   920 D BackgroundInstallControlService: Package event received: 0
10-21 23:27:32.856   692   920 D BackgroundInstallControlService: Package event received: 0
10-21 23:27:32.856   692   920 D BackgroundInstallControlService: Package event received: 0
10-21 23:27:32.857   692   920 D BackgroundInstallControlService: Package event received: 0
10-21 23:27:32.857   692   920 D BackgroundInstallControlService: Package event received: 0
10-21 23:27:33.099   692   793 D ActivityManager: sync unfroze 1602 com.google.android.gms for 4
10-21 23:27:33.100   692   793 D ActivityManager: sync unfroze 2224 com.google.android.gms.unstable for 4
10-21 23:27:33.102   692   793 D ActivityManager: sync unfroze 3356 com.google.android.adservices.api for 4
10-21 23:27:33.289   692   920 D BackgroundInstallControlService: Package event received: 0
10-21 23:27:33.338   692  2028 W AppOps  : Noting op not finished: uid 10147 pkg com.google.android.gms code 113 startTime of in progress event=1761097596435
10-21 23:27:33.345   692  1995 W AppOps  : Noting op not finished: uid 10147 pkg com.google.android.gms code 79 startTime of in progress event=1761097597272
10-21 23:27:34.109   692  1995 D ActivityManager: sync unfroze 1758 android.process.acore for 7
10-21 23:27:34.338   692  1995 W AppOps  : Noting op not finished: uid 10147 pkg com.google.android.gms code 113 startTime of in progress event=1761097596435
10-21 23:27:44.324   692   814 D ActivityManager: freezing 6825 com.google.android.apps.messaging
10-21 23:27:51.291   692   814 D ActivityManager: freezing 1602 com.google.android.gms
10-21 23:27:51.292   692   814 D ActivityManager: freezing 2224 com.google.android.gms.unstable
10-21 23:27:51.293   692   814 D ActivityManager: freezing 3356 com.google.android.adservices.api
10-21 23:28:10.189   692   814 D ActivityManager: freezing 1758 android.process.acore
10-21 23:28:33.115   692   756 E BluetoothPowerStatsCollector: Cannot acquire BluetoothActivityEnergyInfo
10-21 23:28:33.115   692   756 E BluetoothPowerStatsCollector: java.util.concurrent.ExecutionException: java.lang.RuntimeException: error: 11
10-21 23:28:33.115   692   756 E BluetoothPowerStatsCollector: 	at java.util.concurrent.CompletableFuture.reportGet(CompletableFuture.java:372)
10-21 23:28:33.115   692   756 E BluetoothPowerStatsCollector: 	at java.util.concurrent.CompletableFuture.get(CompletableFuture.java:2072)
10-21 23:28:33.115   692   756 E BluetoothPowerStatsCollector: 	at com.android.server.power.stats.BluetoothPowerStatsCollector.collectBluetoothActivityInfo(BluetoothPowerStatsCollector.java:192)
10-21 23:28:33.115   692   756 E BluetoothPowerStatsCollector: 	at com.android.server.power.stats.BluetoothPowerStatsCollector.collectStats(BluetoothPowerStatsCollector.java:155)
10-21 23:28:33.115   692   756 E BluetoothPowerStatsCollector: 	at com.android.server.power.stats.PowerStatsCollector.collectAndDeliverStats(PowerStatsCollector.java:176)
10-21 23:28:33.115   692   756 E BluetoothPowerStatsCollector: 	at com.android.server.power.stats.PowerStatsCollector$$ExternalSyntheticLambda0.run(R8$$SyntheticClass:0)
10-21 23:28:33.115   692   756 E BluetoothPowerStatsCollector: 	at android.os.Handler.handleCallback(Handler.java:995)
10-21 23:28:33.115   692   756 E BluetoothPowerStatsCollector: 	at android.os.Handler.dispatchMessage(Handler.java:103)
10-21 23:28:33.115   692   756 E BluetoothPowerStatsCollector: 	at android.os.Looper.loopOnce(Looper.java:248)
10-21 23:28:33.115   692   756 E BluetoothPowerStatsCollector: 	at android.os.Looper.loop(Looper.java:338)
10-21 23:28:33.115   692   756 E BluetoothPowerStatsCollector: 	at android.os.HandlerThread.run(HandlerThread.java:85)
10-21 23:28:33.115   692   756 E BluetoothPowerStatsCollector: Caused by: java.lang.RuntimeException: error: 11
10-21 23:28:33.115   692   756 E BluetoothPowerStatsCollector: 	at com.android.server.power.stats.BluetoothPowerStatsCollector$1.onBluetoothActivityEnergyInfoError(BluetoothPowerStatsCollector.java:181)
10-21 23:28:33.115   692   756 E BluetoothPowerStatsCollector: 	at android.bluetooth.BluetoothAdapter$OnBluetoothActivityEnergyInfoProxy.lambda$onBluetoothActivityEnergyInfoAvailable$0(BluetoothAdapter.java:1037)
10-21 23:28:33.115   692   756 E BluetoothPowerStatsCollector: 	at android.bluetooth.BluetoothAdapter$OnBluetoothActivityEnergyInfoProxy$$ExternalSyntheticLambda1.run(D8$$SyntheticClass:0)
10-21 23:28:33.115   692   756 E BluetoothPowerStatsCollector: 	at android.bluetooth.BluetoothUtils.lambda$executeFromBinder$0(BluetoothUtils.java:343)
10-21 23:28:33.115   692   756 E BluetoothPowerStatsCollector: 	at android.bluetooth.BluetoothUtils$$ExternalSyntheticLambda1.run(D8$$SyntheticClass:0)
10-21 23:28:33.115   692   756 E BluetoothPowerStatsCollector: 	at com.android.server.SystemServerInitThreadPool$$ExternalSyntheticLambda0.execute(R8$$SyntheticClass:0)
10-21 23:28:33.115   692   756 E BluetoothPowerStatsCollector: 	at android.bluetooth.BluetoothUtils.executeFromBinder(BluetoothUtils.java:343)
10-21 23:28:33.115   692   756 E BluetoothPowerStatsCollector: 	at android.bluetooth.BluetoothAdapter$OnBluetoothActivityEnergyInfoProxy.onBluetoothActivityEnergyInfoAvailable(BluetoothAdapter.java:1035)
10-21 23:28:33.115   692   756 E BluetoothPowerStatsCollector: 	at android.bluetooth.IBluetoothActivityEnergyInfoListener$Stub.onTransact(IBluetoothActivityEnergyInfoListener.java:98)
10-21 23:28:33.115   692   756 E BluetoothPowerStatsCollector: 	at android.os.Binder.execTransactInternal(Binder.java:1426)
10-21 23:28:33.115   692   756 E BluetoothPowerStatsCollector: 	at android.os.Binder.execTransact(Binder.java:1365)
10-21 23:32:51.461   692   920 D BackgroundInstallControlService: Package event received: 0
10-21 23:32:51.999   692  1226 W AppOps  : Noting op not finished: uid 10147 pkg com.google.android.gms code 113 startTime of in progress event=1761097596435
10-21 23:32:52.004   692  1226 W AppOps  : Noting op not finished: uid 10147 pkg com.google.android.gms code 79 startTime of in progress event=1761097597272
10-21 23:32:53.001   692  1227 W AppOps  : Noting op not finished: uid 10147 pkg com.google.android.gms code 113 startTime of in progress event=1761097596435
10-21 23:38:10.673   692  1227 W AppOps  : Noting op not finished: uid 10147 pkg com.google.android.gms code 113 startTime of in progress event=1761097596435
10-21 23:38:10.677   692  1227 W AppOps  : Noting op not finished: uid 10147 pkg com.google.android.gms code 79 startTime of in progress event=1761097597272
10-21 23:38:11.675   692  1227 W AppOps  : Noting op not finished: uid 10147 pkg com.google.android.gms code 113 startTime of in progress event=1761097596435
10-21 23:43:28.793   692   920 D BackgroundInstallControlService: Package event received: 0
10-21 23:43:29.347   692  2074 W AppOps  : Noting op not finished: uid 10147 pkg com.google.android.gms code 113 startTime of in progress event=1761097596435
10-21 23:43:29.351   692   793 W AppOps  : Noting op not finished: uid 10147 pkg com.google.android.gms code 79 startTime of in progress event=1761097597272
10-21 23:43:30.351   692  2074 W AppOps  : Noting op not finished: uid 10147 pkg com.google.android.gms code 113 startTime of in progress event=1761097596435
10-21 23:45:17.628   692   756 E BluetoothPowerStatsCollector: Cannot acquire BluetoothActivityEnergyInfo
10-21 23:45:17.628   692   756 E BluetoothPowerStatsCollector: java.util.concurrent.ExecutionException: java.lang.RuntimeException: error: 11
10-21 23:45:17.628   692   756 E BluetoothPowerStatsCollector: 	at java.util.concurrent.CompletableFuture.reportGet(CompletableFuture.java:372)
10-21 23:45:17.628   692   756 E BluetoothPowerStatsCollector: 	at java.util.concurrent.CompletableFuture.get(CompletableFuture.java:2072)
10-21 23:45:17.628   692   756 E BluetoothPowerStatsCollector: 	at com.android.server.power.stats.BluetoothPowerStatsCollector.collectBluetoothActivityInfo(BluetoothPowerStatsCollector.java:192)
10-21 23:45:17.628   692   756 E BluetoothPowerStatsCollector: 	at com.android.server.power.stats.BluetoothPowerStatsCollector.collectStats(BluetoothPowerStatsCollector.java:155)
10-21 23:45:17.628   692   756 E BluetoothPowerStatsCollector: 	at com.android.server.power.stats.PowerStatsCollector.collectAndDeliverStats(PowerStatsCollector.java:176)
10-21 23:45:17.628   692   756 E BluetoothPowerStatsCollector: 	at com.android.server.power.stats.PowerStatsCollector$$ExternalSyntheticLambda0.run(R8$$SyntheticClass:0)
10-21 23:45:17.628   692   756 E BluetoothPowerStatsCollector: 	at android.os.Handler.handleCallback(Handler.java:995)
10-21 23:45:17.628   692   756 E BluetoothPowerStatsCollector: 	at android.os.Handler.dispatchMessage(Handler.java:103)
10-21 23:45:17.628   692   756 E BluetoothPowerStatsCollector: 	at android.os.Looper.loopOnce(Looper.java:248)
10-21 23:45:17.628   692   756 E BluetoothPowerStatsCollector: 	at android.os.Looper.loop(Looper.java:338)
10-21 23:45:17.628   692   756 E BluetoothPowerStatsCollector: 	at android.os.HandlerThread.run(HandlerThread.java:85)
10-21 23:45:17.628   692   756 E BluetoothPowerStatsCollector: Caused by: java.lang.RuntimeException: error: 11
10-21 23:45:17.628   692   756 E BluetoothPowerStatsCollector: 	at com.android.server.power.stats.BluetoothPowerStatsCollector$1.onBluetoothActivityEnergyInfoError(BluetoothPowerStatsCollector.java:181)
10-21 23:45:17.628   692   756 E BluetoothPowerStatsCollector: 	at android.bluetooth.BluetoothAdapter$OnBluetoothActivityEnergyInfoProxy.lambda$onBluetoothActivityEnergyInfoAvailable$0(BluetoothAdapter.java:1037)
10-21 23:45:17.628   692   756 E BluetoothPowerStatsCollector: 	at android.bluetooth.BluetoothAdapter$OnBluetoothActivityEnergyInfoProxy$$ExternalSyntheticLambda1.run(D8$$SyntheticClass:0)
10-21 23:45:17.628   692   756 E BluetoothPowerStatsCollector: 	at android.bluetooth.BluetoothUtils.lambda$executeFromBinder$0(BluetoothUtils.java:343)
10-21 23:45:17.628   692   756 E BluetoothPowerStatsCollector: 	at android.bluetooth.BluetoothUtils$$ExternalSyntheticLambda1.run(D8$$SyntheticClass:0)
10-21 23:45:17.628   692   756 E BluetoothPowerStatsCollector: 	at com.android.server.SystemServerInitThreadPool$$ExternalSyntheticLambda0.execute(R8$$SyntheticClass:0)
10-21 23:45:17.628   692   756 E BluetoothPowerStatsCollector: 	at android.bluetooth.BluetoothUtils.executeFromBinder(BluetoothUtils.java:343)
10-21 23:45:17.628   692   756 E BluetoothPowerStatsCollector: 	at android.bluetooth.BluetoothAdapter$OnBluetoothActivityEnergyInfoProxy.onBluetoothActivityEnergyInfoAvailable(BluetoothAdapter.java:1035)
10-21 23:45:17.628   692   756 E BluetoothPowerStatsCollector: 	at android.bluetooth.IBluetoothActivityEnergyInfoListener$Stub.onTransact(IBluetoothActivityEnergyInfoListener.java:98)
10-21 23:45:17.628   692   756 E BluetoothPowerStatsCollector: 	at android.os.Binder.execTransactInternal(Binder.java:1426)
10-21 23:45:17.628   692   756 E BluetoothPowerStatsCollector: 	at android.os.Binder.execTransact(Binder.java:1365)
10-21 23:45:36.593   692   802 I UsageStatsService: User[0] Flushing usage stats to disk
10-21 23:45:36.616   692   920 D BackgroundInstallControlService: Package event received: 0
10-21 23:48:47.496   692   803 D ActivityManager: sync unfroze 3356 com.google.android.adservices.api for 6
10-21 23:48:47.514   692   803 W JobServiceContext: Sending onNetworkChanged for a job that isn't started. JobStatus{b35616b #u0a199/19 com.google.android.adservices.api/com.android.adservices.spe.AdServicesJobService u=0 s=10199 TIME=-3m10s148ms:+56m49s852ms NET BATNOTLOW PERIODIC PERSISTED READY}
10-21 23:48:47.514   692   803 W JobServiceContext: Sending onNetworkChanged for a job that isn't started. JobStatus{a407562 #u0a199/24 com.google.android.adservices.api/com.android.adservices.service.measurement.reporting.VerboseDebugReportingFallbackJobService u=0 s=10199 TIME=-3m10s149ms:+56m49s851ms NET PERIODIC PERSISTED READY}
10-21 23:48:47.514   692   803 W JobServiceContext: Sending onNetworkChanged for a job that isn't started. JobStatus{61a3a9d #u0a199/25 com.google.android.adservices.api/com.android.adservices.service.measurement.reporting.DebugReportingFallbackJobService u=0 s=10199 TIME=-3m10s149ms:+56m49s851ms NET PERIODIC PERSISTED READY}
10-21 23:48:47.515   692   803 W JobServiceContext: Sending onNetworkChanged for a job that isn't started. JobStatus{1797a3f #u0a199/7 com.google.android.adservices.api/com.android.adservices.service.measurement.reporting.AggregateReportingJobService u=0 s=10199 TIME=-3m10s149ms:+56m49s851ms NET BATNOTLOW PERIODIC PERSISTED READY}
10-21 23:48:47.515   692   692 W ProcessStats: Tracking association SourceState{ebe3a01 system/1000 ImpBg #8830} whose proc state 6 is better than process ProcessState{d9cbd57 com.google.android.adservices.api/10199 pkg=com.google.android.adservices.api} proc state 14 (21 skipped)
10-21 23:48:47.516   692   920 D BackgroundInstallControlService: Package event received: 0
10-21 23:48:47.516   692   920 D BackgroundInstallControlService: Package event received: 0
10-21 23:48:47.516   692   920 D BackgroundInstallControlService: Package event received: 0
10-21 23:48:47.516   692   920 D BackgroundInstallControlService: Package event received: 0
10-21 23:48:47.516   692   920 D BackgroundInstallControlService: Package event received: 0
10-21 23:48:47.516   692   920 D BackgroundInstallControlService: Package event received: 0
10-21 23:48:47.516   692   920 D BackgroundInstallControlService: Package event received: 0
10-21 23:48:47.516   692   920 D BackgroundInstallControlService: Package event received: 0
10-21 23:48:48.001   692   731 W AppOps  : Noting op not finished: uid 10147 pkg com.google.android.gms code 113 startTime of in progress event=1761097596435
10-21 23:48:48.005   692  1226 W AppOps  : Noting op not finished: uid 10147 pkg com.google.android.gms code 79 startTime of in progress event=1761097597272
10-21 23:48:49.004   692   731 W AppOps  : Noting op not finished: uid 10147 pkg com.google.android.gms code 113 startTime of in progress event=1761097596435
10-21 23:48:57.591   692   814 D ActivityManager: freezing 3356 com.google.android.adservices.api
10-21 23:50:56.265   692   803 D ActivityManager: sync unfroze 5813 com.google.android.partnersetup for 6
10-21 23:50:56.273   261   265 W vold    : There is no valid blk device path for data partition
10-21 23:50:56.273   692  8662 W StorageManagerService: Failed to get storage write record
10-21 23:50:56.273   692  8662 I SmartStorageMaintIdler: Got smart storage maintenance service completion callback
10-21 23:50:56.277   692   692 W ProcessStats: Tracking association SourceState{e85ba50 system/1000 ImpBg #8861} whose proc state 6 is better than process ProcessState{794e449 com.google.android.partnersetup/10140 pkg=com.google.android.partnersetup (sub)} proc state 14 (33 skipped)
10-21 23:50:56.322   692   793 W JobScheduler: Job didn't exist in JobStore: 2957b5b #u0a140/4096 com.google.android.partnersetup/.InstalledAppJobService
10-21 23:51:06.381   692   814 D ActivityManager: freezing 5813 com.google.android.partnersetup
10-21 23:51:56.268   692   756 E BluetoothPowerStatsCollector: Cannot acquire BluetoothActivityEnergyInfo
10-21 23:51:56.268   692   756 E BluetoothPowerStatsCollector: java.util.concurrent.ExecutionException: java.lang.RuntimeException: error: 11
10-21 23:51:56.268   692   756 E BluetoothPowerStatsCollector: 	at java.util.concurrent.CompletableFuture.reportGet(CompletableFuture.java:372)
10-21 23:51:56.268   692   756 E BluetoothPowerStatsCollector: 	at java.util.concurrent.CompletableFuture.get(CompletableFuture.java:2072)
10-21 23:51:56.268   692   756 E BluetoothPowerStatsCollector: 	at com.android.server.power.stats.BluetoothPowerStatsCollector.collectBluetoothActivityInfo(BluetoothPowerStatsCollector.java:192)
10-21 23:51:56.268   692   756 E BluetoothPowerStatsCollector: 	at com.android.server.power.stats.BluetoothPowerStatsCollector.collectStats(BluetoothPowerStatsCollector.java:155)
10-21 23:51:56.268   692   756 E BluetoothPowerStatsCollector: 	at com.android.server.power.stats.PowerStatsCollector.collectAndDeliverStats(PowerStatsCollector.java:176)
10-21 23:51:56.268   692   756 E BluetoothPowerStatsCollector: 	at com.android.server.power.stats.PowerStatsCollector$$ExternalSyntheticLambda0.run(R8$$SyntheticClass:0)
10-21 23:51:56.268   692   756 E BluetoothPowerStatsCollector: 	at android.os.Handler.handleCallback(Handler.java:995)
10-21 23:51:56.268   692   756 E BluetoothPowerStatsCollector: 	at android.os.Handler.dispatchMessage(Handler.java:103)
10-21 23:51:56.268   692   756 E BluetoothPowerStatsCollector: 	at android.os.Looper.loopOnce(Looper.java:248)
10-21 23:51:56.268   692   756 E BluetoothPowerStatsCollector: 	at android.os.Looper.loop(Looper.java:338)
10-21 23:51:56.268   692   756 E BluetoothPowerStatsCollector: 	at android.os.HandlerThread.run(HandlerThread.java:85)
10-21 23:51:56.268   692   756 E BluetoothPowerStatsCollector: Caused by: java.lang.RuntimeException: error: 11
10-21 23:51:56.268   692   756 E BluetoothPowerStatsCollector: 	at com.android.server.power.stats.BluetoothPowerStatsCollector$1.onBluetoothActivityEnergyInfoError(BluetoothPowerStatsCollector.java:181)
10-21 23:51:56.268   692   756 E BluetoothPowerStatsCollector: 	at android.bluetooth.BluetoothAdapter$OnBluetoothActivityEnergyInfoProxy.lambda$onBluetoothActivityEnergyInfoAvailable$0(BluetoothAdapter.java:1037)
10-21 23:51:56.268   692   756 E BluetoothPowerStatsCollector: 	at android.bluetooth.BluetoothAdapter$OnBluetoothActivityEnergyInfoProxy$$ExternalSyntheticLambda1.run(D8$$SyntheticClass:0)
10-21 23:51:56.268   692   756 E BluetoothPowerStatsCollector: 	at android.bluetooth.BluetoothUtils.lambda$executeFromBinder$0(BluetoothUtils.java:343)
10-21 23:51:56.268   692   756 E BluetoothPowerStatsCollector: 	at android.bluetooth.BluetoothUtils$$ExternalSyntheticLambda1.run(D8$$SyntheticClass:0)
10-21 23:51:56.268   692   756 E BluetoothPowerStatsCollector: 	at com.android.server.SystemServerInitThreadPool$$ExternalSyntheticLambda0.execute(R8$$SyntheticClass:0)
10-21 23:51:56.268   692   756 E BluetoothPowerStatsCollector: 	at android.bluetooth.BluetoothUtils.executeFromBinder(BluetoothUtils.java:343)
10-21 23:51:56.268   692   756 E BluetoothPowerStatsCollector: 	at android.bluetooth.BluetoothAdapter$OnBluetoothActivityEnergyInfoProxy.onBluetoothActivityEnergyInfoAvailable(BluetoothAdapter.java:1035)
10-21 23:51:56.268   692   756 E BluetoothPowerStatsCollector: 	at android.bluetooth.IBluetoothActivityEnergyInfoListener$Stub.onTransact(IBluetoothActivityEnergyInfoListener.java:98)
10-21 23:51:56.268   692   756 E BluetoothPowerStatsCollector: 	at android.os.Binder.execTransactInternal(Binder.java:1426)
10-21 23:51:56.268   692   756 E BluetoothPowerStatsCollector: 	at android.os.Binder.execTransact(Binder.java:1365)
10-21 23:54:06.117   692   920 D BackgroundInstallControlService: Package event received: 0
10-21 23:54:06.659   692  2028 W AppOps  : Noting op not finished: uid 10147 pkg com.google.android.gms code 113 startTime of in progress event=1761097596435
10-21 23:54:06.664   692  1674 W AppOps  : Noting op not finished: uid 10147 pkg com.google.android.gms code 79 startTime of in progress event=1761097597272
10-21 23:54:07.661   692  1184 W AppOps  : Noting op not finished: uid 10147 pkg com.google.android.gms code 113 startTime of in progress event=1761097596435
10-21 23:59:24.821   692   803 D ActivityManager: sync unfroze 6094 com.google.android.apps.photos for 6
10-21 23:59:24.833   692   793 W ProcessStats: Tracking association SourceState{49d9a46 system/1000 ImpBg #8891} whose proc state 6 is better than process ProcessState{4403407 com.google.android.apps.photos/10169 pkg=com.google.android.apps.photos (sub)} proc state 14 (1 skipped)
10-21 23:59:25.313   692  1184 W AppOps  : Noting op not finished: uid 10147 pkg com.google.android.gms code 113 startTime of in progress event=1761097596435
10-21 23:59:25.321   692   793 W AppOps  : Noting op not finished: uid 10147 pkg com.google.android.gms code 79 startTime of in progress event=1761097597272
10-21 23:59:26.316   692  2028 W AppOps  : Noting op not finished: uid 10147 pkg com.google.android.gms code 113 startTime of in progress event=1761097596435
10-21 23:59:34.901   692   814 D ActivityManager: freezing 6094 com.google.android.apps.photos
10-22 00:00:00.006   692   746 D ActivityManager: sync unfroze 1196 com.android.settings for 3
10-22 00:00:00.008   692   746 D ActivityManager: sync unfroze 4393 com.android.keychain for 10
10-22 00:00:00.017   692   818 D ActivityManager: sync unfroze 1602 com.google.android.gms for 6
10-22 00:00:00.033   692   818 D ActivityManager: sync unfroze 3356 com.google.android.adservices.api for 6
10-22 00:00:00.041   692   818 D ActivityManager: sync unfroze 2224 com.google.android.gms.unstable for 6
10-22 00:00:00.050   692   756 E BluetoothPowerStatsCollector: Cannot acquire BluetoothActivityEnergyInfo
10-22 00:00:00.050   692   756 E BluetoothPowerStatsCollector: java.util.concurrent.ExecutionException: java.lang.RuntimeException: error: 11
10-22 00:00:00.050   692   756 E BluetoothPowerStatsCollector: 	at java.util.concurrent.CompletableFuture.reportGet(CompletableFuture.java:372)
10-22 00:00:00.050   692   756 E BluetoothPowerStatsCollector: 	at java.util.concurrent.CompletableFuture.get(CompletableFuture.java:2072)
10-22 00:00:00.050   692   756 E BluetoothPowerStatsCollector: 	at com.android.server.power.stats.BluetoothPowerStatsCollector.collectBluetoothActivityInfo(BluetoothPowerStatsCollector.java:192)
10-22 00:00:00.050   692   756 E BluetoothPowerStatsCollector: 	at com.android.server.power.stats.BluetoothPowerStatsCollector.collectStats(BluetoothPowerStatsCollector.java:155)
10-22 00:00:00.050   692   756 E BluetoothPowerStatsCollector: 	at com.android.server.power.stats.PowerStatsCollector.collectAndDeliverStats(PowerStatsCollector.java:176)
10-22 00:00:00.050   692   756 E BluetoothPowerStatsCollector: 	at com.android.server.power.stats.PowerStatsCollector$$ExternalSyntheticLambda0.run(R8$$SyntheticClass:0)
10-22 00:00:00.050   692   756 E BluetoothPowerStatsCollector: 	at android.os.Handler.handleCallback(Handler.java:995)
10-22 00:00:00.050   692   756 E BluetoothPowerStatsCollector: 	at android.os.Handler.dispatchMessage(Handler.java:103)
10-22 00:00:00.050   692   756 E BluetoothPowerStatsCollector: 	at android.os.Looper.loopOnce(Looper.java:248)
10-22 00:00:00.050   692   756 E BluetoothPowerStatsCollector: 	at android.os.Looper.loop(Looper.java:338)
10-22 00:00:00.050   692   756 E BluetoothPowerStatsCollector: 	at android.os.HandlerThread.run(HandlerThread.java:85)
10-22 00:00:00.050   692   756 E BluetoothPowerStatsCollector: Caused by: java.lang.RuntimeException: error: 11
10-22 00:00:00.050   692   756 E BluetoothPowerStatsCollector: 	at com.android.server.power.stats.BluetoothPowerStatsCollector$1.onBluetoothActivityEnergyInfoError(BluetoothPowerStatsCollector.java:181)
10-22 00:00:00.050   692   756 E BluetoothPowerStatsCollector: 	at android.bluetooth.BluetoothAdapter$OnBluetoothActivityEnergyInfoProxy.lambda$onBluetoothActivityEnergyInfoAvailable$0(BluetoothAdapter.java:1037)
10-22 00:00:00.050   692   756 E BluetoothPowerStatsCollector: 	at android.bluetooth.BluetoothAdapter$OnBluetoothActivityEnergyInfoProxy$$ExternalSyntheticLambda1.run(D8$$SyntheticClass:0)
